Component: ARM Compiler 5.06 update 7 (build 960) Tool: armlink [4d3601]

==============================================================================

Section Cross References

    startup_stm32f407xx.o(STACK) refers (Special) to heapauxi.o(.text) for __use_two_region_memory
    startup_stm32f407xx.o(HEAP) refers (Special) to heapauxi.o(.text) for __use_two_region_memory
    startup_stm32f407xx.o(RESET) refers (Special) to heapauxi.o(.text) for __use_two_region_memory
    startup_stm32f407xx.o(RESET) refers to startup_stm32f407xx.o(STACK) for __initial_sp
    startup_stm32f407xx.o(RESET) refers to startup_stm32f407xx.o(.text) for Reset_Handler
    startup_stm32f407xx.o(RESET) refers to stm32f4xx_it.o(i.NMI_Handler) for NMI_Handler
    startup_stm32f407xx.o(RESET) refers to stm32f4xx_it.o(i.HardFault_Handler) for HardFault_Handler
    startup_stm32f407xx.o(RESET) refers to stm32f4xx_it.o(i.MemManage_Handler) for MemManage_Handler
    startup_stm32f407xx.o(RESET) refers to stm32f4xx_it.o(i.BusFault_Handler) for BusFault_Handler
    startup_stm32f407xx.o(RESET) refers to stm32f4xx_it.o(i.UsageFault_Handler) for UsageFault_Handler
    startup_stm32f407xx.o(RESET) refers to stm32f4xx_it.o(i.SVC_Handler) for SVC_Handler
    startup_stm32f407xx.o(RESET) refers to stm32f4xx_it.o(i.DebugMon_Handler) for DebugMon_Handler
    startup_stm32f407xx.o(RESET) refers to stm32f4xx_it.o(i.PendSV_Handler) for PendSV_Handler
    startup_stm32f407xx.o(RESET) refers to stm32f4xx_it.o(i.SysTick_Handler) for SysTick_Handler
    startup_stm32f407xx.o(RESET) refers to stm32f4xx_it.o(i.TIM1_BRK_TIM9_IRQHandler) for TIM1_BRK_TIM9_IRQHandler
    startup_stm32f407xx.o(RESET) refers to stm32f4xx_it.o(i.TIM2_IRQHandler) for TIM2_IRQHandler
    startup_stm32f407xx.o(RESET) refers to stm32f4xx_it.o(i.TIM3_IRQHandler) for TIM3_IRQHandler
    startup_stm32f407xx.o(RESET) refers to stm32f4xx_it.o(i.USART1_IRQHandler) for USART1_IRQHandler
    startup_stm32f407xx.o(RESET) refers to stm32f4xx_it.o(i.USART2_IRQHandler) for USART2_IRQHandler
    startup_stm32f407xx.o(RESET) refers to stm32f4xx_it.o(i.USART3_IRQHandler) for USART3_IRQHandler
    startup_stm32f407xx.o(RESET) refers to stm32f4xx_it.o(i.TIM8_BRK_TIM12_IRQHandler) for TIM8_BRK_TIM12_IRQHandler
    startup_stm32f407xx.o(RESET) refers to stm32f4xx_it.o(i.TIM8_UP_TIM13_IRQHandler) for TIM8_UP_TIM13_IRQHandler
    startup_stm32f407xx.o(.text) refers (Special) to heapauxi.o(.text) for __use_two_region_memory
    startup_stm32f407xx.o(.text) refers to system_stm32f4xx.o(i.SystemInit) for SystemInit
    startup_stm32f407xx.o(.text) refers to __main.o(!!!main) for __main
    startup_stm32f407xx.o(.text) refers to startup_stm32f407xx.o(HEAP) for Heap_Mem
    startup_stm32f407xx.o(.text) refers to startup_stm32f407xx.o(STACK) for Stack_Mem
    main.o(i.SystemClock_Config) refers to rt_memclr_w.o(.text) for __aeabi_memclr4
    main.o(i.SystemClock_Config) refers to stm32f4xx_hal_rcc.o(i.HAL_RCC_OscConfig) for HAL_RCC_OscConfig
    main.o(i.SystemClock_Config) refers to stm32f4xx_hal_rcc.o(i.HAL_RCC_ClockConfig) for HAL_RCC_ClockConfig
    main.o(i.main) refers to stm32f4xx_hal.o(i.HAL_Init) for HAL_Init
    main.o(i.main) refers to main.o(i.SystemClock_Config) for SystemClock_Config
    main.o(i.main) refers to gpio.o(i.MX_GPIO_Init) for MX_GPIO_Init
    main.o(i.main) refers to i2c.o(i.MX_I2C1_Init) for MX_I2C1_Init
    main.o(i.main) refers to i2c.o(i.MX_I2C3_Init) for MX_I2C3_Init
    main.o(i.main) refers to tim.o(i.MX_TIM2_Init) for MX_TIM2_Init
    main.o(i.main) refers to tim.o(i.MX_TIM3_Init) for MX_TIM3_Init
    main.o(i.main) refers to tim.o(i.MX_TIM4_Init) for MX_TIM4_Init
    main.o(i.main) refers to tim.o(i.MX_TIM5_Init) for MX_TIM5_Init
    main.o(i.main) refers to usart.o(i.MX_USART1_UART_Init) for MX_USART1_UART_Init
    main.o(i.main) refers to usart.o(i.MX_USART2_UART_Init) for MX_USART2_UART_Init
    main.o(i.main) refers to usart.o(i.MX_USART3_UART_Init) for MX_USART3_UART_Init
    main.o(i.main) refers to usart.o(i.MX_USART6_UART_Init) for MX_USART6_UART_Init
    main.o(i.main) refers to tim.o(i.MX_TIM8_Init) for MX_TIM8_Init
    main.o(i.main) refers to tim.o(i.MX_TIM9_Init) for MX_TIM9_Init
    main.o(i.main) refers to mpu6050.o(i.MPU_Init) for MPU_Init
    main.o(i.main) refers to oled.o(i.OLED_Init) for OLED_Init
    main.o(i.main) refers to stm32f4xx_hal_uart.o(i.HAL_UART_Receive_IT) for HAL_UART_Receive_IT
    main.o(i.main) refers to stm32f4xx_hal_tim.o(i.HAL_TIM_Base_Start_IT) for HAL_TIM_Base_Start_IT
    main.o(i.main) refers to stm32f4xx_hal_tim.o(i.HAL_TIM_PWM_Start) for HAL_TIM_PWM_Start
    main.o(i.main) refers to stm32f4xx_hal_tim.o(i.HAL_TIM_Encoder_Start) for HAL_TIM_Encoder_Start
    main.o(i.main) refers to oled.o(i.OLED_Clear) for OLED_Clear
    main.o(i.main) refers to stm32f4xx_hal.o(i.HAL_Delay) for HAL_Delay
    main.o(i.main) refers to imu_fliter.o(i.Angle_get) for Angle_get
[...]
    Stack_Mem                                0x20000b20   Data        1024  startup_stm32f407xx.o(STACK)
    __initial_sp                             0x20000f20   Data           0  startup_stm32f407xx.o(STACK)

    Global Symbols

    Symbol Name                              Value     Ov Type        Size  Object(Section)

    BuildAttributes$$THM_ISAv4$E$P$D$K$B$S$7EM$VFPi3$EXTD16$VFPS$VFMA$PE$A:L22UL41UL21$X:L11$S22US41US21$IEEE1$IW$USESV6$~STKCKD$USESV7$~SHL$OTIME$ROPI$IEEEX$EBA8$UX$STANDARDLIB$REQ8$PRES8$EABIv2 0x00000000   Number         0  anon$$obj.o ABSOLUTE
    __ARM_use_no_argv                        0x00000000   Number         0  main.o ABSOLUTE
    __ARM_exceptions_init                     - Undefined Weak Reference
    __alloca_initialize                       - Undefined Weak Reference
    __arm_fini_                               - Undefined Weak Reference
    __arm_preinit_                            - Undefined Weak Reference
    __cpp_initialize__aeabi_                  - Undefined Weak Reference
    __cxa_finalize                            - Undefined Weak Reference
    __rt_locale                               - Undefined Weak Reference
    __sigvec_lookup                           - Undefined Weak Reference
    _atexit_init                              - Undefined Weak Reference
    _call_atexit_fns                          - Undefined Weak Reference
    _clock_init                               - Undefined Weak Reference
    _fp_trap_init                             - Undefined Weak Reference
    _fp_trap_shutdown                         - Undefined Weak Reference
    _get_lc_collate                           - Undefined Weak Reference
    _get_lc_ctype                             - Undefined Weak Reference
    _get_lc_monetary                          - Undefined Weak Reference
    _get_lc_numeric                           - Undefined Weak Reference
    _get_lc_time                              - Undefined Weak Reference
    _getenv_init                              - Undefined Weak Reference
    _handle_redirection                       - Undefined Weak Reference
    _init_alloc                               - Undefined Weak Reference
    _init_user_alloc                          - Undefined Weak Reference
    _initio                                   - Undefined Weak Reference
    _rand_init                                - Undefined Weak Reference
    _signal_finish                            - Undefined Weak Reference
    _signal_init                              - Undefined Weak Reference
    _terminate_alloc                          - Undefined Weak Reference
    _terminate_user_alloc                     - Undefined Weak Reference
    _terminateio                              - Undefined Weak Reference
    __Vectors_Size                           0x00000188   Number         0  startup_stm32f407xx.o ABSOLUTE
    __Vectors                                0x08000000   Data           4  startup_stm32f407xx.o(RESET)
    __Vectors_End                            0x08000188   Data           0  startup_stm32f407xx.o(RESET)
    __main                                   0x08000189   Thumb Code     8  __main.o(!!!main)
    __scatterload                            0x08000191   Thumb Code     0  __scatter.o(!!!scatter)
    __scatterload_rt2                        0x08000191   Thumb Code    44  __scatter.o(!!!scatter)
    __scatterload_rt2_thumb_only             0x08000191   Thumb Code     0  __scatter.o(!!!scatter)
    __scatterload_null                       0x0800019f   Thumb Code     0  __scatter.o(!!!scatter)
    __decompress                             0x080001c5   Thumb Code    58  __dczerorl.o(!!dczerorl)
    __decompress0                            0x080001c5   Thumb Code     0  __dczerorl.o(!!dczerorl)
    __scatterload_zeroinit                   0x08000201   Thumb Code    28  __scatter_zi.o(!!handler_zi)
    __rt_lib_init                            0x0800021d   Thumb Code     0  libinit.o(.ARM.Collect$$libinit$$00000000)
    __rt_lib_init_fp_1                       0x0800021f   Thumb Code     0  libinit2.o(.ARM.Collect$$libinit$$00000001)
    __rt_lib_init_alloca_1                   0x08000223   Thumb Code     0  libinit2.o(.ARM.Collect$$libinit$$0000002E)
    __rt_lib_init_argv_1                     0x08000223   Thumb Code     0  libinit2.o(.ARM.Collect$$libinit$$0000002C)
    __rt_lib_init_atexit_1                   0x08000223   Thumb Code     0  libinit2.o(.ARM.Collect$$libinit$$0000001B)
    __rt_lib_init_clock_1                    0x08000223   Thumb Code     0  libinit2.o(.ARM.Collect$$libinit$$00000021)
    __rt_lib_init_cpp_1                      0x08000223   Thumb Code     0  libinit2.o(.ARM.Collect$$libinit$$00000032)
    __rt_lib_init_exceptions_1               0x08000223   Thumb Code     0  libinit2.o(.ARM.Collect$$libinit$$00000030)
    __rt_lib_init_fp_trap_1                  0x08000223   Thumb Code     0  libinit2.o(.ARM.Collect$$libinit$$0000001F)
    __rt_lib_init_getenv_1                   0x08000223   Thumb Code     0  libinit2.o(.ARM.Collect$$libinit$$00000023)
    __rt_lib_init_heap_1                     0x08000223   Thumb Code     0  libinit2.o(.ARM.Collect$$libinit$$0000000A)
    __rt_lib_init_lc_collate_1               0x08000223   Thumb Code     0  libinit2.o(.ARM.Collect$$libinit$$00000011)
    __rt_lib_init_lc_ctype_1                 0x08000223   Thumb Code     0  libinit2.o(.ARM.Collect$$libinit$$00000013)
    __rt_lib_init_lc_monetary_1              0x08000223   Thumb Code     0  libinit2.o(.ARM.Collect$$libinit$$00000015)
    __rt_lib_init_lc_numeric_1               0x08000223   Thumb Code     0  libinit2.o(.ARM.Collect$$libinit$$00000017)
    __rt_lib_init_lc_time_1                  0x08000223   Thumb Code     0  libinit2.o(.ARM.Collect$$libinit$$00000019)
    __rt_lib_init_preinit_1                  0x08000223   Thumb Code     0  libinit2.o(.ARM.Collect$$libinit$$00000004)
    __rt_lib_init_rand_1                     0x08000223   Thumb Code     0  libinit2.o(.ARM.Collect$$libinit$$0000000E)
    __rt_lib_init_return                     0x08000223   Thumb Code     0  libinit2.o(.ARM.Collect$$libinit$$00000033)
    __rt_lib_init_signal_1                   0x08000223   Thumb Code     0  libinit2.o(.ARM.Collect$$libinit$$0000001D)
    __rt_lib_init_stdio_1                    0x08000223   Thumb Code     0  libinit2.o(.ARM.Collect$$libinit$$00000025)
    __rt_lib_init_user_alloc_1               0x08000223   Thumb Code     0  libinit2.o(.ARM.Collect$$libinit$$0000000C)
    __rt_lib_shutdown                        0x08000225   Thumb Code     0  libshutdown.o(.ARM.Collect$$libshutdown$$00000000)
    __rt_lib_shutdown_cpp_1                  0x08000227   Thumb Code     0  libshutdown2.o(.ARM.Collect$$libshutdown$$00000004)
    __rt_lib_shutdown_fini_1                 0x08000227   Thumb Code     0  libshutdown2.o(.ARM.Collect$$libshutdown$$00000002)
    __rt_lib_shutdown_fp_trap_1              0x08000227   Thumb Code     0  libshutdown2.o(.ARM.Collect$$libshutdown$$00000009)
    __rt_lib_shutdown_heap_1                 0x08000227   Thumb Code     0  libshutdown2.o(.ARM.Collect$$libshutdown$$00000011)
    __rt_lib_shutdown_return                 0x08000227   Thumb Code     0  libshutdown2.o(.ARM.Collect$$libshutdown$$00000012)
    __rt_lib_shutdown_signal_1               0x08000227   Thumb Code     0  libshutdown2.o(.ARM.Collect$$libshutdown$$0000000C)
    __rt_lib_shutdown_stdio_1                0x08000227   Thumb Code     0  libshutdown2.o(.ARM.Collect$$libshutdown$$00000006)
    __rt_lib_shutdown_user_alloc_1           0x08000227   Thumb Code     0  libshutdown2.o(.ARM.Collect$$libshutdown$$0000000E)
    __rt_entry                               0x08000229   Thumb Code     0  __rtentry.o(.ARM.Collect$$rtentry$$00000000)
    __rt_entry_presh_1                       0x08000229   Thumb Code     0  __rtentry2.o(.ARM.Collect$$rtentry$$00000002)
    __rt_entry_sh                            0x08000229   Thumb Code     0  __rtentry4.o(.ARM.Collect$$rtentry$$00000004)
    __rt_entry_li                            0x0800022f   Thumb Code     0  __rtentry2.o(.ARM.Collect$$rtentry$$0000000A)
    __rt_entry_postsh_1                      0x0800022f   Thumb Code     0  __rtentry2.o(.ARM.Collect$$rtentry$$00000009)
    __rt_entry_main                          0x08000233   Thumb Code     0  __rtentry2.o(.ARM.Collect$$rtentry$$0000000D)
    __rt_entry_postli_1                      0x08000233   Thumb Code     0  __rtentry2.o(.ARM.Collect$$rtentry$$0000000C)
    __rt_exit                                0x0800023b   Thumb Code     0  rtexit.o(.ARM.Collect$$rtexit$$00000000)
    __rt_exit_ls                             0x0800023d   Thumb Code     0  rtexit2.o(.ARM.Collect$$rtexit$$00000003)
    __rt_exit_prels_1                        0x0800023d   Thumb Code     0  rtexit2.o(.ARM.Collect$$rtexit$$00000002)
    __rt_exit_exit                           0x08000241   Thumb Code     0  rtexit2.o(.ARM.Collect$$rtexit$$00000004)
    Reset_Handler                            0x08000249   Thumb Code     8  startup_stm32f407xx.o(.text)
    ADC_IRQHandler                           0x08000263   Thumb Code     0  startup_stm32f407xx.o(.text)
    CAN1_RX0_IRQHandler                      0x08000263   Thumb Code     0  startup_stm32f407xx.o(.text)
    CAN1_RX1_IRQHandler                      0x08000263   Thumb Code     0  startup_stm32f407xx.o(.text)
    CAN1_SCE_IRQHandler                      0x08000263   Thumb Code     0  startup_stm32f407xx.o(.text)
    CAN1_TX_IRQHandler                       0x08000263   Thumb Code     0  startup_stm32f407xx.o(.text)
    CAN2_RX0_IRQHandler                      0x08000263   Thumb Code     0  startup_stm32f407xx.o(.text)
    CAN2_RX1_IRQHandler                      0x08000263   Thumb Code     0  startup_stm32f407xx.o(.text)
    CAN2_SCE_IRQHandler                      0x08000263   Thumb Code     0  startup_stm32f407xx.o(.text)
    CAN2_TX_IRQHandler                       0x08000263   Thumb Code     0  startup_stm32f407xx.o(.text)
    DCMI_IRQHandler                          0x08000263   Thumb Code     0  startup_stm32f407xx.o(.text)
    DMA1_Stream0_IRQHandler                  0x08000263   Thumb Code     0  startup_stm32f407xx.o(.text)
    DMA1_Stream1_IRQHandler                  0x08000263   Thumb Code     0  startup_stm32f407xx.o(.text)
    DMA1_Stream2_IRQHandler                  0x08000263   Thumb Code     0  startup_stm32f407xx.o(.text)
    DMA1_Stream3_IRQHandler                  0x08000263   Thumb Code     0  startup_stm32f407xx.o(.text)
    DMA1_Stream4_IRQHandler                  0x08000263   Thumb Code     0  startup_stm32f407xx.o(.text)
    DMA1_Stream5_IRQHandler                  0x08000263   Thumb Code     0  startup_stm32f407xx.o(.text)
    DMA1_Stream6_IRQHandler                  0x08000263   Thumb Code     0  startup_stm32f407xx.o(.text)
    DMA1_Stream7_IRQHandler                  0x08000263   Thumb Code     0  startup_stm32f407xx.o(.text)
    DMA2_Stream0_IRQHandler                  0x08000263   Thumb Code     0  startup_stm32f407xx.o(.text)
    DMA2_Stream1_IRQHandler                  0x08000263   Thumb Code     0  startup_stm32f407xx.o(.text)
    DMA2_Stream2_IRQHandler                  0x08000263   Thumb Code     0  startup_stm32f407xx.o(.text)
    DMA2_Stream3_IRQHandler                  0x08000263   Thumb Code     0  startup_stm32f407xx.o(.text)
    DMA2_Stream4_IRQHandler                  0x08000263   Thumb Code     0  startup_stm32f407xx.o(.text)
    DMA2_Stream5_IRQHandler                  0x08000263   Thumb Code     0  startup_stm32f407xx.o(.text)
    DMA2_Stream6_IRQHandler                  0x08000263   Thumb Code     0  startup_stm32f407xx.o(.text)
    DMA2_Stream7_IRQHandler                  0x08000263   Thumb Code     0  startup_stm32f407xx.o(.text)
    ETH_IRQHandler                           0x08000263   Thumb Code     0  startup_stm32f407xx.o(.text)
    ETH_WKUP_IRQHandler                      0x08000263   Thumb Code     0  startup_stm32f407xx.o(.text)
    EXTI0_IRQHandler                         0x08000263   Thumb Code     0  startup_stm32f407xx.o(.text)
    EXTI15_10_IRQHandler                     0x08000263   Thumb Code     0  startup_stm32f407xx.o(.text)
    EXTI1_IRQHandler                         0x08000263   Thumb Code     0  startup_stm32f407xx.o(.text)
    EXTI2_IRQHandler                         0x08000263   Thumb Code     0  startup_stm32f407xx.o(.text)
    EXTI3_IRQHandler                         0x08000263   Thumb Code     0  startup_stm32f407xx.o(.text)
    EXTI4_IRQHandler                         0x08000263   Thumb Code     0  startup_stm32f407xx.o(.text)
    EXTI9_5_IRQHandler                       0x08000263   Thumb Code     0  startup_stm32f407xx.o(.text)
    FLASH_IRQHandler                         0x08000263   Thumb Code     0  startup_stm32f407xx.o(.text)
    FMC_IRQHandler                           0x08000263   Thumb Code     0  startup_stm32f407xx.o(.text)
    FPU_IRQHandler                           0x08000263   Thumb Code     0  startup_stm32f407xx.o(.text)
    HASH_RNG_IRQHandler                      0x08000263   Thumb Code     0  startup_stm32f407xx.o(.text)
    I2C1_ER_IRQHandler                       0x08000263   Thumb Code     0  startup_stm32f407xx.o(.text)
    I2C1_EV_IRQHandler                       0x08000263   Thumb Code     0  startup_stm32f407xx.o(.text)
    I2C2_ER_IRQHandler                       0x08000263   Thumb Code     0  startup_stm32f407xx.o(.text)
    I2C2_EV_IRQHandler                       0x08000263   Thumb Code     0  startup_stm32f407xx.o(.text)
    I2C3_ER_IRQHandler                       0x08000263   Thumb Code     0  startup_stm32f407xx.o(.text)
    I2C3_EV_IRQHandler                       0x08000263   Thumb Code     0  startup_stm32f407xx.o(.text)
    OTG_FS_IRQHandler                        0x08000263   Thumb Code     0  startup_stm32f407xx.o(.text)
    OTG_FS_WKUP_IRQHandler                   0x08000263   Thumb Code     0  startup_stm32f407xx.o(.text)
    OTG_HS_EP1_IN_IRQHandler                 0x08000263   Thumb Code     0  startup_stm32f407xx.o(.text)
    OTG_HS_EP1_OUT_IRQHandler                0x08000263   Thumb Code     0  startup_stm32f407xx.o(.text)
    OTG_HS_IRQHandler                        0x08000263   Thumb Code     0  startup_stm32f407xx.o(.text)
    OTG_HS_WKUP_IRQHandler                   0x08000263   Thumb Code     0  startup_stm32f407xx.o(.text)
    PVD_IRQHandler                           0x08000263   Thumb Code     0  startup_stm32f407xx.o(.text)
    RCC_IRQHandler                           0x08000263   Thumb Code     0  startup_stm32f407xx.o(.text)
    RTC_Alarm_IRQHandler                     0x08000263   Thumb Code     0  startup_stm32f407xx.o(.text)
    RTC_WKUP_IRQHandler                      0x08000263   Thumb Code     0  startup_stm32f407xx.o(.text)
    SDIO_IRQHandler                          0x08000263   Thumb Code     0  startup_stm32f407xx.o(.text)
    SPI1_IRQHandler                          0x08000263   Thumb Code     0  startup_stm32f407xx.o(.text)
    SPI2_IRQHandler                          0x08000263   Thumb Code     0  startup_stm32f407xx.o(.text)
    SPI3_IRQHandler                          0x08000263   Thumb Code     0  startup_stm32f407xx.o(.text)
    TAMP_STAMP_IRQHandler                    0x08000263   Thumb Code     0  startup_stm32f407xx.o(.text)
    TIM1_CC_IRQHandler                       0x08000263   Thumb Code     0  startup_stm32f407xx.o(.text)
    TIM1_TRG_COM_TIM11_IRQHandler            0x08000263   Thumb Code     0  startup_stm32f407xx.o(.text)
    TIM1_UP_TIM10_IRQHandler                 0x08000263   Thumb Code     0  startup_stm32f407xx.o(.text)
    TIM4_IRQHandler                          0x08000263   Thumb Code     0  startup_stm32f407xx.o(.text)
    TIM5_IRQHandler                          0x08000263   Thumb Code     0  startup_stm32f407xx.o(.text)
    TIM6_DAC_IRQHandler                      0x08000263   Thumb Code     0  startup_stm32f407xx.o(.text)
    TIM7_IRQHandler                          0x08000263   Thumb Code     0  startup_stm32f407xx.o(.text)
    TIM8_CC_IRQHandler                       0x08000263   Thumb Code     0  startup_stm32f407xx.o(.text)
    TIM8_TRG_COM_TIM14_IRQHandler            0x08000263   Thumb Code     0  startup_stm32f407xx.o(.text)
    UART4_IRQHandler                         0x08000263   Thumb Code     0  startup_stm32f407xx.o(.text)
    UART5_IRQHandler                         0x08000263   Thumb Code     0  startup_stm32f407xx.o(.text)
    USART6_IRQHandler                        0x08000263   Thumb Code     0  startup_stm32f407xx.o(.text)
    WWDG_IRQHandler                          0x08000263   Thumb Code     0  startup_stm32f407xx.o(.text)
    __user_initial_stackheap                 0x08000265   Thumb Code     0  startup_stm32f407xx.o(.text)
    __aeabi_uldivmod                         0x08000289   Thumb Code     0  lludivv7m.o(.text)
    _ll_udiv                                 0x08000289   Thumb Code   238  lludivv7m.o(.text)
    __aeabi_memclr                           0x08000377   Thumb Code     0  rt_memclr.o(.text)
    __rt_memclr                              0x08000377   Thumb Code    68  rt_memclr.o(.text)
    _memset                                  0x0800037b   Thumb Code     0  rt_memclr.o(.text)
    __aeabi_memclr4                          0x080003bb   Thumb Code     0  rt_memclr_w.o(.text)
    __aeabi_memclr8                          0x080003bb   Thumb Code     0  rt_memclr_w.o(.text)
    __rt_memclr_w                            0x080003bb   Thumb Code    78  rt_memclr_w.o(.text)
    _memset_w                                0x080003bf   Thumb Code     0  rt_memclr_w.o(.text)
    __use_two_region_memory                  0x08000409   Thumb Code     2  heapauxi.o(.text)
    __rt_heap_escrow$2region                 0x0800040b   Thumb Code     2  heapauxi.o(.text)
    __rt_heap_expand$2region                 0x0800040d   Thumb Code     2  heapauxi.o(.text)
    __read_errno                             0x0800040f   Thumb Code    10  _rserrno.o(.text)
    __set_errno                              0x08000419   Thumb Code    12  _rserrno.o(.text)
    __aeabi_errno_addr                       0x08000425   Thumb Code     8  rt_errno_addr_intlibspace.o(.text)
    __errno$intlibspace                      0x08000425   Thumb Code     0  rt_errno_addr_intlibspace.o(.text)
    __rt_errno_addr$intlibspace              0x08000425   Thumb Code     0  rt_errno_addr_intlibspace.o(.text)
    __user_libspace                          0x0800042d   Thumb Code     8  libspace.o(.text)
    __user_perproc_libspace                  0x0800042d   Thumb Code     0  libspace.o(.text)
    __user_perthread_libspace                0x0800042d   Thumb Code     0  libspace.o(.text)
    __user_setup_stackheap                   0x08000435   Thumb Code    74  sys_stackheap_outer.o(.text)
    exit                                     0x0800047f   Thumb Code    18  exit.o(.text)
    _sys_exit                                0x08000491   Thumb Code     8  sys_exit.o(.text)
    __I$use$semihosting                      0x0800049d   Thumb Code     0  use_no_semi.o(.text)
    __use_no_semihosting_swi                 0x0800049d   Thumb Code     2  use_no_semi.o(.text)
    __semihosting_library_function           0x0800049f   Thumb Code     0  indicate_semi.o(.text)
    Angle_get                                0x080004a1   Thumb Code   368  imu_fliter.o(i.Angle_get)
    Back                                     0x08000629   Thumb Code    28  l298n.o(i.Back)
    BusFault_Handler                         0x08000649   Thumb Code     2  stm32f4xx_it.o(i.BusFault_Handler)
    DebugMon_Handler                         0x0800064b   Thumb Code     2  stm32f4xx_it.o(i.DebugMon_Handler)
    Error_Handler                            0x0800064d   Thumb Code     4  main.o(i.Error_Handler)
    Float_to_Byte                            0x08000651   Thumb Code    20  vofa.o(i.Float_to_Byte)
    Forward                                  0x08000665   Thumb Code    28  l298n.o(i.Forward)
    GetImuMsg                                0x08000685   Thumb Code    28  imu_fliter.o(i.GetImuMsg)
    HAL_DMA_Abort                            0x080006a5   Thumb Code   146  stm32f4xx_hal_dma.o(i.HAL_DMA_Abort)
    HAL_DMA_Abort_IT                         0x08000737   Thumb Code    36  stm32f4xx_hal_dma.o(i.HAL_DMA_Abort_IT)
    HAL_Delay                                0x0800075d   Thumb Code    32  stm32f4xx_hal.o(i.HAL_Delay)
    HAL_GPIO_Init                            0x08000781   Thumb Code   450  stm32f4xx_hal_gpio.o(i.HAL_GPIO_Init)
    HAL_GPIO_ReadPin                         0x08000971   Thumb Code    10  stm32f4xx_hal_gpio.o(i.HAL_GPIO_ReadPin)
    HAL_GPIO_WritePin                        0x0800097b   Thumb Code    10  stm32f4xx_hal_gpio.o(i.HAL_GPIO_WritePin)
    HAL_GetTick                              0x08000985   Thumb Code     6  stm32f4xx_hal.o(i.HAL_GetTick)
    HAL_I2C_Init                             0x08000991   Thumb Code   376  stm32f4xx_hal_i2c.o(i.HAL_I2C_Init)
    HAL_I2C_Mem_Write                        0x08000b19   Thumb Code   294  stm32f4xx_hal_i2c.o(i.HAL_I2C_Mem_Write)
    HAL_I2C_MspInit                          0x08000c49   Thumb Code   208  i2c.o(i.HAL_I2C_MspInit)
    HAL_IncTick                              0x08000d31   Thumb Code    12  stm32f4xx_hal.o(i.HAL_IncTick)
    HAL_Init                                 0x08000d41   Thumb Code    48  stm32f4xx_hal.o(i.HAL_Init)
    HAL_InitTick                             0x08000d75   Thumb Code    54  stm32f4xx_hal.o(i.HAL_InitTick)
    HAL_MspInit                              0x08000db5   Thumb Code    42  stm32f4xx_hal_msp.o(i.HAL_MspInit)
    HAL_NVIC_EnableIRQ                       0x08000de5   Thumb Code    26  stm32f4xx_hal_cortex.o(i.HAL_NVIC_EnableIRQ)
    HAL_NVIC_SetPriority                     0x08000e01   Thumb Code    60  stm32f4xx_hal_cortex.o(i.HAL_NVIC_SetPriority)
    HAL_NVIC_SetPriorityGrouping             0x08000e41   Thumb Code    26  stm32f4xx_hal_cortex.o(i.HAL_NVIC_SetPriorityGrouping)
    HAL_RCC_ClockConfig                      0x08000e65   Thumb Code   288  stm32f4xx_hal_rcc.o(i.HAL_RCC_ClockConfig)
    HAL_RCC_GetPCLK1Freq                     0x08000f99   Thumb Code    20  stm32f4xx_hal_rcc.o(i.HAL_RCC_GetPCLK1Freq)
    HAL_RCC_GetPCLK2Freq                     0x08000fb9   Thumb Code    20  stm32f4xx_hal_rcc.o(i.HAL_RCC_GetPCLK2Freq)
    HAL_RCC_GetSysClockFreq                  0x08000fd9   Thumb Code    88  stm32f4xx_hal_rcc.o(i.HAL_RCC_GetSysClockFreq)
    HAL_RCC_OscConfig                        0x08001039   Thumb Code   856  stm32f4xx_hal_rcc.o(i.HAL_RCC_OscConfig)
    HAL_SYSTICK_Config                       0x080013a5   Thumb Code    40  stm32f4xx_hal_cortex.o(i.HAL_SYSTICK_Config)
    HAL_TIMEx_BreakCallback                  0x080013cd   Thumb Code     2  stm32f4xx_hal_tim_ex.o(i.HAL_TIMEx_BreakCallback)
    HAL_TIMEx_CommutCallback                 0x080013cf   Thumb Code     2  stm32f4xx_hal_tim_ex.o(i.HAL_TIMEx_CommutCallback)
    HAL_TIMEx_MasterConfigSynchronization    0x080013d1   Thumb Code   116  stm32f4xx_hal_tim_ex.o(i.HAL_TIMEx_MasterConfigSynchronization)
    HAL_TIM_Base_Init                        0x08001461   Thumb Code    90  stm32f4xx_hal_tim.o(i.HAL_TIM_Base_Init)
    HAL_TIM_Base_MspInit                     0x080014bd   Thumb Code   178  tim.o(i.HAL_TIM_Base_MspInit)
    HAL_TIM_Base_Start                       0x08001581   Thumb Code    90  stm32f4xx_hal_tim.o(i.HAL_TIM_Base_Start)
    HAL_TIM_Base_Start_IT                    0x080015f9   Thumb Code   100  stm32f4xx_hal_tim.o(i.HAL_TIM_Base_Start_IT)
    HAL_TIM_Base_Stop                        0x08001679   Thumb Code    38  stm32f4xx_hal_tim.o(i.HAL_TIM_Base_Stop)
    HAL_TIM_ConfigClockSource                0x0800169f   Thumb Code   220  stm32f4xx_hal_tim.o(i.HAL_TIM_ConfigClockSource)
    HAL_TIM_Encoder_Init                     0x0800177b   Thumb Code   164  stm32f4xx_hal_tim.o(i.HAL_TIM_Encoder_Init)
    HAL_TIM_Encoder_MspInit                  0x08001821   Thumb Code   142  tim.o(i.HAL_TIM_Encoder_MspInit)
    HAL_TIM_Encoder_Start                    0x080018c5   Thumb Code   142  stm32f4xx_hal_tim.o(i.HAL_TIM_Encoder_Start)
    HAL_TIM_IC_CaptureCallback               0x08001953   Thumb Code     2  stm32f4xx_hal_tim.o(i.HAL_TIM_IC_CaptureCallback)
    HAL_TIM_IRQHandler                       0x08001955   Thumb Code   304  stm32f4xx_hal_tim.o(i.HAL_TIM_IRQHandler)
    HAL_TIM_MspPostInit                      0x08001a85   Thumb Code    68  tim.o(i.HAL_TIM_MspPostInit)
    HAL_TIM_OC_DelayElapsedCallback          0x08001ad5   Thumb Code     2  stm32f4xx_hal_tim.o(i.HAL_TIM_OC_DelayElapsedCallback)
    HAL_TIM_PWM_ConfigChannel                0x08001ad7   Thumb Code   204  stm32f4xx_hal_tim.o(i.HAL_TIM_PWM_ConfigChannel)
    HAL_TIM_PWM_Init                         0x08001ba3   Thumb Code    90  stm32f4xx_hal_tim.o(i.HAL_TIM_PWM_Init)
    HAL_TIM_PWM_MspInit                      0x08001bfd   Thumb Code     2  stm32f4xx_hal_tim.o(i.HAL_TIM_PWM_MspInit)
    HAL_TIM_PWM_PulseFinishedCallback        0x08001bff   Thumb Code     2  stm32f4xx_hal_tim.o(i.HAL_TIM_PWM_PulseFinishedCallback)
    HAL_TIM_PWM_Start                        0x08001c01   Thumb Code   172  stm32f4xx_hal_tim.o(i.HAL_TIM_PWM_Start)
    HAL_TIM_PeriodElapsedCallback            0x08001cc9   Thumb Code   458  interrupt.o(i.HAL_TIM_PeriodElapsedCallback)
    HAL_TIM_TriggerCallback                  0x08001f11   Thumb Code     2  stm32f4xx_hal_tim.o(i.HAL_TIM_TriggerCallback)
    HAL_UARTEx_RxEventCallback               0x08001f13   Thumb Code     2  stm32f4xx_hal_uart.o(i.HAL_UARTEx_RxEventCallback)
    HAL_UART_ErrorCallback                   0x08001f15   Thumb Code     2  stm32f4xx_hal_uart.o(i.HAL_UART_ErrorCallback)
    HAL_UART_GetState                        0x08001f17   Thumb Code    10  stm32f4xx_hal_uart.o(i.HAL_UART_GetState)
    HAL_UART_IRQHandler                      0x08001f21   Thumb Code   618  stm32f4xx_hal_uart.o(i.HAL_UART_IRQHandler)
    HAL_UART_Init                            0x08002191   Thumb Code   100  stm32f4xx_hal_uart.o(i.HAL_UART_Init)
    HAL_UART_MspInit                         0x080021f5   Thumb Code   326  usart.o(i.HAL_UART_MspInit)
    HAL_UART_Receive_IT                      0x08002361   Thumb Code    28  stm32f4xx_hal_uart.o(i.HAL_UART_Receive_IT)
    HAL_UART_RxCpltCallback                  0x0800237d   Thumb Code   632  interrupt.o(i.HAL_UART_RxCpltCallback)
    HAL_UART_Transmit                        0x08002625   Thumb Code   160  stm32f4xx_hal_uart.o(i.HAL_UART_Transmit)
    HAL_UART_TxCpltCallback                  0x080026c5   Thumb Code     2  stm32f4xx_hal_uart.o(i.HAL_UART_TxCpltCallback)
    HardFault_Handler                        0x080026c7   Thumb Code     2  stm32f4xx_it.o(i.HardFault_Handler)
    IMUFliter                                0x0800299d   Thumb Code   394  imu_fliter.o(i.IMUFliter)
    IMU_AHRSupdate_noMagnetic                0x08002b39   Thumb Code   402  imu_fliter.o(i.IMU_AHRSupdate_noMagnetic)
    Left                                     0x08002cd9   Thumb Code    28  l298n.o(i.Left)
    Left_RElight                             0x08002cf9   Thumb Code    48  l298n.o(i.Left_RElight)
    Left_light                               0x08002d2d   Thumb Code    28  l298n.o(i.Left_light)
    Line_Detection                           0x08002d4d   Thumb Code   436  l298n.o(i.Line_Detection)
    MPU_Get_Accelerometer                    0x08002f1d   Thumb Code    50  mpu6050.o(i.MPU_Get_Accelerometer)
    MPU_Get_Gyroscope                        0x08002f4f   Thumb Code    50  mpu6050.o(i.MPU_Get_Gyroscope)
    MPU_Get_Temperature                      0x08002f81   Thumb Code    78  mpu6050.o(i.MPU_Get_Temperature)
    MPU_IIC_Ack                              0x08002fe5   Thumb Code    82  mpuiic.o(i.MPU_IIC_Ack)
    MPU_IIC_Init                             0x08003041   Thumb Code    96  mpuiic.o(i.MPU_IIC_Init)
    MPU_IIC_NAck                             0x080030ad   Thumb Code    58  mpuiic.o(i.MPU_IIC_NAck)
    MPU_IIC_Read_Byte                        0x080030f1   Thumb Code   104  mpuiic.o(i.MPU_IIC_Read_Byte)
    MPU_IIC_Send_Byte                        0x08003161   Thumb Code    98  mpuiic.o(i.MPU_IIC_Send_Byte)
    MPU_IIC_Start                            0x080031cd   Thumb Code    74  mpuiic.o(i.MPU_IIC_Start)
    MPU_IIC_Stop                             0x08003221   Thumb Code    60  mpuiic.o(i.MPU_IIC_Stop)
    MPU_IIC_Wait_Ack                         0x08003265   Thumb Code   104  mpuiic.o(i.MPU_IIC_Wait_Ack)
    MPU_Init                                 0x080032d5   Thumb Code   128  mpu6050.o(i.MPU_Init)
    MPU_Read_Byte                            0x08003359   Thumb Code    58  mpu6050.o(i.MPU_Read_Byte)
    MPU_Read_Len                             0x08003395   Thumb Code   108  mpu6050.o(i.MPU_Read_Len)
    MPU_Set_Accel_Fsr                        0x08003401   Thumb Code    10  mpu6050.o(i.MPU_Set_Accel_Fsr)
    MPU_Set_Gyro_Fsr                         0x0800340b   Thumb Code    10  mpu6050.o(i.MPU_Set_Gyro_Fsr)
    MPU_Set_LPF                              0x08003415   Thumb Code    48  mpu6050.o(i.MPU_Set_LPF)
    MPU_Set_Rate                             0x08003445   Thumb Code    46  mpu6050.o(i.MPU_Set_Rate)
    MPU_Write_Byte                           0x08003473   Thumb Code    60  mpu6050.o(i.MPU_Write_Byte)
    MX_GPIO_Init                             0x080034b1   Thumb Code   300  gpio.o(i.MX_GPIO_Init)
    MX_I2C1_Init                             0x080035f1   Thumb Code    50  i2c.o(i.MX_I2C1_Init)
    MX_I2C3_Init                             0x08003631   Thumb Code    50  i2c.o(i.MX_I2C3_Init)
    MX_TIM2_Init                             0x08003671   Thumb Code    96  tim.o(i.MX_TIM2_Init)
    MX_TIM3_Init                             0x080036d5   Thumb Code   160  tim.o(i.MX_TIM3_Init)
    MX_TIM4_Init                             0x0800377d   Thumb Code    98  tim.o(i.MX_TIM4_Init)
    MX_TIM5_Init                             0x080037e9   Thumb Code    98  tim.o(i.MX_TIM5_Init)
    MX_TIM8_Init                             0x08003855   Thumb Code    96  tim.o(i.MX_TIM8_Init)
    MX_TIM9_Init                             0x080038bd   Thumb Code    66  tim.o(i.MX_TIM9_Init)
    MX_USART1_UART_Init                      0x08003909   Thumb Code    48  usart.o(i.MX_USART1_UART_Init)
    MX_USART2_UART_Init                      0x08003941   Thumb Code    48  usart.o(i.MX_USART2_UART_Init)
    MX_USART3_UART_Init                      0x08003979   Thumb Code    48  usart.o(i.MX_USART3_UART_Init)
    MX_USART6_UART_Init                      0x080039b1   Thumb Code    48  usart.o(i.MX_USART6_UART_Init)
    MemManage_Handler                        0x080039e9   Thumb Code     2  stm32f4xx_it.o(i.MemManage_Handler)
    NMI_Handler                              0x080039eb   Thumb Code     2  stm32f4xx_it.o(i.NMI_Handler)
    OLED_Clear                               0x080039ed   Thumb Code    52  oled.o(i.OLED_Clear)
    OLED_Init                                0x08003a21   Thumb Code    16  oled.o(i.OLED_Init)
    OLED_Set_Pos                             0x08003a31   Thumb Code    34  oled.o(i.OLED_Set_Pos)
    OLED_ShowChar                            0x08003a55   Thumb Code   126  oled.o(i.OLED_ShowChar)
    OLED_ShowNum                             0x08003add   Thumb Code   106  oled.o(i.OLED_ShowNum)
    OLED_WR_CMD                              0x08003b49   Thumb Code    32  oled.o(i.OLED_WR_CMD)
    OLED_WR_DATA                             0x08003b6d   Thumb Code    32  oled.o(i.OLED_WR_DATA)
    PendSV_Handler                           0x08003b91   Thumb Code     2  stm32f4xx_it.o(i.PendSV_Handler)
    Reset                                    0x08003b95   Thumb Code    48  l298n.o(i.Reset)
    Restart                                  0x08003bc9   Thumb Code    48  l298n.o(i.Restart)
    Right                                    0x08003bfd   Thumb Code    28  l298n.o(i.Right)
    SVC_Handler                              0x08003c1d   Thumb Code     2  stm32f4xx_it.o(i.SVC_Handler)
    Send_Data                                0x08003c1f   Thumb Code   110  vofa.o(i.Send_Data)
    Send_Tail                                0x08003c8d   Thumb Code   106  vofa.o(i.Send_Tail)
    SysTick_Handler                          0x08003cfd   Thumb Code     4  stm32f4xx_it.o(i.SysTick_Handler)
    SystemClock_Config                       0x08003d01   Thumb Code   142  main.o(i.SystemClock_Config)
    SystemInit                               0x08003d99   Thumb Code    12  system_stm32f4xx.o(i.SystemInit)
    TIM1_BRK_TIM9_IRQHandler                 0x08003da9   Thumb Code     6  stm32f4xx_it.o(i.TIM1_BRK_TIM9_IRQHandler)
    TIM2_IRQHandler                          0x08003db5   Thumb Code     6  stm32f4xx_it.o(i.TIM2_IRQHandler)
    TIM3_IRQHandler                          0x08003dc1   Thumb Code     6  stm32f4xx_it.o(i.TIM3_IRQHandler)
    TIM8_BRK_TIM12_IRQHandler                0x08003dcd   Thumb Code     6  stm32f4xx_it.o(i.TIM8_BRK_TIM12_IRQHandler)
    TIM8_UP_TIM13_IRQHandler                 0x08003dd9   Thumb Code     6  stm32f4xx_it.o(i.TIM8_UP_TIM13_IRQHandler)
    TIM_Base_SetConfig                       0x08003de5   Thumb Code   170  stm32f4xx_hal_tim.o(i.TIM_Base_SetConfig)
    TIM_CCxChannelCmd                        0x08003ebd   Thumb Code    26  stm32f4xx_hal_tim.o(i.TIM_CCxChannelCmd)
    TIM_ETR_SetConfig                        0x08003ed7   Thumb Code    20  stm32f4xx_hal_tim.o(i.TIM_ETR_SetConfig)
    TIM_OC2_SetConfig                        0x08003f5d   Thumb Code    98  stm32f4xx_hal_tim.o(i.TIM_OC2_SetConfig)
    UART_Start_Receive_IT                    0x080042f5   Thumb Code    54  stm32f4xx_hal_uart.o(i.UART_Start_Receive_IT)
    USART1_IRQHandler                        0x0800439d   Thumb Code     6  stm32f4xx_it.o(i.USART1_IRQHandler)
    USART2_IRQHandler                        0x080043a9   Thumb Code     6  stm32f4xx_it.o(i.USART2_IRQHandler)
    USART3_IRQHandler                        0x080043b5   Thumb Code     6  stm32f4xx_it.o(i.USART3_IRQHandler)
    UsageFault_Handler                       0x080043c1   Thumb Code     2  stm32f4xx_it.o(i.UsageFault_Handler)
    WriteCmd                                 0x080043c5   Thumb Code    42  oled.o(i.WriteCmd)
    X_PID_V_value                            0x080043f9   Thumb Code   120  pid.o(i.X_PID_V_value)
    __ARM_fpclassify                         0x08004491   Thumb Code    48  fpclassify.o(i.__ARM_fpclassify)
    __hardfp_asin                            0x080044e1   Thumb Code   770  asin.o(i.__hardfp_asin)
    __hardfp_atan                            0x08004841   Thumb Code   622  atan.o(i.__hardfp_atan)
    __hardfp_atan2                           0x08004b19   Thumb Code   448  atan2.o(i.__hardfp_atan2)
    __kernel_poly                            0x08004d19   Thumb Code   248  poly.o(i.__kernel_poly)
    __mathlib_dbl_infnan                     0x08004e11   Thumb Code    20  dunder.o(i.__mathlib_dbl_infnan)
    __mathlib_dbl_infnan2                    0x08004e25   Thumb Code    20  dunder.o(i.__mathlib_dbl_infnan2)
    __mathlib_dbl_invalid                    0x08004e39   Thumb Code    24  dunder.o(i.__mathlib_dbl_invalid)
    __mathlib_dbl_underflow                  0x08004e59   Thumb Code    24  dunder.o(i.__mathlib_dbl_underflow)
    atan                                     0x08004e79   Thumb Code    16  atan.o(i.atan)
    delaynus_tim                             0x08004e89   Thumb Code    44  delay.o(i.delaynus_tim)
    fabs                                     0x08004eb9   Thumb Code    24  fabs.o(i.fabs)
    invSqrt                                  0x08004ed1   Thumb Code    40  imu_fliter.o(i.invSqrt)
    main                                     0x08004efd   Thumb Code  2144  main.o(i.main)
    move_wasd                                0x08005799   Thumb Code   630  l298n.o(i.move_wasd)
    oled_pow                                 0x08005a49   Thumb Code    16  oled.o(i.oled_pow)
    sqrt                                     0x08005a59   Thumb Code   110  sqrt.o(i.sqrt)
    vodka_JustFloat_send                     0x08005ac9   Thumb Code   110  vofa.o(i.vodka_JustFloat_send)
    zhuanquan                                0x08005b59   Thumb Code    28  l298n.o(i.zhuanquan)
    __aeabi_dneg                             0x08005b79   Thumb Code     0  basic.o(x$fpl$basic)
    _dneg                                    0x08005b79   Thumb Code     6  basic.o(x$fpl$basic)
    __aeabi_fneg                             0x08005b7f   Thumb Code     0  basic.o(x$fpl$basic)
    _fneg                                    0x08005b7f   Thumb Code     6  basic.o(x$fpl$basic)
    _dabs                                    0x08005b85   Thumb Code     6  basic.o(x$fpl$basic)
    _fabs                                    0x08005b8b   Thumb Code     6  basic.o(x$fpl$basic)
    __aeabi_d2f                              0x08005b91   Thumb Code     0  d2f.o(x$fpl$d2f)
    _d2f                                     0x08005b91   Thumb Code    98  d2f.o(x$fpl$d2f)
    __aeabi_dadd                             0x08005bf5   Thumb Code     0  daddsub_clz.o(x$fpl$dadd)
    _dadd                                    0x08005bf5   Thumb Code   332  daddsub_clz.o(x$fpl$dadd)
    __fpl_dcmp_Inf                           0x08005d45   Thumb Code    24  dcmpi.o(x$fpl$dcmpinf)
    __aeabi_ddiv                             0x08005d5d   Thumb Code     0  ddiv.o(x$fpl$ddiv)
    _ddiv                                    0x08005d5d   Thumb Code   552  ddiv.o(x$fpl$ddiv)
    __aeabi_cdcmpeq                          0x0800600d   Thumb Code     0  deqf.o(x$fpl$deqf)
    _dcmpeq                                  0x0800600d   Thumb Code   120  deqf.o(x$fpl$deqf)
    __aeabi_d2uiz                            0x08006085   Thumb Code     0  dfixu.o(x$fpl$dfixu)
    _dfixu                                   0x08006085   Thumb Code    90  dfixu.o(x$fpl$dfixu)
    __aeabi_i2d                              0x080060df   Thumb Code     0  dflt_clz.o(x$fpl$dflt)
    _dflt                                    0x080060df   Thumb Code    46  dflt_clz.o(x$fpl$dflt)
    __aeabi_dmul                             0x0800610d   Thumb Code     0  dmul.o(x$fpl$dmul)
    _dmul                                    0x0800610d   Thumb Code   332  dmul.o(x$fpl$dmul)
    __fpl_dnaninf                            0x08006261   Thumb Code   156  dnaninf.o(x$fpl$dnaninf)
    __fpl_dretinf                            0x080062fd   Thumb Code    12  dretinf.o(x$fpl$dretinf)
    __aeabi_drsub                            0x08006309   Thumb Code     0  daddsub_clz.o(x$fpl$drsb)
    _drsb                                    0x08006309   Thumb Code    22  daddsub_clz.o(x$fpl$drsb)
    _dsqrt                                   0x08006321   Thumb Code   404  dsqrt_umaal.o(x$fpl$dsqrt)
    __aeabi_dsub                             0x080064b9   Thumb Code     0  daddsub_clz.o(x$fpl$dsub)
    _dsub                                    0x080064b9   Thumb Code   464  daddsub_clz.o(x$fpl$dsub)
    __aeabi_f2d                              0x0800668d   Thumb Code     0  f2d.o(x$fpl$f2d)
    _f2d                                     0x0800668d   Thumb Code    86  f2d.o(x$fpl$f2d)
    __fpl_fnaninf                            0x080066e3   Thumb Code   140  fnaninf.o(x$fpl$fnaninf)
    _fp_init                                 0x0800676f   Thumb Code    10  fpinit.o(x$fpl$fpinit)
    __fplib_config_fpu_vfp                   0x08006777   Thumb Code     0  fpinit.o(x$fpl$fpinit)
    __fplib_config_pureend_doubles           0x08006777   Thumb Code     0  fpinit.o(x$fpl$fpinit)
    __fpl_fretinf                            0x08006779   Thumb Code    10  fretinf.o(x$fpl$fretinf)
    AHBPrescTable                            0x08006782   Data          16  system_stm32f4xx.o(.constdata)
    __I$use$fp                               0x08006782   Number         0  usenofp.o(x$fpl$usenofp)
    APBPrescTable                            0x08006792   Data           8  system_stm32f4xx.o(.constdata)
    F6x8                                     0x0800679a   Data         552  oled.o(.constdata)
    F8X16                                    0x080069c2   Data        1504  oled.o(.constdata)
    Hzk                                      0x08006fa2   Data        5888  oled.o(.constdata)
    BMP                                      0x080086a2   Data        2048  oled.o(.constdata)
    __mathlib_zero                           0x08008f90   Data           8  qnan.o(.constdata)
    Region$$Table$$Base                      0x08008f98   Number         0  anon$$obj.o(Region$$Table)
    Region$$Table$$Limit                     0x08008fb8   Number         0  anon$$obj.o(Region$$Table)
    data                                     0x20000000   Data           1  main.o(.data)
    liucheng                                 0x20000004   Data           4  main.o(.data)
    stop_flag                                0x20000008   Data           4  main.o(.data)
    mubiao1_flag                             0x2000000c   Data           4  main.o(.data)
    temperature                              0x20000010   Data           4  main.o(.data)
    Turn_angle                               0x20000014   Data           4  main.o(.data)
    road_flag                                0x20000018   Data           4  main.o(.data)
    move_flag                                0x2000001c   Data           4  main.o(.data)
    road                                     0x20000020   Data           4  main.o(.data)
    counter_flag                             0x20000024   Data           4  main.o(.data)
    mubiao                                   0x20000028   Data           4  main.o(.data)
    mubiao1                                  0x2000002c   Data           4  main.o(.data)
    dir                                      0x20000030   Data           4  main.o(.data)
    dir1                                     0x20000034   Data           4  main.o(.data)
    mubiao_flag                              0x20000038   Data           4  main.o(.data)
    mubiao_BF                                0x2000003c   Data           4  main.o(.data)
    mubiao_x                                 0x20000040   Data           4  main.o(.data)
    time                                     0x20000044   Data           4  main.o(.data)
    dir_buff                                 0x20000048   Data           4  main.o(.data)
    turn_flag                                0x2000004c   Data           4  main.o(.data)
    counter                                  0x20000050   Data           4  main.o(.data)
    uwTickFreq                               0x20000054   Data           1  stm32f4xx_hal.o(.data)
    uwTickPrio                               0x20000058   Data           4  stm32f4xx_hal.o(.data)
    uwTick                                   0x2000005c   Data           4  stm32f4xx_hal.o(.data)
    SystemCoreClock                          0x20000060   Data           4  system_stm32f4xx.o(.data)
    aacx                                     0x20000064   Data           2  imu_fliter.o(.data)
    aacy                                     0x20000066   Data           2  imu_fliter.o(.data)
    aacz                                     0x20000068   Data           2  imu_fliter.o(.data)
    gyrox                                    0x2000006a   Data           2  imu_fliter.o(.data)
    gyroy                                    0x2000006c   Data           2  imu_fliter.o(.data)
    gyroz                                    0x2000006e   Data           2  imu_fliter.o(.data)
    g_z                                      0x20000070   Data           4  imu_fliter.o(.data)
    GZ                                       0x20000074   Data           4  imu_fliter.o(.data)
    AZ_old                                   0x20000078   Data           4  imu_fliter.o(.data)
    GX_Zero                                  0x2000007c   Data           4  imu_fliter.o(.data)
    GY_Zero                                  0x20000080   Data           4  imu_fliter.o(.data)
    GZ_Zero                                  0x20000084   Data           4  imu_fliter.o(.data)
    param_Kp                                 0x20000088   Data           4  imu_fliter.o(.data)
    param_Ki                                 0x2000008c   Data           4  imu_fliter.o(.data)
    q0                                       0x20000090   Data           4  imu_fliter.o(.data)
    q3                                       0x20000094   Data           4  imu_fliter.o(.data)
    gx0                                      0x20000098   Data           4  imu_fliter.o(.data)
    gy0                                      0x2000009c   Data           4  imu_fliter.o(.data)
    gz0                                      0x200000a0   Data           4  imu_fliter.o(.data)
    a_x                                      0x200000a4   Data           4  imu_fliter.o(.data)
    a_y                                      0x200000a8   Data           4  imu_fliter.o(.data)
    a_z                                      0x200000ac   Data           4  imu_fliter.o(.data)
    g_x                                      0x200000b0   Data           4  imu_fliter.o(.data)
    g_y                                      0x200000b4   Data           4  imu_fliter.o(.data)
    AX                                       0x200000b8   Data           4  imu_fliter.o(.data)
    AY                                       0x200000bc   Data           4  imu_fliter.o(.data)
    AZ                                       0x200000c0   Data           4  imu_fliter.o(.data)
    GX                                       0x200000c4   Data           4  imu_fliter.o(.data)
    GY                                       0x200000c8   Data           4  imu_fliter.o(.data)
    AX_old                                   0x200000cc   Data           4  imu_fliter.o(.data)
    AY_old                                   0x200000d0   Data           4  imu_fliter.o(.data)
    I_ex                                     0x200000d4   Data           4  imu_fliter.o(.data)
    I_ey                                     0x200000d8   Data           4  imu_fliter.o(.data)
    I_ez                                     0x200000dc   Data           4  imu_fliter.o(.data)
    q1                                       0x200000e0   Data           4  imu_fliter.o(.data)
    q2                                       0x200000e4   Data           4  imu_fliter.o(.data)
    RxState1                                 0x200000e8   Data           1  interrupt.o(.data)
    RxState2                                 0x200000e9   Data           1  interrupt.o(.data)
    RxState3                                 0x200000ea   Data           1  interrupt.o(.data)
    rx_cnt                                   0x200000eb   Data           1  interrupt.o(.data)
    USART1_NewData                           0x200000ec   Data           1  interrupt.o(.data)
    USART2_NewData                           0x200000ed   Data           1  interrupt.o(.data)
    USART3_NewData                           0x200000ee   Data           1  interrupt.o(.data)
    rx_buff                                  0x200000ef   Data           1  interrupt.o(.data)
    USART1_RX_STA                            0x200000f0   Data           2  interrupt.o(.data)
    USART2_RX_STA                            0x200000f2   Data           2  interrupt.o(.data)
    USART3_RX_STA                            0x200000f4   Data           2  interrupt.o(.data)
    target                                   0x200000f8   Data           4  interrupt.o(.data)
    vofa_i                                   0x200000fc   Data           4  interrupt.o(.data)
    vofa_I                                   0x20000100   Data           4  interrupt.o(.data)
    Kp_x_v                                   0x20000104   Data           4  interrupt.o(.data)
    Ki_x_v                                   0x20000108   Data           4  interrupt.o(.data)
    Kd_x_v                                   0x2000010c   Data           4  interrupt.o(.data)
    Kp_x_x                                   0x20000110   Data           4  interrupt.o(.data)
    Ki_x_x                                   0x20000114   Data           4  interrupt.o(.data)
    Kd_x_x                                   0x20000118   Data           4  interrupt.o(.data)
    Kp_y_x                                   0x2000011c   Data           4  interrupt.o(.data)
    Ki_y_x                                   0x20000120   Data           4  interrupt.o(.data)
    Kd_y_x                                   0x20000124   Data           4  interrupt.o(.data)
    mid                                      0x20000128   Data           4  interrupt.o(.data)
    theta                                    0x2000012c   Data           4  interrupt.o(.data)
    cv_x                                     0x20000130   Data           4  interrupt.o(.data)
    cv_y                                     0x20000134   Data           4  interrupt.o(.data)
    vofa_float                               0x20000138   Data           4  interrupt.o(.data)
    left_counter                             0x2000013c   Data           4  interrupt.o(.data)
    right_counter                            0x20000140   Data           4  interrupt.o(.data)
    speed_pwm                                0x20000144   Data           4  interrupt.o(.data)
    ori                                      0x20000148   Data           4  interrupt.o(.data)
    x_pid_x_out                              0x2000014c   Data           4  interrupt.o(.data)
    y_pid_x_out                              0x20000150   Data           4  interrupt.o(.data)
    stop                                     0x20000154   Data           4  l298n.o(.data)
    target1                                  0x20000158   Data           4  l298n.o(.data)
    line_flag                                0x2000015c   Data           4  l298n.o(.data)
    CMD_Data                                 0x20000160   Data          27  oled.o(.data)
    err_x_v                                  0x2000017c   Data           4  pid.o(.data)
    last_err_x_v                             0x20000180   Data           4  pid.o(.data)
    err_sum_x_v                              0x20000184   Data           4  pid.o(.data)
    err_x_x                                  0x20000188   Data           4  pid.o(.data)
    last_err_x_x                             0x2000018c   Data           4  pid.o(.data)
    err_sum_x_x                              0x20000190   Data           4  pid.o(.data)
    err_y_v                                  0x20000194   Data           4  pid.o(.data)
    last_err_y_v                             0x20000198   Data           4  pid.o(.data)
    err_sum_y_v                              0x2000019c   Data           4  pid.o(.data)
    err_y_x                                  0x200001a0   Data           4  pid.o(.data)
    last_err_y_x                             0x200001a4   Data           4  pid.o(.data)
    err_sum_y_x                              0x200001a8   Data           4  pid.o(.data)
    X_v_out                                  0x200001ac   Data           4  pid.o(.data)
    X_x_out                                  0x200001b0   Data           4  pid.o(.data)
    Y_v_out                                  0x200001b4   Data           4  pid.o(.data)
    Y_x_out                                  0x200001b8   Data           4  pid.o(.data)
    err_difference_x_v                       0x200001bc   Data           4  pid.o(.data)
    err_difference_x_x                       0x200001c0   Data           4  pid.o(.data)
    err_difference_y_v                       0x200001c4   Data           4  pid.o(.data)
    err_difference_y_x                       0x200001c8   Data           4  pid.o(.data)
    hi2c1                                    0x200001cc   Data          84  i2c.o(.bss)
    hi2c3                                    0x20000220   Data          84  i2c.o(.bss)
    htim2                                    0x20000274   Data          72  tim.o(.bss)
    htim3                                    0x200002bc   Data          72  tim.o(.bss)
    htim4                                    0x20000304   Data          72  tim.o(.bss)
    htim5                                    0x2000034c   Data          72  tim.o(.bss)
    htim8                                    0x20000394   Data          72  tim.o(.bss)
    htim9                                    0x200003dc   Data          72  tim.o(.bss)
    huart1                                   0x20000424   Data          72  usart.o(.bss)
    huart2                                   0x2000046c   Data          72  usart.o(.bss)
    huart3                                   0x200004b4   Data          72  usart.o(.bss)
    huart6                                   0x200004fc   Data          72  usart.o(.bss)
    Trans                                    0x20000544   Data          12  imu_fliter.o(.bss)
    eulerAngle                               0x20000550   Data          12  imu_fliter.o(.bss)
    USART1_RX_BUF                            0x2000055c   Data         200  interrupt.o(.bss)
    USART2_RX_BUF                            0x20000624   Data         200  interrupt.o(.bss)
    USART3_RX_BUF                            0x200006ec   Data         200  interrupt.o(.bss)
    rx_string                                0x200007b4   Data         256  interrupt.o(.bss)
    shujv                                    0x200008b4   Data          12  interrupt.o(.bss)
    __libspace_start                         0x200008c0   Data          96  libspace.o(.bss)
    __temporary_stack_top$libspace           0x20000920   Data           0  libspace.o(.bss)



==============================================================================

Memory Map of the image

  Image Entry point : 0x08000189

  Load Region LR_IROM1 (Base: 0x08000000, Size: 0x00009184, Max: 0x00080000, ABSOLUTE, COMPRESSED[0x00009004])

    Execution Region ER_IROM1 (Exec base: 0x08000000, Load base: 0x08000000, Size: 0x00008fb8, Max: 0x00080000, ABSOLUTE)

    Exec Addr    Load Addr    Size         Type   Attr      Idx    E Section Name        Object

    0x08000000   0x08000000   0x00000188   Data   RO            3    RESET               startup_stm32f407xx.o
    0x08000188   0x08000188   0x00000008   Code   RO         4395  * !!!main             c_w.l(__main.o)
    0x08000190   0x08000190   0x00000034   Code   RO         4695    !!!scatter          c_w.l(__scatter.o)
    0x080001c4   0x080001c4   0x0000003a   Code   RO         4693    !!dczerorl          c_w.l(__dczerorl.o)
    0x080001fe   0x080001fe   0x00000002   PAD
    0x08000200   0x08000200   0x0000001c   Code   RO         4697    !!handler_zi        c_w.l(__scatter_zi.o)
    0x0800021c   0x0800021c   0x00000002   Code   RO         4564    .ARM.Collect$$libinit$$00000000  c_w.l(libinit.o)
    0x0800021e   0x0800021e   0x00000004   Code   RO         4573    .ARM.Collect$$libinit$$00000001  c_w.l(libinit2.o)
    0x08000222   0x08000222   0x00000000   Code   RO         4576    .ARM.Collect$$libinit$$00000004  c_w.l(libinit2.o)
    0x08000222   0x08000222   0x00000000   Code   RO         4579    .ARM.Collect$$libinit$$0000000A  c_w.l(libinit2.o)
    0x08000222   0x08000222   0x00000000   Code   RO         4581    .ARM.Collect$$libinit$$0000000C  c_w.l(libinit2.o)
    0x08000222   0x08000222   0x00000000   Code   RO         4583    .ARM.Collect$$libinit$$0000000E  c_w.l(libinit2.o)
    0x08000222   0x08000222   0x00000000   Code   RO         4586    .ARM.Collect$$libinit$$00000011  c_w.l(libinit2.o)
    0x08000222   0x08000222   0x00000000   Code   RO         4588    .ARM.Collect$$libinit$$00000013  c_w.l(libinit2.o)
    0x08000222   0x08000222   0x00000000   Code   RO         4590    .ARM.Collect$$libinit$$00000015  c_w.l(libinit2.o)
    0x08000222   0x08000222   0x00000000   Code   RO         4592    .ARM.Collect$$libinit$$00000017  c_w.l(libinit2.o)
    0x08000222   0x08000222   0x00000000   Code   RO         4594    .ARM.Collect$$libinit$$00000019  c_w.l(libinit2.o)
    0x08000222   0x08000222   0x00000000   Code   RO         4596    .ARM.Collect$$libinit$$0000001B  c_w.l(libinit2.o)
    0x08000222   0x08000222   0x00000000   Code   RO         4598    .ARM.Collect$$libinit$$0000001D  c_w.l(libinit2.o)
    0x08000222   0x08000222   0x00000000   Code   RO         4600    .ARM.Collect$$libinit$$0000001F  c_w.l(libinit2.o)
    0x08000222   0x08000222   0x00000000   Code   RO         4602    .ARM.Collect$$libinit$$00000021  c_w.l(libinit2.o)
    0x08000222   0x08000222   0x00000000   Code   RO         4604    .ARM.Collect$$libinit$$00000023  c_w.l(libinit2.o)
    0x08000222   0x08000222   0x00000000   Code   RO         4606    .ARM.Collect$$libinit$$00000025  c_w.l(libinit2.o)
    0x08000222   0x08000222   0x00000000   Code   RO         4610    .ARM.Collect$$libinit$$0000002C  c_w.l(libinit2.o)
    0x08000222   0x08000222   0x00000000   Code   RO         4612    .ARM.Collect$$libinit$$0000002E  c_w.l(libinit2.o)
    0x08000222   0x08000222   0x00000000   Code   RO         4614    .ARM.Collect$$libinit$$00000030  c_w.l(libinit2.o)
    0x08000222   0x08000222   0x00000000   Code   RO         4616    .ARM.Collect$$libinit$$00000032  c_w.l(libinit2.o)
    0x08000222   0x08000222   0x00000002   Code   RO         4617    .ARM.Collect$$libinit$$00000033  c_w.l(libinit2.o)
    0x08000224   0x08000224   0x00000002   Code   RO         4648    .ARM.Collect$$libshutdown$$00000000  c_w.l(libshutdown.o)
    0x08000226   0x08000226   0x00000000   Code   RO         4674    .ARM.Collect$$libshutdown$$00000002  c_w.l(libshutdown2.o)
    0x08000226   0x08000226   0x00000000   Code   RO         4676    .ARM.Collect$$libshutdown$$00000004  c_w.l(libshutdown2.o)
    0x08000226   0x08000226   0x00000000   Code   RO         4678    .ARM.Collect$$libshutdown$$00000006  c_w.l(libshutdown2.o)
    0x08000226   0x08000226   0x00000000   Code   RO         4681    .ARM.Collect$$libshutdown$$00000009  c_w.l(libshutdown2.o)
    0x08000226   0x08000226   0x00000000   Code   RO         4684    .ARM.Collect$$libshutdown$$0000000C  c_w.l(libshutdown2.o)
    0x08000226   0x08000226   0x00000000   Code   RO         4686    .ARM.Collect$$libshutdown$$0000000E  c_w.l(libshutdown2.o)
    0x08000226   0x08000226   0x00000000   Code   RO         4689    .ARM.Collect$$libshutdown$$00000011  c_w.l(libshutdown2.o)
    0x08000226   0x08000226   0x00000002   Code   RO         4690    .ARM.Collect$$libshutdown$$00000012  c_w.l(libshutdown2.o)
    0x08000228   0x08000228   0x00000000   Code   RO         4449    .ARM.Collect$$rtentry$$00000000  c_w.l(__rtentry.o)
    0x08000228   0x08000228   0x00000000   Code   RO         4521    .ARM.Collect$$rtentry$$00000002  c_w.l(__rtentry2.o)
    0x08000228   0x08000228   0x00000006   Code   RO         4533    .ARM.Collect$$rtentry$$00000004  c_w.l(__rtentry4.o)
    0x0800022e   0x0800022e   0x00000000   Code   RO         4523    .ARM.Collect$$rtentry$$00000009  c_w.l(__rtentry2.o)
    0x0800022e   0x0800022e   0x00000004   Code   RO         4524    .ARM.Collect$$rtentry$$0000000A  c_w.l(__rtentry2.o)
    0x08000232   0x08000232   0x00000000   Code   RO         4526    .ARM.Collect$$rtentry$$0000000C  c_w.l(__rtentry2.o)
    0x08000232   0x08000232   0x00000008   Code   RO         4527    .ARM.Collect$$rtentry$$0000000D  c_w.l(__rtentry2.o)
    0x0800023a   0x0800023a   0x00000002   Code   RO         4565    .ARM.Collect$$rtexit$$00000000  c_w.l(rtexit.o)
    0x0800023c   0x0800023c   0x00000000   Code   RO         4621    .ARM.Collect$$rtexit$$00000002  c_w.l(rtexit2.o)
    0x0800023c   0x0800023c   0x00000004   Code   RO         4622    .ARM.Collect$$rtexit$$00000003  c_w.l(rtexit2.o)
    0x08000240   0x08000240   0x00000006   Code   RO         4623    .ARM.Collect$$rtexit$$00000004  c_w.l(rtexit2.o)
    0x08000246   0x08000246   0x00000002   PAD
    0x08000248   0x08000248   0x00000040   Code   RO            4    .text               startup_stm32f407xx.o
    0x08000288   0x08000288   0x000000ee   Code   RO         4387    .text               c_w.l(lludivv7m.o)
    0x08000376   0x08000376   0x00000044   Code   RO         4389    .text               c_w.l(rt_memclr.o)
    0x080003ba   0x080003ba   0x0000004e   Code   RO         4391    .text               c_w.l(rt_memclr_w.o)
    0x08000408   0x08000408   0x00000006   Code   RO         4393    .text               c_w.l(heapauxi.o)
    0x0800040e   0x0800040e   0x00000016   Code   RO         4454    .text               c_w.l(_rserrno.o)
    0x08000424   0x08000424   0x00000008   Code   RO         4540    .text               c_w.l(rt_errno_addr_intlibspace.o)
    0x0800042c   0x0800042c   0x00000008   Code   RO         4548    .text               c_w.l(libspace.o)
    0x08000434   0x08000434   0x0000004a   Code   RO         4551    .text               c_w.l(sys_stackheap_outer.o)
    0x0800047e   0x0800047e   0x00000012   Code   RO         4553    .text               c_w.l(exit.o)
    0x08000490   0x08000490   0x0000000c   Code   RO         4618    .text               c_w.l(sys_exit.o)
    0x0800049c   0x0800049c   0x00000002   Code   RO         4637    .text               c_w.l(use_no_semi.o)
    0x0800049e   0x0800049e   0x00000000   Code   RO         4639    .text               c_w.l(indicate_semi.o)
    0x0800049e   0x0800049e   0x00000002   PAD
    0x080004a0   0x080004a0   0x00000188   Code   RO         3757    i.Angle_get         imu_fliter.o
    0x08000628   0x08000628   0x00000020   Code   RO         3880    i.Back              l298n.o
    0x08000648   0x08000648   0x00000002   Code   RO          538    i.BusFault_Handler  stm32f4xx_it.o
    0x0800064a   0x0800064a   0x00000002   Code   RO          539    i.DebugMon_Handler  stm32f4xx_it.o
    0x0800064c   0x0800064c   0x00000004   Code   RO           13    i.Error_Handler     main.o
    0x08000650   0x08000650   0x00000014   Code   RO         4346    i.Float_to_Byte     vofa.o
    0x08000664   0x08000664   0x00000020   Code   RO         3881    i.Forward           l298n.o
    0x08000684   0x08000684   0x00000020   Code   RO         3758    i.GetImuMsg         imu_fliter.o
    0x080006a4   0x080006a4   0x00000092   Code   RO         1603    i.HAL_DMA_Abort     stm32f4xx_hal_dma.o
    0x08000736   0x08000736   0x00000024   Code   RO         1604    i.HAL_DMA_Abort_IT  stm32f4xx_hal_dma.o
    0x0800075a   0x0800075a   0x00000002   PAD
    0x0800075c   0x0800075c   0x00000024   Code   RO         2028    i.HAL_Delay         stm32f4xx_hal.o
    0x08000780   0x08000780   0x000001f0   Code   RO         1496    i.HAL_GPIO_Init     stm32f4xx_hal_gpio.o
    0x08000970   0x08000970   0x0000000a   Code   RO         1498    i.HAL_GPIO_ReadPin  stm32f4xx_hal_gpio.o
    0x0800097a   0x0800097a   0x0000000a   Code   RO         1500    i.HAL_GPIO_WritePin  stm32f4xx_hal_gpio.o
    0x08000984   0x08000984   0x0000000c   Code   RO         2034    i.HAL_GetTick       stm32f4xx_hal.o
    0x08000990   0x08000990   0x00000188   Code   RO          697    i.HAL_I2C_Init      stm32f4xx_hal_i2c.o
    0x08000b18   0x08000b18   0x00000130   Code   RO          718    i.HAL_I2C_Mem_Write  stm32f4xx_hal_i2c.o
    0x08000c48   0x08000c48   0x000000e8   Code   RO          341    i.HAL_I2C_MspInit   i2c.o
    0x08000d30   0x08000d30   0x00000010   Code   RO         2040    i.HAL_IncTick       stm32f4xx_hal.o
    0x08000d40   0x08000d40   0x00000034   Code   RO         2041    i.HAL_Init          stm32f4xx_hal.o
    0x08000d74   0x08000d74   0x00000040   Code   RO         2042    i.HAL_InitTick      stm32f4xx_hal.o
    0x08000db4   0x08000db4   0x00000030   Code   RO          662    i.HAL_MspInit       stm32f4xx_hal_msp.o
    0x08000de4   0x08000de4   0x0000001a   Code   RO         1886    i.HAL_NVIC_EnableIRQ  stm32f4xx_hal_cortex.o
    0x08000dfe   0x08000dfe   0x00000002   PAD
    0x08000e00   0x08000e00   0x00000040   Code   RO         1892    i.HAL_NVIC_SetPriority  stm32f4xx_hal_cortex.o
    0x08000e40   0x08000e40   0x00000024   Code   RO         1893    i.HAL_NVIC_SetPriorityGrouping  stm32f4xx_hal_cortex.o
    0x08000e64   0x08000e64   0x00000134   Code   RO         1142    i.HAL_RCC_ClockConfig  stm32f4xx_hal_rcc.o
    0x08000f98   0x08000f98   0x00000020   Code   RO         1149    i.HAL_RCC_GetPCLK1Freq  stm32f4xx_hal_rcc.o
    0x08000fb8   0x08000fb8   0x00000020   Code   RO         1150    i.HAL_RCC_GetPCLK2Freq  stm32f4xx_hal_rcc.o
    0x08000fd8   0x08000fd8   0x00000060   Code   RO         1151    i.HAL_RCC_GetSysClockFreq  stm32f4xx_hal_rcc.o
    0x08001038   0x08001038   0x0000036c   Code   RO         1154    i.HAL_RCC_OscConfig  stm32f4xx_hal_rcc.o
    0x080013a4   0x080013a4   0x00000028   Code   RO         1897    i.HAL_SYSTICK_Config  stm32f4xx_hal_cortex.o
    0x080013cc   0x080013cc   0x00000002   Code   RO         2985    i.HAL_TIMEx_BreakCallback  stm32f4xx_hal_tim_ex.o
    0x080013ce   0x080013ce   0x00000002   Code   RO         2986    i.HAL_TIMEx_CommutCallback  stm32f4xx_hal_tim_ex.o
    0x080013d0   0x080013d0   0x00000090   Code   RO         3004    i.HAL_TIMEx_MasterConfigSynchronization  stm32f4xx_hal_tim_ex.o
    0x08001460   0x08001460   0x0000005a   Code   RO         2281    i.HAL_TIM_Base_Init  stm32f4xx_hal_tim.o
    0x080014ba   0x080014ba   0x00000002   PAD
    0x080014bc   0x080014bc   0x000000c4   Code   RO          389    i.HAL_TIM_Base_MspInit  tim.o
    0x08001580   0x08001580   0x00000078   Code   RO         2284    i.HAL_TIM_Base_Start  stm32f4xx_hal_tim.o
    0x080015f8   0x080015f8   0x00000080   Code   RO         2286    i.HAL_TIM_Base_Start_IT  stm32f4xx_hal_tim.o
    0x08001678   0x08001678   0x00000026   Code   RO         2287    i.HAL_TIM_Base_Stop  stm32f4xx_hal_tim.o
    0x0800169e   0x0800169e   0x000000dc   Code   RO         2290    i.HAL_TIM_ConfigClockSource  stm32f4xx_hal_tim.o
    0x0800177a   0x0800177a   0x000000a4   Code   RO         2302    i.HAL_TIM_Encoder_Init  stm32f4xx_hal_tim.o
    0x0800181e   0x0800181e   0x00000002   PAD
    0x08001820   0x08001820   0x000000a4   Code   RO          391    i.HAL_TIM_Encoder_MspInit  tim.o
    0x080018c4   0x080018c4   0x0000008e   Code   RO         2305    i.HAL_TIM_Encoder_Start  stm32f4xx_hal_tim.o
    0x08001952   0x08001952   0x00000002   Code   RO         2315    i.HAL_TIM_IC_CaptureCallback  stm32f4xx_hal_tim.o
    0x08001954   0x08001954   0x00000130   Code   RO         2329    i.HAL_TIM_IRQHandler  stm32f4xx_hal_tim.o
    0x08001a84   0x08001a84   0x00000050   Code   RO          392    i.HAL_TIM_MspPostInit  tim.o
    0x08001ad4   0x08001ad4   0x00000002   Code   RO         2332    i.HAL_TIM_OC_DelayElapsedCallback  stm32f4xx_hal_tim.o
    0x08001ad6   0x08001ad6   0x000000cc   Code   RO         2353    i.HAL_TIM_PWM_ConfigChannel  stm32f4xx_hal_tim.o
    0x08001ba2   0x08001ba2   0x0000005a   Code   RO         2356    i.HAL_TIM_PWM_Init  stm32f4xx_hal_tim.o
    0x08001bfc   0x08001bfc   0x00000002   Code   RO         2358    i.HAL_TIM_PWM_MspInit  stm32f4xx_hal_tim.o
    0x08001bfe   0x08001bfe   0x00000002   Code   RO         2359    i.HAL_TIM_PWM_PulseFinishedCallback  stm32f4xx_hal_tim.o
    0x08001c00   0x08001c00   0x000000c8   Code   RO         2361    i.HAL_TIM_PWM_Start  stm32f4xx_hal_tim.o
    0x08001cc8   0x08001cc8   0x00000248   Code   RO         3822    i.HAL_TIM_PeriodElapsedCallback  interrupt.o
    0x08001f10   0x08001f10   0x00000002   Code   RO         2372    i.HAL_TIM_TriggerCallback  stm32f4xx_hal_tim.o
    0x08001f12   0x08001f12   0x00000002   Code   RO         3264    i.HAL_UARTEx_RxEventCallback  stm32f4xx_hal_uart.o
    0x08001f14   0x08001f14   0x00000002   Code   RO         3278    i.HAL_UART_ErrorCallback  stm32f4xx_hal_uart.o
    0x08001f16   0x08001f16   0x0000000a   Code   RO         3280    i.HAL_UART_GetState  stm32f4xx_hal_uart.o
    0x08001f20   0x08001f20   0x00000270   Code   RO         3281    i.HAL_UART_IRQHandler  stm32f4xx_hal_uart.o
    0x08002190   0x08002190   0x00000064   Code   RO         3282    i.HAL_UART_Init     stm32f4xx_hal_uart.o
    0x080021f4   0x080021f4   0x0000016c   Code   RO          479    i.HAL_UART_MspInit  usart.o
    0x08002360   0x08002360   0x0000001c   Code   RO         3287    i.HAL_UART_Receive_IT  stm32f4xx_hal_uart.o
    0x0800237c   0x0800237c   0x000002a8   Code   RO         3823    i.HAL_UART_RxCpltCallback  interrupt.o
    0x08002624   0x08002624   0x000000a0   Code   RO         3290    i.HAL_UART_Transmit  stm32f4xx_hal_uart.o
    0x080026c4   0x080026c4   0x00000002   Code   RO         3293    i.HAL_UART_TxCpltCallback  stm32f4xx_hal_uart.o
    0x080026c6   0x080026c6   0x00000002   Code   RO          540    i.HardFault_Handler  stm32f4xx_it.o
    0x080026c8   0x080026c8   0x0000002e   Code   RO          740    i.I2C_IsAcknowledgeFailed  stm32f4xx_hal_i2c.o
    0x080026f6   0x080026f6   0x00000002   PAD
    0x080026f8   0x080026f8   0x000000a8   Code   RO          751    i.I2C_RequestMemoryWrite  stm32f4xx_hal_i2c.o
    0x080027a0   0x080027a0   0x00000056   Code   RO          755    i.I2C_WaitOnBTFFlagUntilTimeout  stm32f4xx_hal_i2c.o
    0x080027f6   0x080027f6   0x00000002   PAD
    0x080027f8   0x080027f8   0x00000090   Code   RO          756    i.I2C_WaitOnFlagUntilTimeout  stm32f4xx_hal_i2c.o
    0x08002888   0x08002888   0x000000bc   Code   RO          757    i.I2C_WaitOnMasterAddressFlagUntilTimeout  stm32f4xx_hal_i2c.o
    0x08002944   0x08002944   0x00000056   Code   RO          759    i.I2C_WaitOnTXEFlagUntilTimeout  stm32f4xx_hal_i2c.o
    0x0800299a   0x0800299a   0x00000002   PAD
    0x0800299c   0x0800299c   0x0000019c   Code   RO         3759    i.IMUFliter         imu_fliter.o
    0x08002b38   0x08002b38   0x000001a0   Code   RO         3760    i.IMU_AHRSupdate_noMagnetic  imu_fliter.o
    0x08002cd8   0x08002cd8   0x00000020   Code   RO         3882    i.Left              l298n.o
    0x08002cf8   0x08002cf8   0x00000034   Code   RO         3883    i.Left_RElight      l298n.o
    0x08002d2c   0x08002d2c   0x00000020   Code   RO         3884    i.Left_light        l298n.o
    0x08002d4c   0x08002d4c   0x000001d0   Code   RO         3885    i.Line_Detection    l298n.o
    0x08002f1c   0x08002f1c   0x00000032   Code   RO         4000    i.MPU_Get_Accelerometer  mpu6050.o
    0x08002f4e   0x08002f4e   0x00000032   Code   RO         4001    i.MPU_Get_Gyroscope  mpu6050.o
    0x08002f80   0x08002f80   0x00000064   Code   RO         4002    i.MPU_Get_Temperature  mpu6050.o
    0x08002fe4   0x08002fe4   0x0000005c   Code   RO         4089    i.MPU_IIC_Ack       mpuiic.o
    0x08003040   0x08003040   0x0000006c   Code   RO         4090    i.MPU_IIC_Init      mpuiic.o
    0x080030ac   0x080030ac   0x00000044   Code   RO         4091    i.MPU_IIC_NAck      mpuiic.o
    0x080030f0   0x080030f0   0x00000070   Code   RO         4092    i.MPU_IIC_Read_Byte  mpuiic.o
    0x08003160   0x08003160   0x0000006c   Code   RO         4093    i.MPU_IIC_Send_Byte  mpuiic.o
    0x080031cc   0x080031cc   0x00000054   Code   RO         4094    i.MPU_IIC_Start     mpuiic.o
    0x08003220   0x08003220   0x00000044   Code   RO         4095    i.MPU_IIC_Stop      mpuiic.o
    0x08003264   0x08003264   0x00000070   Code   RO         4096    i.MPU_IIC_Wait_Ack  mpuiic.o
    0x080032d4   0x080032d4   0x00000084   Code   RO         4003    i.MPU_Init          mpu6050.o
    0x08003358   0x08003358   0x0000003a   Code   RO         4004    i.MPU_Read_Byte     mpu6050.o
    0x08003392   0x08003392   0x00000002   PAD
    0x08003394   0x08003394   0x0000006c   Code   RO         4005    i.MPU_Read_Len      mpu6050.o
    0x08003400   0x08003400   0x0000000a   Code   RO         4006    i.MPU_Set_Accel_Fsr  mpu6050.o
    0x0800340a   0x0800340a   0x0000000a   Code   RO         4007    i.MPU_Set_Gyro_Fsr  mpu6050.o
    0x08003414   0x08003414   0x00000030   Code   RO         4008    i.MPU_Set_LPF       mpu6050.o
    0x08003444   0x08003444   0x0000002e   Code   RO         4009    i.MPU_Set_Rate      mpu6050.o
    0x08003472   0x08003472   0x0000003c   Code   RO         4010    i.MPU_Write_Byte    mpu6050.o
    0x080034ae   0x080034ae   0x00000002   PAD
    0x080034b0   0x080034b0   0x00000140   Code   RO          217    i.MX_GPIO_Init      gpio.o
    0x080035f0   0x080035f0   0x00000040   Code   RO          342    i.MX_I2C1_Init      i2c.o
    0x08003630   0x08003630   0x00000040   Code   RO          343    i.MX_I2C3_Init      i2c.o
    0x08003670   0x08003670   0x00000064   Code   RO          393    i.MX_TIM2_Init      tim.o
    0x080036d4   0x080036d4   0x000000a8   Code   RO          394    i.MX_TIM3_Init      tim.o
    0x0800377c   0x0800377c   0x0000006c   Code   RO          395    i.MX_TIM4_Init      tim.o
    0x080037e8   0x080037e8   0x0000006c   Code   RO          396    i.MX_TIM5_Init      tim.o
    0x08003854   0x08003854   0x00000068   Code   RO          397    i.MX_TIM8_Init      tim.o
    0x080038bc   0x080038bc   0x0000004c   Code   RO          398    i.MX_TIM9_Init      tim.o
    0x08003908   0x08003908   0x00000038   Code   RO          480    i.MX_USART1_UART_Init  usart.o
    0x08003940   0x08003940   0x00000038   Code   RO          481    i.MX_USART2_UART_Init  usart.o
    0x08003978   0x08003978   0x00000038   Code   RO          482    i.MX_USART3_UART_Init  usart.o
    0x080039b0   0x080039b0   0x00000038   Code   RO          483    i.MX_USART6_UART_Init  usart.o
    0x080039e8   0x080039e8   0x00000002   Code   RO          541    i.MemManage_Handler  stm32f4xx_it.o
    0x080039ea   0x080039ea   0x00000002   Code   RO          542    i.NMI_Handler       stm32f4xx_it.o
    0x080039ec   0x080039ec   0x00000034   Code   RO         4155    i.OLED_Clear        oled.o
    0x08003a20   0x08003a20   0x00000010   Code   RO         4159    i.OLED_Init         oled.o
    0x08003a30   0x08003a30   0x00000022   Code   RO         4161    i.OLED_Set_Pos      oled.o
    0x08003a52   0x08003a52   0x00000002   PAD
    0x08003a54   0x08003a54   0x00000088   Code   RO         4163    i.OLED_ShowChar     oled.o
    0x08003adc   0x08003adc   0x0000006a   Code   RO         4164    i.OLED_ShowNum      oled.o
    0x08003b46   0x08003b46   0x00000002   PAD
    0x08003b48   0x08003b48   0x00000024   Code   RO         4169    i.OLED_WR_CMD       oled.o
    0x08003b6c   0x08003b6c   0x00000024   Code   RO         4170    i.OLED_WR_DATA      oled.o
    0x08003b90   0x08003b90   0x00000002   Code   RO          543    i.PendSV_Handler    stm32f4xx_it.o
    0x08003b92   0x08003b92   0x00000002   PAD
    0x08003b94   0x08003b94   0x00000034   Code   RO         3886    i.Reset             l298n.o
    0x08003bc8   0x08003bc8   0x00000034   Code   RO         3887    i.Restart           l298n.o
    0x08003bfc   0x08003bfc   0x00000020   Code   RO         3888    i.Right             l298n.o
    0x08003c1c   0x08003c1c   0x00000002   Code   RO          544    i.SVC_Handler       stm32f4xx_it.o
    0x08003c1e   0x08003c1e   0x0000006e   Code   RO         4347    i.Send_Data         vofa.o
    0x08003c8c   0x08003c8c   0x00000070   Code   RO         4348    i.Send_Tail         vofa.o
    0x08003cfc   0x08003cfc   0x00000004   Code   RO          545    i.SysTick_Handler   stm32f4xx_it.o
    0x08003d00   0x08003d00   0x00000098   Code   RO           14    i.SystemClock_Config  main.o
    0x08003d98   0x08003d98   0x00000010   Code   RO         3616    i.SystemInit        system_stm32f4xx.o
    0x08003da8   0x08003da8   0x0000000c   Code   RO          546    i.TIM1_BRK_TIM9_IRQHandler  stm32f4xx_it.o
    0x08003db4   0x08003db4   0x0000000c   Code   RO          547    i.TIM2_IRQHandler   stm32f4xx_it.o
    0x08003dc0   0x08003dc0   0x0000000c   Code   RO          548    i.TIM3_IRQHandler   stm32f4xx_it.o
    0x08003dcc   0x08003dcc   0x0000000c   Code   RO          549    i.TIM8_BRK_TIM12_IRQHandler  stm32f4xx_it.o
    0x08003dd8   0x08003dd8   0x0000000c   Code   RO          550    i.TIM8_UP_TIM13_IRQHandler  stm32f4xx_it.o
    0x08003de4   0x08003de4   0x000000d8   Code   RO         2374    i.TIM_Base_SetConfig  stm32f4xx_hal_tim.o
    0x08003ebc   0x08003ebc   0x0000001a   Code   RO         2375    i.TIM_CCxChannelCmd  stm32f4xx_hal_tim.o
    0x08003ed6   0x08003ed6   0x00000014   Code   RO         2385    i.TIM_ETR_SetConfig  stm32f4xx_hal_tim.o
    0x08003eea   0x08003eea   0x00000010   Code   RO         2386    i.TIM_ITRx_SetConfig  stm32f4xx_hal_tim.o
    0x08003efa   0x08003efa   0x00000002   PAD
    0x08003efc   0x08003efc   0x00000060   Code   RO         2387    i.TIM_OC1_SetConfig  stm32f4xx_hal_tim.o
    0x08003f5c   0x08003f5c   0x0000006c   Code   RO         2388    i.TIM_OC2_SetConfig  stm32f4xx_hal_tim.o
    0x08003fc8   0x08003fc8   0x00000068   Code   RO         2389    i.TIM_OC3_SetConfig  stm32f4xx_hal_tim.o
    0x08004030   0x08004030   0x00000050   Code   RO         2390    i.TIM_OC4_SetConfig  stm32f4xx_hal_tim.o
    0x08004080   0x08004080   0x00000022   Code   RO         2392    i.TIM_TI1_ConfigInputStage  stm32f4xx_hal_tim.o
    0x080040a2   0x080040a2   0x00000024   Code   RO         2394    i.TIM_TI2_ConfigInputStage  stm32f4xx_hal_tim.o
    0x080040c6   0x080040c6   0x00000010   Code   RO         3295    i.UART_DMAAbortOnError  stm32f4xx_hal_uart.o
    0x080040d6   0x080040d6   0x0000004e   Code   RO         3305    i.UART_EndRxTransfer  stm32f4xx_hal_uart.o
    0x08004124   0x08004124   0x000000c2   Code   RO         3307    i.UART_Receive_IT   stm32f4xx_hal_uart.o
    0x080041e6   0x080041e6   0x00000002   PAD
    0x080041e8   0x080041e8   0x0000010c   Code   RO         3308    i.UART_SetConfig    stm32f4xx_hal_uart.o
    0x080042f4   0x080042f4   0x00000036   Code   RO         3310    i.UART_Start_Receive_IT  stm32f4xx_hal_uart.o
    0x0800432a   0x0800432a   0x00000072   Code   RO         3311    i.UART_WaitOnFlagUntilTimeout  stm32f4xx_hal_uart.o
    0x0800439c   0x0800439c   0x0000000c   Code   RO          551    i.USART1_IRQHandler  stm32f4xx_it.o
    0x080043a8   0x080043a8   0x0000000c   Code   RO          552    i.USART2_IRQHandler  stm32f4xx_it.o
    0x080043b4   0x080043b4   0x0000000c   Code   RO          553    i.USART3_IRQHandler  stm32f4xx_it.o
    0x080043c0   0x080043c0   0x00000002   Code   RO          554    i.UsageFault_Handler  stm32f4xx_it.o
    0x080043c2   0x080043c2   0x00000002   PAD
    0x080043c4   0x080043c4   0x00000034   Code   RO         4171    i.WriteCmd          oled.o
    0x080043f8   0x080043f8   0x00000098   Code   RO         4289    i.X_PID_V_value     pid.o
    0x08004490   0x08004490   0x00000030   Code   RO         4503    i.__ARM_fpclassify  m_wm.l(fpclassify.o)
    0x080044c0   0x080044c0   0x00000020   Code   RO         1899    i.__NVIC_SetPriority  stm32f4xx_hal_cortex.o
    0x080044e0   0x080044e0   0x00000360   Code   RO         4423    i.__hardfp_asin     m_wm.l(asin.o)
    0x08004840   0x08004840   0x000002d8   Code   RO         4469    i.__hardfp_atan     m_wm.l(atan.o)
    0x08004b18   0x08004b18   0x00000200   Code   RO         4437    i.__hardfp_atan2    m_wm.l(atan2.o)
    0x08004d18   0x08004d18   0x000000f8   Code   RO         4505    i.__kernel_poly     m_wm.l(poly.o)
    0x08004e10   0x08004e10   0x00000014   Code   RO         4484    i.__mathlib_dbl_infnan  m_wm.l(dunder.o)
    0x08004e24   0x08004e24   0x00000014   Code   RO         4485    i.__mathlib_dbl_infnan2  m_wm.l(dunder.o)
    0x08004e38   0x08004e38   0x00000020   Code   RO         4486    i.__mathlib_dbl_invalid  m_wm.l(dunder.o)
    0x08004e58   0x08004e58   0x00000020   Code   RO         4489    i.__mathlib_dbl_underflow  m_wm.l(dunder.o)
    0x08004e78   0x08004e78   0x00000010   Code   RO         4471    i.atan              m_wm.l(atan.o)
    0x08004e88   0x08004e88   0x00000030   Code   RO         3694    i.delaynus_tim      delay.o
    0x08004eb8   0x08004eb8   0x00000018   Code   RO         4499    i.fabs              m_wm.l(fabs.o)
    0x08004ed0   0x08004ed0   0x0000002c   Code   RO         3761    i.invSqrt           imu_fliter.o
    0x08004efc   0x08004efc   0x0000089c   Code   RO           15    i.main              main.o
    0x08005798   0x08005798   0x000002b0   Code   RO         3890    i.move_wasd         l298n.o
    0x08005a48   0x08005a48   0x00000010   Code   RO         4172    i.oled_pow          oled.o
    0x08005a58   0x08005a58   0x0000006e   Code   RO         4510    i.sqrt              m_wm.l(sqrt.o)
    0x08005ac6   0x08005ac6   0x00000002   PAD
    0x08005ac8   0x08005ac8   0x00000090   Code   RO         4349    i.vodka_JustFloat_send  vofa.o
    0x08005b58   0x08005b58   0x00000020   Code   RO         3891    i.zhuanquan         l298n.o
    0x08005b78   0x08005b78   0x00000018   Code   RO         4456    x$fpl$basic         fz_wm.l(basic.o)
    0x08005b90   0x08005b90   0x00000062   Code   RO         4397    x$fpl$d2f           fz_wm.l(d2f.o)
    0x08005bf2   0x08005bf2   0x00000002   PAD
    0x08005bf4   0x08005bf4   0x00000150   Code   RO         4399    x$fpl$dadd          fz_wm.l(daddsub_clz.o)
    0x08005d44   0x08005d44   0x00000018   Code   RO         4542    x$fpl$dcmpinf       fz_wm.l(dcmpi.o)
    0x08005d5c   0x08005d5c   0x000002b0   Code   RO         4406    x$fpl$ddiv          fz_wm.l(ddiv.o)
    0x0800600c   0x0800600c   0x00000078   Code   RO         4458    x$fpl$deqf          fz_wm.l(deqf.o)
    0x08006084   0x08006084   0x0000005a   Code   RO         4409    x$fpl$dfixu         fz_wm.l(dfixu.o)
    0x080060de   0x080060de   0x0000002e   Code   RO         4414    x$fpl$dflt          fz_wm.l(dflt_clz.o)
    0x0800610c   0x0800610c   0x00000154   Code   RO         4419    x$fpl$dmul          fz_wm.l(dmul.o)
    0x08006260   0x08006260   0x0000009c   Code   RO         4460    x$fpl$dnaninf       fz_wm.l(dnaninf.o)
    0x080062fc   0x080062fc   0x0000000c   Code   RO         4462    x$fpl$dretinf       fz_wm.l(dretinf.o)
    0x08006308   0x08006308   0x00000016   Code   RO         4400    x$fpl$drsb          fz_wm.l(daddsub_clz.o)
    0x0800631e   0x0800631e   0x00000002   PAD
    0x08006320   0x08006320   0x00000198   Code   RO         4546    x$fpl$dsqrt         fz_wm.l(dsqrt_umaal.o)
    0x080064b8   0x080064b8   0x000001d4   Code   RO         4401    x$fpl$dsub          fz_wm.l(daddsub_clz.o)
    0x0800668c   0x0800668c   0x00000056   Code   RO         4421    x$fpl$f2d           fz_wm.l(f2d.o)
    0x080066e2   0x080066e2   0x0000008c   Code   RO         4464    x$fpl$fnaninf       fz_wm.l(fnaninf.o)
    0x0800676e   0x0800676e   0x0000000a   Code   RO         4633    x$fpl$fpinit        fz_wm.l(fpinit.o)
    0x08006778   0x08006778   0x0000000a   Code   RO         4466    x$fpl$fretinf       fz_wm.l(fretinf.o)
    0x08006782   0x08006782   0x00000000   Code   RO         4468    x$fpl$usenofp       fz_wm.l(usenofp.o)
    0x08006782   0x08006782   0x00000010   Data   RO         3617    .constdata          system_stm32f4xx.o
    0x08006792   0x08006792   0x00000008   Data   RO         3618    .constdata          system_stm32f4xx.o
    0x0800679a   0x0800679a   0x00002708   Data   RO         4173    .constdata          oled.o
    0x08008ea2   0x08008ea2   0x00000006   PAD
    0x08008ea8   0x08008ea8   0x00000050   Data   RO         4426    .constdata          m_wm.l(asin.o)
    0x08008ef8   0x08008ef8   0x00000098   Data   RO         4472    .constdata          m_wm.l(atan.o)
    0x08008f90   0x08008f90   0x00000008   Data   RO         4507    .constdata          m_wm.l(qnan.o)
    0x08008f98   0x08008f98   0x00000020   Data   RO         4691    Region$$Table       anon$$obj.o


    Execution Region RW_IRAM1 (Exec base: 0x20000000, Load base: 0x08008fb8, Size: 0x00000f20, Max: 0x0001c000, ABSOLUTE, COMPRESSED[0x0000004c])

    Exec Addr    Load Addr    Size         Type   Attr      Idx    E Section Name        Object

    0x20000000   COMPRESSED   0x0000004c   Data   RW           16    .data               main.o
    0x2000004c   COMPRESSED   0x00000004   Data   RW           17    .data               main.o
    0x20000050   COMPRESSED   0x00000004   Data   RW           19    .data               main.o
    0x20000054   COMPRESSED   0x0000000c   Data   RW         2048    .data               stm32f4xx_hal.o
    0x20000060   COMPRESSED   0x00000004   Data   RW         3619    .data               system_stm32f4xx.o
    0x20000064   COMPRESSED   0x00000084   Data   RW         3763    .data               imu_fliter.o
    0x200000e8   COMPRESSED   0x00000064   Data   RW         3825    .data               interrupt.o
    0x2000014c   COMPRESSED   0x00000004   Data   RW         3826    .data               interrupt.o
    0x20000150   COMPRESSED   0x00000004   Data   RW         3827    .data               interrupt.o
    0x20000154   COMPRESSED   0x0000000c   Data   RW         3892    .data               l298n.o
    0x20000160   COMPRESSED   0x0000001b   Data   RW         4174    .data               oled.o
    0x2000017b   COMPRESSED   0x00000001   PAD
    0x2000017c   COMPRESSED   0x00000050   Data   RW         4293    .data               pid.o
    0x200001cc        -       0x000000a8   Zero   RW          344    .bss                i2c.o
    0x20000274        -       0x000001b0   Zero   RW          399    .bss                tim.o
    0x20000424        -       0x00000120   Zero   RW          484    .bss                usart.o
    0x20000544        -       0x00000018   Zero   RW         3762    .bss                imu_fliter.o
    0x2000055c        -       0x00000364   Zero   RW         3824    .bss                interrupt.o
    0x200008c0        -       0x00000060   Zero   RW         4549    .bss                c_w.l(libspace.o)
    0x20000920        -       0x00000200   Zero   RW            2    HEAP                startup_stm32f407xx.o
    0x20000b20        -       0x00000400   Zero   RW            1    STACK               startup_stm32f407xx.o


    Execution Region RW_IRAM2 (Exec base: 0x2001c000, Load base: 0x08009004, Size: 0x00000000, Max: 0x00004000, ABSOLUTE)

    **** No section assigned to this execution region ****


==============================================================================

Image component sizes


      Code (inc. data)   RO Data    RW Data    ZI Data      Debug   Object Name

         0          0          0          0          0        428   convert.o
        48          4          0          0          0        599   delay.o
       320         20          0          0          0     695435   gpio.o
       360         52          0          0        168       2506   i2c.o
      1296         64          0        132         24       5342   imu_fliter.o
      1264        174          0        108        868       4974   interrupt.o
      1500        122          0         12          0       8035   l298n.o
      2360        150          0         84          0     688591   main.o
       672         26          0          0          0       7555   mpu6050.o
       752         76          0          0          0       5754   mpuiic.o
       484         28       9992         27          0       6806   oled.o
       152         32          0         80          0       1785   pid.o
        64         26        392          0       1536        860   startup_stm32f407xx.o
       180         28          0         12          0       9561   stm32f4xx_hal.o
       198         14          0          0          0      33931   stm32f4xx_hal_cortex.o
       182          0          0          0          0       2159   stm32f4xx_hal_dma.o
       516         46          0          0          0       2931   stm32f4xx_hal_gpio.o
      1414         32          0          0          0       9799   stm32f4xx_hal_i2c.o
        48          6          0          0          0        894   stm32f4xx_hal_msp.o
      1344         72          0          0          0       5352   stm32f4xx_hal_rcc.o
      2446        168          0          0          0      20850   stm32f4xx_hal_tim.o
       148         28          0          0          0       2561   stm32f4xx_hal_tim_ex.o
      1652         16          0          0          0      12344   stm32f4xx_hal_uart.o
       116         48          0          0          0       8264   stm32f4xx_it.o
        16          4         24          4          0       1187   system_stm32f4xx.o
      1104        102          0          0        432       6819   tim.o
       588         70          0          0        288       3961   usart.o
       386         40          0          0          0       3249   vofa.o

    ----------------------------------------------------------------------
     19640       1448      10446        460       3316    1552532   Object Totals
         0          0         32          0          0          0   (incl. Generated)
        30          0          6          1          0          0   (incl. Padding)

    ----------------------------------------------------------------------

      Code (inc. data)   RO Data    RW Data    ZI Data      Debug   Library Member Name

        58          0          0          0          0          0   __dczerorl.o
         8          0          0          0          0         68   __main.o
         0          0          0          0          0          0   __rtentry.o
        12          0          0          0          0          0   __rtentry2.o
         6          0          0          0          0          0   __rtentry4.o
        52          8          0          0          0          0   __scatter.o
        28          0          0          0          0          0   __scatter_zi.o
        22          0          0          0          0        100   _rserrno.o
        18          0          0          0          0         80   exit.o
         6          0          0          0          0        152   heapauxi.o
         0          0          0          0          0          0   indicate_semi.o
         2          0          0          0          0          0   libinit.o
         6          0          0          0          0          0   libinit2.o
         2          0          0          0          0          0   libshutdown.o
         2          0          0          0          0          0   libshutdown2.o
         8          4          0          0         96         68   libspace.o
       238          0          0          0          0        100   lludivv7m.o
         8          4          0          0          0         68   rt_errno_addr_intlibspace.o
        68          0          0          0          0         68   rt_memclr.o
        78          0          0          0          0         80   rt_memclr_w.o
         2          0          0          0          0          0   rtexit.o
        10          0          0          0          0          0   rtexit2.o
        12          4          0          0          0         68   sys_exit.o
        74          0          0          0          0         80   sys_stackheap_outer.o
         2          0          0          0          0         68   use_no_semi.o
        24          0          0          0          0        164   basic.o
        98          4          0          0          0        140   d2f.o
       826         16          0          0          0        492   daddsub_clz.o
        24          0          0          0          0        116   dcmpi.o
       688        140          0          0          0        256   ddiv.o
       120          4          0          0          0        140   deqf.o
        90          4          0          0          0        140   dfixu.o
        46          0          0          0          0        116   dflt_clz.o
       340         12          0          0          0        152   dmul.o
       156          4          0          0          0        140   dnaninf.o
        12          0          0          0          0        116   dretinf.o
       408         56          0          0          0        168   dsqrt_umaal.o
        86          4          0          0          0        132   f2d.o
       140          4          0          0          0        132   fnaninf.o
        10          0          0          0          0        116   fpinit.o
        10          0          0          0          0        116   fretinf.o
         0          0          0          0          0          0   usenofp.o
       864         94         80          0          0        280   asin.o
       744        106        152          0          0        352   atan.o
       512         64          0          0          0        208   atan2.o
       104         16          0          0          0        496   dunder.o
        24          0          0          0          0        124   fabs.o
        48          0          0          0          0        124   fpclassify.o
       248          0          0          0          0        152   poly.o
         0          0          8          0          0          0   qnan.o
       110          0          0          0          0        148   sqrt.o

    ----------------------------------------------------------------------
      6466        548        240          0         96       5520   Library Totals
        12          0          0          0          0          0   (incl. Padding)

    ----------------------------------------------------------------------

      Code (inc. data)   RO Data    RW Data    ZI Data      Debug   Library Name

       722         20          0          0         96       1000   c_w.l
      3078        248          0          0          0       2636   fz_wm.l
      2654        280        240          0          0       1884   m_wm.l

    ----------------------------------------------------------------------
      6466        548        240          0         96       5520   Library Totals

    ----------------------------------------------------------------------

==============================================================================


      Code (inc. data)   RO Data    RW Data    ZI Data      Debug   

     26106       1996      10686        460       3412    1539436   Grand Totals
     26106       1996      10686         76       3412    1539436   ELF Image Totals (compressed)
     26106       1996      10686         76          0          0   ROM Totals

==============================================================================

    Total RO  Size (Code + RO Data)                36792 (  35.93kB)
    Total RW  Size (RW Data + ZI Data)              3872 (   3.78kB)
    Total ROM Size (Code + RO Data + RW Data)      36868 (  36.00kB)

==============================================================================

