Component: ARM Compiler 5.06 update 7 (build 960) Tool: armlink [4d3601]

==============================================================================

Section Cross References

    startup_stm32f407xx.o(RESET) refers to startup_stm32f407xx.o(STACK) for __initial_sp
    startup_stm32f407xx.o(RESET) refers to startup_stm32f407xx.o(.text) for Reset_Handler
    startup_stm32f407xx.o(RESET) refers to stm32f4xx_it.o(i.NMI_Handler) for NMI_Handler
    startup_stm32f407xx.o(RESET) refers to stm32f4xx_it.o(i.HardFault_Handler) for HardFault_Handler
    startup_stm32f407xx.o(RESET) refers to stm32f4xx_it.o(i.MemManage_Handler) for MemManage_Handler
    startup_stm32f407xx.o(RESET) refers to stm32f4xx_it.o(i.BusFault_Handler) for BusFault_Handler
    startup_stm32f407xx.o(RESET) refers to stm32f4xx_it.o(i.UsageFault_Handler) for UsageFault_Handler
    startup_stm32f407xx.o(RESET) refers to stm32f4xx_it.o(i.SVC_Handler) for SVC_Handler
    startup_stm32f407xx.o(RESET) refers to stm32f4xx_it.o(i.DebugMon_Handler) for DebugMon_Handler
    startup_stm32f407xx.o(RESET) refers to stm32f4xx_it.o(i.PendSV_Handler) for PendSV_Handler
    startup_stm32f407xx.o(RESET) refers to stm32f4xx_it.o(i.SysTick_Handler) for SysTick_Handler
    startup_stm32f407xx.o(RESET) refers to stm32f4xx_it.o(i.TIM2_IRQHandler) for TIM2_IRQHandler
    startup_stm32f407xx.o(RESET) refers to stm32f4xx_it.o(i.USART1_IRQHandler) for USART1_IRQHandler
    startup_stm32f407xx.o(RESET) refers to stm32f4xx_it.o(i.USART2_IRQHandler) for USART2_IRQHandler
    startup_stm32f407xx.o(RESET) refers to stm32f4xx_it.o(i.USART3_IRQHandler) for USART3_IRQHandler
    startup_stm32f407xx.o(.text) refers to system_stm32f4xx.o(i.SystemInit) for SystemInit
    startup_stm32f407xx.o(.text) refers to entry.o(.ARM.Collect$$$$00000000) for __main
    convert.o(i.TargetTracking) refers to oled.o(i.OLED_Showdecimal) for OLED_Showdecimal
    convert.o(i.TargetTracking) refers to raspi.o(.data) for USART3_RX_STA
    convert.o(i.TargetTracking) refers to convert.o(.data) for .data
    convert.o(i.TargetTracking) refers to vofa.o(.data) for pinum3
    l294n.o(i.Back) refers to tim.o(.bss) for htim3
    l294n.o(i.Forward) refers to tim.o(.bss) for htim3
    l294n.o(i.Left) refers to tim.o(.bss) for htim3
    l294n.o(i.Reset) refers to tim.o(.bss) for htim3
    l294n.o(i.Right) refers to tim.o(.bss) for htim3
    oled.o(i.OLED_Clear) refers to oled.o(i.OLED_WR_CMD) for OLED_WR_CMD
    oled.o(i.OLED_Clear) refers to oled.o(i.OLED_WR_DATA) for OLED_WR_DATA
    oled.o(i.OLED_Display_Off) refers to oled.o(i.OLED_WR_CMD) for OLED_WR_CMD
    oled.o(i.OLED_Display_On) refers to oled.o(i.OLED_WR_CMD) for OLED_WR_CMD
    oled.o(i.OLED_Draw12864BMP) refers to oled.o(i.OLED_Set_Pos) for OLED_Set_Pos
    oled.o(i.OLED_Draw12864BMP) refers to oled.o(i.OLED_WR_DATA) for OLED_WR_DATA
    oled.o(i.OLED_Draw12864BMP) refers to oled.o(.constdata) for .constdata
    oled.o(i.OLED_Init) refers to stm32f4xx_hal.o(i.HAL_Delay) for HAL_Delay
    oled.o(i.OLED_Init) refers to oled.o(i.WriteCmd) for WriteCmd
    oled.o(i.OLED_On) refers to oled.o(i.OLED_WR_CMD) for OLED_WR_CMD
    oled.o(i.OLED_On) refers to oled.o(i.OLED_WR_DATA) for OLED_WR_DATA
    oled.o(i.OLED_Set_Pos) refers to oled.o(i.OLED_WR_CMD) for OLED_WR_CMD
    oled.o(i.OLED_ShowCHinese) refers to oled.o(i.OLED_Set_Pos) for OLED_Set_Pos
    oled.o(i.OLED_ShowCHinese) refers to oled.o(i.OLED_WR_DATA) for OLED_WR_DATA
    oled.o(i.OLED_ShowCHinese) refers to oled.o(.constdata) for .constdata
    oled.o(i.OLED_ShowChar) refers to oled.o(i.OLED_Set_Pos) for OLED_Set_Pos
    oled.o(i.OLED_ShowChar) refers to oled.o(i.OLED_WR_DATA) for OLED_WR_DATA
    oled.o(i.OLED_ShowChar) refers to oled.o(.constdata) for .constdata
    oled.o(i.OLED_ShowNum) refers to oled.o(i.oled_pow) for oled_pow
    oled.o(i.OLED_ShowNum) refers to oled.o(i.OLED_ShowChar) for OLED_ShowChar
    oled.o(i.OLED_ShowRectangle) refers to oled.o(i.OLED_Set_Pos) for OLED_Set_Pos
    oled.o(i.OLED_ShowRectangle) refers to oled.o(i.OLED_WR_DATA) for OLED_WR_DATA
    oled.o(i.OLED_ShowSignedNum) refers to oled.o(i.OLED_ShowChar) for OLED_ShowChar
    oled.o(i.OLED_ShowSignedNum) refers to oled.o(i.oled_pow) for oled_pow
    oled.o(i.OLED_ShowString) refers to oled.o(i.OLED_ShowChar) for OLED_ShowChar
    oled.o(i.OLED_Showdecimal) refers to oled.o(i.oled_pow) for oled_pow
    oled.o(i.OLED_Showdecimal) refers to oled.o(i.OLED_ShowChar) for OLED_ShowChar
    oled.o(i.OLED_WR_CMD) refers to stm32f4xx_hal_i2c.o(i.HAL_I2C_Mem_Write) for HAL_I2C_Mem_Write
    oled.o(i.OLED_WR_CMD) refers to i2c.o(.bss) for hi2c1
    oled.o(i.OLED_WR_DATA) refers to stm32f4xx_hal_i2c.o(i.HAL_I2C_Mem_Write) for HAL_I2C_Mem_Write
    oled.o(i.OLED_WR_DATA) refers to i2c.o(.bss) for hi2c1
    oled.o(i.WriteCmd) refers to stm32f4xx_hal_i2c.o(i.HAL_I2C_Mem_Write) for HAL_I2C_Mem_Write
    oled.o(i.WriteCmd) refers to oled.o(.data) for .data
    oled.o(i.WriteCmd) refers to i2c.o(.bss) for hi2c1
[...]
    ../fplib/microlib/fpepilogue.c           0x00000000   Number         0  fepilogue.o ABSOLUTE
    ../fplib/microlib/fpflt.c                0x00000000   Number         0  dflti.o ABSOLUTE
    ../fplib/microlib/fpmul.c                0x00000000   Number         0  dmul.o ABSOLUTE
    ../fplib/microlib/fpneg.c                0x00000000   Number         0  dneg.o ABSOLUTE
    ../fplib/microlib/fpsqrt.c               0x00000000   Number         0  dsqrt.o ABSOLUTE
    ../mathlib/asin.c                        0x00000000   Number         0  asin.o ABSOLUTE
    ../mathlib/asin.c                        0x00000000   Number         0  asin_x.o ABSOLUTE
    ../mathlib/atan.c                        0x00000000   Number         0  atan_x.o ABSOLUTE
    ../mathlib/atan.c                        0x00000000   Number         0  atan.o ABSOLUTE
    ../mathlib/atan2.c                       0x00000000   Number         0  atan2_x.o ABSOLUTE
    ../mathlib/atan2.c                       0x00000000   Number         0  atan2.o ABSOLUTE
    ../mathlib/dunder.c                      0x00000000   Number         0  dunder.o ABSOLUTE
    ../mathlib/fabs.c                        0x00000000   Number         0  fabs.o ABSOLUTE
    ../mathlib/fpclassify.c                  0x00000000   Number         0  fpclassify.o ABSOLUTE
    ../mathlib/poly.c                        0x00000000   Number         0  poly.o ABSOLUTE
    ../mathlib/qnan.c                        0x00000000   Number         0  qnan.o ABSOLUTE
    ../mathlib/sqrt.c                        0x00000000   Number         0  sqrt_x.o ABSOLUTE
    ../mathlib/sqrt.c                        0x00000000   Number         0  sqrt.o ABSOLUTE
    ..\Core\Src\Bluetooth.c                  0x00000000   Number         0  bluetooth.o ABSOLUTE
    ..\Core\Src\Delay.c                      0x00000000   Number         0  delay.o ABSOLUTE
    ..\Core\Src\HuiDu.c                      0x00000000   Number         0  huidu.o ABSOLUTE
    ..\Core\Src\IMU_FLITER.c                 0x00000000   Number         0  imu_fliter.o ABSOLUTE
    ..\Core\Src\L294N.c                      0x00000000   Number         0  l294n.o ABSOLUTE
    ..\Core\Src\OLED.c                       0x00000000   Number         0  oled.o ABSOLUTE
    ..\Core\Src\Raspi.c                      0x00000000   Number         0  raspi.o ABSOLUTE
    ..\Core\Src\adc.c                        0x00000000   Number         0  adc.o ABSOLUTE
    ..\Core\Src\convert.c                    0x00000000   Number         0  convert.o ABSOLUTE
    ..\Core\Src\gpio.c                       0x00000000   Number         0  gpio.o ABSOLUTE
    ..\Core\Src\i2c.c                        0x00000000   Number         0  i2c.o ABSOLUTE
    ..\Core\Src\main.c                       0x00000000   Number         0  main.o ABSOLUTE
    ..\Core\Src\matrix_keyboard.c            0x00000000   Number         0  matrix_keyboard.o ABSOLUTE
    ..\Core\Src\mpu6050.c                    0x00000000   Number         0  mpu6050.o ABSOLUTE
    ..\Core\Src\mpuiic.c                     0x00000000   Number         0  mpuiic.o ABSOLUTE
    ..\Core\Src\pid.c                        0x00000000   Number         0  pid.o ABSOLUTE
    ..\Core\Src\stm32f4xx_hal_msp.c          0x00000000   Number         0  stm32f4xx_hal_msp.o ABSOLUTE
    ..\Core\Src\stm32f4xx_it.c               0x00000000   Number         0  stm32f4xx_it.o ABSOLUTE
    ..\Core\Src\system_stm32f4xx.c           0x00000000   Number         0  system_stm32f4xx.o ABSOLUTE
    ..\Core\Src\tim.c                        0x00000000   Number         0  tim.o ABSOLUTE
    ..\Core\Src\usart.c                      0x00000000   Number         0  usart.o ABSOLUTE
    ..\Core\Src\vofa.c                       0x00000000   Number         0  vofa.o ABSOLUTE
    ..\Drivers\STM32F4xx_HAL_Driver\Src\stm32f4xx_hal.c 0x00000000   Number         0  stm32f4xx_hal.o ABSOLUTE
    ..\Drivers\STM32F4xx_HAL_Driver\Src\stm32f4xx_hal_adc.c 0x00000000   Number         0  stm32f4xx_hal_adc.o ABSOLUTE
    ..\Drivers\STM32F4xx_HAL_Driver\Src\stm32f4xx_hal_adc_ex.c 0x00000000   Number         0  stm32f4xx_hal_adc_ex.o ABSOLUTE
    ..\Drivers\STM32F4xx_HAL_Driver\Src\stm32f4xx_hal_cortex.c 0x00000000   Number         0  stm32f4xx_hal_cortex.o ABSOLUTE
    ..\Drivers\STM32F4xx_HAL_Driver\Src\stm32f4xx_hal_dma.c 0x00000000   Number         0  stm32f4xx_hal_dma.o ABSOLUTE
    ..\Drivers\STM32F4xx_HAL_Driver\Src\stm32f4xx_hal_dma_ex.c 0x00000000   Number         0  stm32f4xx_hal_dma_ex.o ABSOLUTE
    ..\Drivers\STM32F4xx_HAL_Driver\Src\stm32f4xx_hal_exti.c 0x00000000   Number         0  stm32f4xx_hal_exti.o ABSOLUTE
    ..\Drivers\STM32F4xx_HAL_Driver\Src\stm32f4xx_hal_flash.c 0x00000000   Number         0  stm32f4xx_hal_flash.o ABSOLUTE
    ..\Drivers\STM32F4xx_HAL_Driver\Src\stm32f4xx_hal_flash_ex.c 0x00000000   Number         0  stm32f4xx_hal_flash_ex.o ABSOLUTE
    ..\Drivers\STM32F4xx_HAL_Driver\Src\stm32f4xx_hal_flash_ramfunc.c 0x00000000   Number         0  stm32f4xx_hal_flash_ramfunc.o ABSOLUTE
    ..\Drivers\STM32F4xx_HAL_Driver\Src\stm32f4xx_hal_gpio.c 0x00000000   Number         0  stm32f4xx_hal_gpio.o ABSOLUTE
    ..\Drivers\STM32F4xx_HAL_Driver\Src\stm32f4xx_hal_i2c.c 0x00000000   Number         0  stm32f4xx_hal_i2c.o ABSOLUTE
    ..\Drivers\STM32F4xx_HAL_Driver\Src\stm32f4xx_hal_i2c_ex.c 0x00000000   Number         0  stm32f4xx_hal_i2c_ex.o ABSOLUTE
    ..\Drivers\STM32F4xx_HAL_Driver\Src\stm32f4xx_hal_pwr.c 0x00000000   Number         0  stm32f4xx_hal_pwr.o ABSOLUTE
    ..\Drivers\STM32F4xx_HAL_Driver\Src\stm32f4xx_hal_pwr_ex.c 0x00000000   Number         0  stm32f4xx_hal_pwr_ex.o ABSOLUTE
    ..\Drivers\STM32F4xx_HAL_Driver\Src\stm32f4xx_hal_rcc.c 0x00000000   Number         0  stm32f4xx_hal_rcc.o ABSOLUTE
    ..\Drivers\STM32F4xx_HAL_Driver\Src\stm32f4xx_hal_rcc_ex.c 0x00000000   Number         0  stm32f4xx_hal_rcc_ex.o ABSOLUTE
    ..\Drivers\STM32F4xx_HAL_Driver\Src\stm32f4xx_hal_tim.c 0x00000000   Number         0  stm32f4xx_hal_tim.o ABSOLUTE
    ..\Drivers\STM32F4xx_HAL_Driver\Src\stm32f4xx_hal_tim_ex.c 0x00000000   Number         0  stm32f4xx_hal_tim_ex.o ABSOLUTE
    ..\Drivers\STM32F4xx_HAL_Driver\Src\stm32f4xx_hal_uart.c 0x00000000   Number         0  stm32f4xx_hal_uart.o ABSOLUTE
    ..\\Core\\Src\\Bluetooth.c               0x00000000   Number         0  bluetooth.o ABSOLUTE
    ..\\Core\\Src\\Delay.c                   0x00000000   Number         0  delay.o ABSOLUTE
    ..\\Core\\Src\\HuiDu.c                   0x00000000   Number         0  huidu.o ABSOLUTE
    ..\\Core\\Src\\IMU_FLITER.c              0x00000000   Number         0  imu_fliter.o ABSOLUTE
    ..\\Core\\Src\\L294N.c                   0x00000000   Number         0  l294n.o ABSOLUTE
    ..\\Core\\Src\\OLED.c                    0x00000000   Number         0  oled.o ABSOLUTE
    ..\\Core\\Src\\Raspi.c                   0x00000000   Number         0  raspi.o ABSOLUTE
    ..\\Core\\Src\\convert.c                 0x00000000   Number         0  convert.o ABSOLUTE
    ..\\Core\\Src\\mpu6050.c                 0x00000000   Number         0  mpu6050.o ABSOLUTE
    ..\\Core\\Src\\mpuiic.c                  0x00000000   Number         0  mpuiic.o ABSOLUTE
    ..\\Core\\Src\\pid.c                     0x00000000   Number         0  pid.o ABSOLUTE
    ..\\Core\\Src\\system_stm32f4xx.c        0x00000000   Number         0  system_stm32f4xx.o ABSOLUTE
    ..\\Core\\Src\\vofa.c                    0x00000000   Number         0  vofa.o ABSOLUTE
    cdcmple.s                                0x00000000   Number         0  cdcmple.o ABSOLUTE
    dc.s                                     0x00000000   Number         0  dc.o ABSOLUTE
    handlers.s                               0x00000000   Number         0  handlers.o ABSOLUTE
    init.s                                   0x00000000   Number         0  init.o ABSOLUTE
    startup_stm32f407xx.s                    0x00000000   Number         0  startup_stm32f407xx.o ABSOLUTE
    RESET                                    0x08000000   Section      392  startup_stm32f407xx.o(RESET)
    .ARM.Collect$$$$00000000                 0x08000188   Section        0  entry.o(.ARM.Collect$$$$00000000)
    .ARM.Collect$$$$00000001                 0x08000188   Section        4  entry2.o(.ARM.Collect$$$$00000001)
    .ARM.Collect$$$$00000004                 0x0800018c   Section        4  entry5.o(.ARM.Collect$$$$00000004)
    .ARM.Collect$$$$00000008                 0x08000190   Section        0  entry7b.o(.ARM.Collect$$$$00000008)
    .ARM.Collect$$$$0000000A                 0x08000190   Section        0  entry8b.o(.ARM.Collect$$$$0000000A)
    .ARM.Collect$$$$0000000B                 0x08000190   Section        8  entry9a.o(.ARM.Collect$$$$0000000B)
    .ARM.Collect$$$$0000000E                 0x08000198   Section        4  entry12b.o(.ARM.Collect$$$$0000000E)
    .ARM.Collect$$$$0000000F                 0x0800019c   Section        0  entry10a.o(.ARM.Collect$$$$0000000F)
    .ARM.Collect$$$$00000011                 0x0800019c   Section        0  entry11a.o(.ARM.Collect$$$$00000011)
    .ARM.Collect$$$$00002712                 0x0800019c   Section        4  entry2.o(.ARM.Collect$$$$00002712)
    __lit__00000000                          0x0800019c   Data           4  entry2.o(.ARM.Collect$$$$00002712)
    .text                                    0x080001a0   Section       36  startup_stm32f407xx.o(.text)
    $v0                                      0x080001a0   Number         0  startup_stm32f407xx.o(.text)
    .text                                    0x080001c4   Section        0  uldiv.o(.text)
    .text                                    0x08000226   Section        0  memseta.o(.text)
    .text                                    0x0800024a   Section        0  dadd.o(.text)
    .text                                    0x08000398   Section        0  ddiv.o(.text)
    .text                                    0x08000476   Section        0  dflti.o(.text)
    .text                                    0x08000498   Section        0  d2f.o(.text)
    .text                                    0x080004d0   Section        0  llshl.o(.text)
    .text                                    0x080004ee   Section        0  llushr.o(.text)
    .text                                    0x0800050e   Section        0  llsshr.o(.text)
    .text                                    0x08000532   Section        0  fepilogue.o(.text)
    .text                                    0x08000532   Section        0  iusefp.o(.text)
    .text                                    0x080005a0   Section        0  depilogue.o(.text)
    .text                                    0x0800065c   Section       36  init.o(.text)
    i.ADC_Init                               0x08000680   Section        0  stm32f4xx_hal_adc.o(i.ADC_Init)
    ADC_Init                                 0x08000681   Thumb Code   284  stm32f4xx_hal_adc.o(i.ADC_Init)
    i.Back                                   0x080007a8   Section        0  l294n.o(i.Back)
    i.BusFault_Handler                       0x080007c0   Section        0  stm32f4xx_it.o(i.BusFault_Handler)
    i.DebugMon_Handler                       0x080007c2   Section        0  stm32f4xx_it.o(i.DebugMon_Handler)
    i.Error_Handler                          0x080007c4   Section        0  main.o(i.Error_Handler)
    i.Float_to_Byte                          0x080007c8   Section        0  vofa.o(i.Float_to_Byte)
    i.Forward                                0x080007dc   Section        0  l294n.o(i.Forward)
    i.HAL_ADC_ConfigChannel                  0x080007f4   Section        0  stm32f4xx_hal_adc.o(i.HAL_ADC_ConfigChannel)
    i.HAL_ADC_Init                           0x08000940   Section        0  stm32f4xx_hal_adc.o(i.HAL_ADC_Init)
    i.HAL_ADC_MspInit                        0x08000994   Section        0  adc.o(i.HAL_ADC_MspInit)
    i.HAL_DMA_Abort                          0x080009f4   Section        0  stm32f4xx_hal_dma.o(i.HAL_DMA_Abort)
    i.HAL_DMA_Abort_IT                       0x08000a86   Section        0  stm32f4xx_hal_dma.o(i.HAL_DMA_Abort_IT)
    i.HAL_Delay                              0x08000aac   Section        0  stm32f4xx_hal.o(i.HAL_Delay)
    i.HAL_GPIO_Init                          0x08000ad0   Section        0  stm32f4xx_hal_gpio.o(i.HAL_GPIO_Init)
    i.HAL_GPIO_ReadPin                       0x08000cc0   Section        0  stm32f4xx_hal_gpio.o(i.HAL_GPIO_ReadPin)
    i.HAL_GPIO_TogglePin                     0x08000cca   Section        0  stm32f4xx_hal_gpio.o(i.HAL_GPIO_TogglePin)
    i.HAL_GPIO_WritePin                      0x08000cda   Section        0  stm32f4xx_hal_gpio.o(i.HAL_GPIO_WritePin)
    i.HAL_GetTick                            0x08000ce4   Section        0  stm32f4xx_hal.o(i.HAL_GetTick)
    i.HAL_I2C_Init                           0x08000cf0   Section        0  stm32f4xx_hal_i2c.o(i.HAL_I2C_Init)
    i.HAL_I2C_Mem_Write                      0x08000e78   Section        0  stm32f4xx_hal_i2c.o(i.HAL_I2C_Mem_Write)
    i.HAL_I2C_MspInit                        0x08000fa8   Section        0  i2c.o(i.HAL_I2C_MspInit)
    i.HAL_IncTick                            0x08001090   Section        0  stm32f4xx_hal.o(i.HAL_IncTick)
    i.HAL_Init                               0x080010a0   Section        0  stm32f4xx_hal.o(i.HAL_Init)
    i.HAL_InitTick                           0x080010d4   Section        0  stm32f4xx_hal.o(i.HAL_InitTick)
    i.HAL_MspInit                            0x08001114   Section        0  stm32f4xx_hal_msp.o(i.HAL_MspInit)
    i.HAL_NVIC_EnableIRQ                     0x08001144   Section        0  stm32f4xx_hal_cortex.o(i.HAL_NVIC_EnableIRQ)
    i.HAL_NVIC_SetPriority                   0x08001160   Section        0  stm32f4xx_hal_cortex.o(i.HAL_NVIC_SetPriority)
    i.HAL_NVIC_SetPriorityGrouping           0x080011a0   Section        0  stm32f4xx_hal_cortex.o(i.HAL_NVIC_SetPriorityGrouping)
    i.HAL_RCC_ClockConfig                    0x080011c4   Section        0  stm32f4xx_hal_rcc.o(i.HAL_RCC_ClockConfig)
    i.HAL_RCC_GetPCLK1Freq                   0x080012f8   Section        0  stm32f4xx_hal_rcc.o(i.HAL_RCC_GetPCLK1Freq)
    i.HAL_RCC_GetPCLK2Freq                   0x08001318   Section        0  stm32f4xx_hal_rcc.o(i.HAL_RCC_GetPCLK2Freq)
    i.HAL_RCC_GetSysClockFreq                0x08001338   Section        0  stm32f4xx_hal_rcc.o(i.HAL_RCC_GetSysClockFreq)
    i.HAL_RCC_OscConfig                      0x08001398   Section        0  stm32f4xx_hal_rcc.o(i.HAL_RCC_OscConfig)
    i.HAL_SYSTICK_Config                     0x08001704   Section        0  stm32f4xx_hal_cortex.o(i.HAL_SYSTICK_Config)
    i.HAL_TIMEx_BreakCallback                0x0800172c   Section        0  stm32f4xx_hal_tim_ex.o(i.HAL_TIMEx_BreakCallback)
    i.HAL_TIMEx_CommutCallback               0x0800172e   Section        0  stm32f4xx_hal_tim_ex.o(i.HAL_TIMEx_CommutCallback)
    i.HAL_TIMEx_MasterConfigSynchronization  0x08001730   Section        0  stm32f4xx_hal_tim_ex.o(i.HAL_TIMEx_MasterConfigSynchronization)
    i.HAL_TIM_Base_Init                      0x080017c0   Section        0  stm32f4xx_hal_tim.o(i.HAL_TIM_Base_Init)
    i.HAL_TIM_Base_MspInit                   0x0800181c   Section        0  tim.o(i.HAL_TIM_Base_MspInit)
    i.HAL_TIM_Base_Start                     0x0800186c   Section        0  stm32f4xx_hal_tim.o(i.HAL_TIM_Base_Start)
    i.HAL_TIM_Base_Start_IT                  0x080018e4   Section        0  stm32f4xx_hal_tim.o(i.HAL_TIM_Base_Start_IT)
    i.HAL_TIM_Base_Stop                      0x08001964   Section        0  stm32f4xx_hal_tim.o(i.HAL_TIM_Base_Stop)
    i.HAL_TIM_ConfigClockSource              0x0800198a   Section        0  stm32f4xx_hal_tim.o(i.HAL_TIM_ConfigClockSource)
    i.HAL_TIM_Encoder_Init                   0x08001a66   Section        0  stm32f4xx_hal_tim.o(i.HAL_TIM_Encoder_Init)
    i.HAL_TIM_Encoder_MspInit                0x08001b0c   Section        0  tim.o(i.HAL_TIM_Encoder_MspInit)
    i.HAL_TIM_IC_CaptureCallback             0x08001bac   Section        0  stm32f4xx_hal_tim.o(i.HAL_TIM_IC_CaptureCallback)
    i.HAL_TIM_IRQHandler                     0x08001bae   Section        0  stm32f4xx_hal_tim.o(i.HAL_TIM_IRQHandler)
    i.HAL_TIM_MspPostInit                    0x08001d14   Section        0  tim.o(i.HAL_TIM_MspPostInit)
    i.HAL_TIM_OC_DelayElapsedCallback        0x08001d64   Section        0  stm32f4xx_hal_tim.o(i.HAL_TIM_OC_DelayElapsedCallback)
    i.HAL_TIM_PWM_ConfigChannel              0x08001d66   Section        0  stm32f4xx_hal_tim.o(i.HAL_TIM_PWM_ConfigChannel)
    i.HAL_TIM_PWM_Init                       0x08001e32   Section        0  stm32f4xx_hal_tim.o(i.HAL_TIM_PWM_Init)
    i.HAL_TIM_PWM_MspInit                    0x08001e8c   Section        0  stm32f4xx_hal_tim.o(i.HAL_TIM_PWM_MspInit)
    i.HAL_TIM_PWM_PulseFinishedCallback      0x08001e8e   Section        0  stm32f4xx_hal_tim.o(i.HAL_TIM_PWM_PulseFinishedCallback)
    i.HAL_TIM_PWM_Start                      0x08001e90   Section        0  stm32f4xx_hal_tim.o(i.HAL_TIM_PWM_Start)
    i.HAL_TIM_PeriodElapsedCallback          0x08001f58   Section        0  main.o(i.HAL_TIM_PeriodElapsedCallback)
    i.HAL_TIM_TriggerCallback                0x08001f74   Section        0  stm32f4xx_hal_tim.o(i.HAL_TIM_TriggerCallback)
    i.HAL_UARTEx_RxEventCallback             0x08001f76   Section        0  stm32f4xx_hal_uart.o(i.HAL_UARTEx_RxEventCallback)
    i.HAL_UART_ErrorCallback                 0x08001f78   Section        0  stm32f4xx_hal_uart.o(i.HAL_UART_ErrorCallback)
    i.HAL_UART_GetState                      0x08001f7a   Section        0  stm32f4xx_hal_uart.o(i.HAL_UART_GetState)
    i.HAL_UART_IRQHandler                    0x08001f84   Section        0  stm32f4xx_hal_uart.o(i.HAL_UART_IRQHandler)
    i.HAL_UART_Init                          0x080021ec   Section        0  stm32f4xx_hal_uart.o(i.HAL_UART_Init)
    i.HAL_UART_MspInit                       0x08002250   Section        0  usart.o(i.HAL_UART_MspInit)
    i.HAL_UART_Receive_IT                    0x080023b4   Section        0  stm32f4xx_hal_uart.o(i.HAL_UART_Receive_IT)
    i.HAL_UART_RxCpltCallback                0x080023e0   Section        0  vofa.o(i.HAL_UART_RxCpltCallback)
    i.HAL_UART_Transmit                      0x08002608   Section        0  stm32f4xx_hal_uart.o(i.HAL_UART_Transmit)
    i.HAL_UART_TxCpltCallback                0x080026ba   Section        0  stm32f4xx_hal_uart.o(i.HAL_UART_TxCpltCallback)
    i.HardFault_Handler                      0x080026bc   Section        0  stm32f4xx_it.o(i.HardFault_Handler)
    i.I2C_IsAcknowledgeFailed                0x080026be   Section        0  stm32f4xx_hal_i2c.o(i.I2C_IsAcknowledgeFailed)
    I2C_IsAcknowledgeFailed                  0x080026bf   Thumb Code    46  stm32f4xx_hal_i2c.o(i.I2C_IsAcknowledgeFailed)
    i.I2C_RequestMemoryWrite                 0x080026ec   Section        0  stm32f4xx_hal_i2c.o(i.I2C_RequestMemoryWrite)
    I2C_RequestMemoryWrite                   0x080026ed   Thumb Code   162  stm32f4xx_hal_i2c.o(i.I2C_RequestMemoryWrite)
    i.I2C_WaitOnBTFFlagUntilTimeout          0x08002794   Section        0  stm32f4xx_hal_i2c.o(i.I2C_WaitOnBTFFlagUntilTimeout)
    I2C_WaitOnBTFFlagUntilTimeout            0x08002795   Thumb Code    76  stm32f4xx_hal_i2c.o(i.I2C_WaitOnBTFFlagUntilTimeout)
    i.I2C_WaitOnFlagUntilTimeout             0x080027e0   Section        0  stm32f4xx_hal_i2c.o(i.I2C_WaitOnFlagUntilTimeout)
    I2C_WaitOnFlagUntilTimeout               0x080027e1   Thumb Code   104  stm32f4xx_hal_i2c.o(i.I2C_WaitOnFlagUntilTimeout)
    i.I2C_WaitOnMasterAddressFlagUntilTimeout 0x08002848   Section        0  stm32f4xx_hal_i2c.o(i.I2C_WaitOnMasterAddressFlagUntilTimeout)
    I2C_WaitOnMasterAddressFlagUntilTimeout  0x08002849   Thumb Code   150  stm32f4xx_hal_i2c.o(i.I2C_WaitOnMasterAddressFlagUntilTimeout)
    i.I2C_WaitOnTXEFlagUntilTimeout          0x080028de   Section        0  stm32f4xx_hal_i2c.o(i.I2C_WaitOnTXEFlagUntilTimeout)
    I2C_WaitOnTXEFlagUntilTimeout            0x080028df   Thumb Code    76  stm32f4xx_hal_i2c.o(i.I2C_WaitOnTXEFlagUntilTimeout)
    i.Left                                   0x0800292c   Section        0  l294n.o(i.Left)
    i.MPU_Get_Temperature                    0x08002944   Section        0  mpu6050.o(i.MPU_Get_Temperature)
    i.MPU_IIC_Ack                            0x080029a8   Section        0  mpuiic.o(i.MPU_IIC_Ack)
    i.MPU_IIC_Init                           0x080029fc   Section        0  mpuiic.o(i.MPU_IIC_Init)
    i.MPU_IIC_NAck                           0x08002a64   Section        0  mpuiic.o(i.MPU_IIC_NAck)
    i.MPU_IIC_Read_Byte                      0x08002aa4   Section        0  mpuiic.o(i.MPU_IIC_Read_Byte)
    i.MPU_IIC_Send_Byte                      0x08002b0c   Section        0  mpuiic.o(i.MPU_IIC_Send_Byte)
    i.MPU_IIC_Start                          0x08002b6c   Section        0  mpuiic.o(i.MPU_IIC_Start)
    i.MPU_IIC_Stop                           0x08002bb8   Section        0  mpuiic.o(i.MPU_IIC_Stop)
    i.MPU_IIC_Wait_Ack                       0x08002bf8   Section        0  mpuiic.o(i.MPU_IIC_Wait_Ack)
    i.MPU_Init                               0x08002c60   Section        0  mpu6050.o(i.MPU_Init)
    i.MPU_Read_Byte                          0x08002ce4   Section        0  mpu6050.o(i.MPU_Read_Byte)
    i.MPU_Read_Len                           0x08002d20   Section        0  mpu6050.o(i.MPU_Read_Len)
    i.MPU_Set_Accel_Fsr                      0x08002d8c   Section        0  mpu6050.o(i.MPU_Set_Accel_Fsr)
    i.MPU_Set_Gyro_Fsr                       0x08002d96   Section        0  mpu6050.o(i.MPU_Set_Gyro_Fsr)
    i.MPU_Set_LPF                            0x08002da0   Section        0  mpu6050.o(i.MPU_Set_LPF)
    i.MPU_Set_Rate                           0x08002dd0   Section        0  mpu6050.o(i.MPU_Set_Rate)
    i.MPU_Write_Byte                         0x08002dfe   Section        0  mpu6050.o(i.MPU_Write_Byte)
    i.MX_ADC1_Init                           0x08002e3c   Section        0  adc.o(i.MX_ADC1_Init)
    i.MX_GPIO_Init                           0x08002ea0   Section        0  gpio.o(i.MX_GPIO_Init)
    i.MX_I2C1_Init                           0x08002fc4   Section        0  i2c.o(i.MX_I2C1_Init)
    i.MX_I2C3_Init                           0x08003004   Section        0  i2c.o(i.MX_I2C3_Init)
    i.MX_TIM2_Init                           0x08003044   Section        0  tim.o(i.MX_TIM2_Init)
    i.MX_TIM3_Init                           0x080030a8   Section        0  tim.o(i.MX_TIM3_Init)
    i.MX_TIM4_Init                           0x08003150   Section        0  tim.o(i.MX_TIM4_Init)
    i.MX_TIM5_Init                           0x080031bc   Section        0  tim.o(i.MX_TIM5_Init)
    i.MX_USART1_UART_Init                    0x08003228   Section        0  usart.o(i.MX_USART1_UART_Init)
    i.MX_USART2_UART_Init                    0x08003260   Section        0  usart.o(i.MX_USART2_UART_Init)
    i.MX_USART3_UART_Init                    0x08003298   Section        0  usart.o(i.MX_USART3_UART_Init)
    i.MX_USART6_UART_Init                    0x080032d0   Section        0  usart.o(i.MX_USART6_UART_Init)
    i.MemManage_Handler                      0x08003308   Section        0  stm32f4xx_it.o(i.MemManage_Handler)
    i.NMI_Handler                            0x0800330a   Section        0  stm32f4xx_it.o(i.NMI_Handler)
    i.OLED_Clear                             0x0800330c   Section        0  oled.o(i.OLED_Clear)
    i.OLED_Init                              0x08003340   Section        0  oled.o(i.OLED_Init)
    i.OLED_Set_Pos                           0x08003350   Section        0  oled.o(i.OLED_Set_Pos)
    i.OLED_ShowChar                          0x08003374   Section        0  oled.o(i.OLED_ShowChar)
    i.OLED_ShowNum                           0x080033fc   Section        0  oled.o(i.OLED_ShowNum)
    i.OLED_Showdecimal                       0x08003466   Section        0  oled.o(i.OLED_Showdecimal)
    i.OLED_WR_CMD                            0x08003560   Section        0  oled.o(i.OLED_WR_CMD)
    i.OLED_WR_DATA                           0x08003584   Section        0  oled.o(i.OLED_WR_DATA)
    i.PID_init                               0x080035a8   Section        0  pid.o(i.PID_init)
    i.PendSV_Handler                         0x080035fc   Section        0  stm32f4xx_it.o(i.PendSV_Handler)
    i.Reset                                  0x08003600   Section        0  l294n.o(i.Reset)
    i.Right                                  0x0800361c   Section        0  l294n.o(i.Right)
    i.SVC_Handler                            0x08003634   Section        0  stm32f4xx_it.o(i.SVC_Handler)
    i.Send_Data                              0x08003636   Section        0  vofa.o(i.Send_Data)
    i.Send_Tail                              0x080036a4   Section        0  vofa.o(i.Send_Tail)
    i.SysTick_Handler                        0x08003714   Section        0  stm32f4xx_it.o(i.SysTick_Handler)
    i.SystemClock_Config                     0x08003718   Section        0  main.o(i.SystemClock_Config)
    i.SystemInit                             0x080037b0   Section        0  system_stm32f4xx.o(i.SystemInit)
    i.TIM2_IRQHandler                        0x080037c0   Section        0  stm32f4xx_it.o(i.TIM2_IRQHandler)
    i.TIM_Base_SetConfig                     0x080037cc   Section        0  stm32f4xx_hal_tim.o(i.TIM_Base_SetConfig)
    i.TIM_CCxChannelCmd                      0x08003894   Section        0  stm32f4xx_hal_tim.o(i.TIM_CCxChannelCmd)
    i.TIM_ETR_SetConfig                      0x080038ae   Section        0  stm32f4xx_hal_tim.o(i.TIM_ETR_SetConfig)
    i.TIM_ITRx_SetConfig                     0x080038c2   Section        0  stm32f4xx_hal_tim.o(i.TIM_ITRx_SetConfig)
    TIM_ITRx_SetConfig                       0x080038c3   Thumb Code    16  stm32f4xx_hal_tim.o(i.TIM_ITRx_SetConfig)
    i.TIM_OC1_SetConfig                      0x080038d4   Section        0  stm32f4xx_hal_tim.o(i.TIM_OC1_SetConfig)
    TIM_OC1_SetConfig                        0x080038d5   Thumb Code    88  stm32f4xx_hal_tim.o(i.TIM_OC1_SetConfig)
    i.TIM_OC2_SetConfig                      0x08003934   Section        0  stm32f4xx_hal_tim.o(i.TIM_OC2_SetConfig)
    i.TIM_OC3_SetConfig                      0x080039a0   Section        0  stm32f4xx_hal_tim.o(i.TIM_OC3_SetConfig)
    TIM_OC3_SetConfig                        0x080039a1   Thumb Code    96  stm32f4xx_hal_tim.o(i.TIM_OC3_SetConfig)
    i.TIM_OC4_SetConfig                      0x08003a08   Section        0  stm32f4xx_hal_tim.o(i.TIM_OC4_SetConfig)
    TIM_OC4_SetConfig                        0x08003a09   Thumb Code    70  stm32f4xx_hal_tim.o(i.TIM_OC4_SetConfig)
    i.TIM_TI1_ConfigInputStage               0x08003a58   Section        0  stm32f4xx_hal_tim.o(i.TIM_TI1_ConfigInputStage)
    TIM_TI1_ConfigInputStage                 0x08003a59   Thumb Code    34  stm32f4xx_hal_tim.o(i.TIM_TI1_ConfigInputStage)
    i.TIM_TI2_ConfigInputStage               0x08003a7a   Section        0  stm32f4xx_hal_tim.o(i.TIM_TI2_ConfigInputStage)
    TIM_TI2_ConfigInputStage                 0x08003a7b   Thumb Code    36  stm32f4xx_hal_tim.o(i.TIM_TI2_ConfigInputStage)
    i.UART_DMAAbortOnError                   0x08003a9e   Section        0  stm32f4xx_hal_uart.o(i.UART_DMAAbortOnError)
    UART_DMAAbortOnError                     0x08003a9f   Thumb Code    16  stm32f4xx_hal_uart.o(i.UART_DMAAbortOnError)
    i.UART_EndRxTransfer                     0x08003aae   Section        0  stm32f4xx_hal_uart.o(i.UART_EndRxTransfer)
    UART_EndRxTransfer                       0x08003aaf   Thumb Code    78  stm32f4xx_hal_uart.o(i.UART_EndRxTransfer)
    i.UART_Receive_IT                        0x08003afc   Section        0  stm32f4xx_hal_uart.o(i.UART_Receive_IT)
    UART_Receive_IT                          0x08003afd   Thumb Code   192  stm32f4xx_hal_uart.o(i.UART_Receive_IT)
    i.UART_SetConfig                         0x08003bbc   Section        0  stm32f4xx_hal_uart.o(i.UART_SetConfig)
    UART_SetConfig                           0x08003bbd   Thumb Code   258  stm32f4xx_hal_uart.o(i.UART_SetConfig)
    i.UART_Start_Receive_IT                  0x08003cc8   Section        0  stm32f4xx_hal_uart.o(i.UART_Start_Receive_IT)
    i.UART_WaitOnFlagUntilTimeout            0x08003d02   Section        0  stm32f4xx_hal_uart.o(i.UART_WaitOnFlagUntilTimeout)
    UART_WaitOnFlagUntilTimeout              0x08003d03   Thumb Code   120  stm32f4xx_hal_uart.o(i.UART_WaitOnFlagUntilTimeout)
    i.USART1_IRQHandler                      0x08003d7c   Section        0  stm32f4xx_it.o(i.USART1_IRQHandler)
    i.USART2_IRQHandler                      0x08003d88   Section        0  stm32f4xx_it.o(i.USART2_IRQHandler)
    i.USART3_IRQHandler                      0x08003d94   Section        0  stm32f4xx_it.o(i.USART3_IRQHandler)
    i.UsageFault_Handler                     0x08003da0   Section        0  stm32f4xx_it.o(i.UsageFault_Handler)
    i.WriteCmd                               0x08003da4   Section        0  oled.o(i.WriteCmd)
    i.__NVIC_SetPriority                     0x08003dd8   Section        0  stm32f4xx_hal_cortex.o(i.__NVIC_SetPriority)
    __NVIC_SetPriority                       0x08003dd9   Thumb Code    32  stm32f4xx_hal_cortex.o(i.__NVIC_SetPriority)
    i.__scatterload_copy                     0x08003df8   Section       14  handlers.o(i.__scatterload_copy)
    i.__scatterload_null                     0x08003e06   Section        2  handlers.o(i.__scatterload_null)
    i.__scatterload_zeroinit                 0x08003e08   Section       14  handlers.o(i.__scatterload_zeroinit)
    i.delaynus_tim                           0x08003e18   Section        0  delay.o(i.delaynus_tim)
    i.main                                   0x08003e48   Section        0  main.o(i.main)
    i.oled_pow                               0x080040b8   Section        0  oled.o(i.oled_pow)
    i.vodka_JustFloat_send                   0x080040c8   Section        0  vofa.o(i.vodka_JustFloat_send)
    .constdata                               0x08004108   Section     9992  oled.o(.constdata)
    .constdata                               0x08006810   Section       16  system_stm32f4xx.o(.constdata)
    .constdata                               0x08006820   Section        8  system_stm32f4xx.o(.constdata)
    .data                                    0x20000000   Section        2  bluetooth.o(.data)
    .data                                    0x20000002   Section        1  bluetooth.o(.data)
    .data                                    0x20000003   Section       27  oled.o(.data)
    .data                                    0x20000020   Section       24  vofa.o(.data)
    .data                                    0x20000038   Section        1  vofa.o(.data)
    .data                                    0x20000039   Section        1  vofa.o(.data)
    .data                                    0x2000003a   Section        2  raspi.o(.data)
    .data                                    0x2000003c   Section        1  raspi.o(.data)
    .data                                    0x20000040   Section        4  main.o(.data)
    .data                                    0x20000044   Section        4  main.o(.data)
    .data                                    0x20000048   Section        4  main.o(.data)
    .data                                    0x2000004c   Section        4  main.o(.data)
    .data                                    0x20000050   Section       12  stm32f4xx_hal.o(.data)
    .data                                    0x2000005c   Section        4  system_stm32f4xx.o(.data)
    .bss                                     0x20000060   Section      200  bluetooth.o(.bss)
    .bss                                     0x20000128   Section       32  pid.o(.bss)
    .bss                                     0x20000148   Section      268  vofa.o(.bss)
    .bss                                     0x20000254   Section      200  raspi.o(.bss)
    .bss                                     0x2000031c   Section       72  adc.o(.bss)
    .bss                                     0x20000364   Section      168  i2c.o(.bss)
    .bss                                     0x2000040c   Section      288  tim.o(.bss)
    .bss                                     0x2000052c   Section      272  usart.o(.bss)
    STACK                                    0x20000640   Section     1024  startup_stm32f407xx.o(STACK)

    Global Symbols

    Symbol Name                              Value     Ov Type        Size  Object(Section)

    BuildAttributes$$THM_ISAv4$E$P$D$K$B$S$7EM$VFPi3$EXTD16$VFPS$VFMA$PE$A:L22UL41UL21$X:L11$S22US41US21$IEEE1$IW$USESV6$~STKCKD$USESV7$~SHL$OTIME$ROPI$IEEEX$EBA8$MICROLIB$REQ8$PRES8$EABIv2 0x00000000   Number         0  anon$$obj.o ABSOLUTE
    __ARM_use_no_argv                        0x00000000   Number         0  main.o ABSOLUTE
    __arm_fini_                               - Undefined Weak Reference
    __cpp_initialize__aeabi_                  - Undefined Weak Reference
    __cxa_finalize                            - Undefined Weak Reference
    __decompress                              - Undefined Weak Reference
    _clock_init                               - Undefined Weak Reference
    _microlib_exit                            - Undefined Weak Reference
    __Vectors_Size                           0x00000188   Number         0  startup_stm32f407xx.o ABSOLUTE
    __Vectors                                0x08000000   Data           4  startup_stm32f407xx.o(RESET)
    __Vectors_End                            0x08000188   Data           0  startup_stm32f407xx.o(RESET)
    __main                                   0x08000189   Thumb Code     0  entry.o(.ARM.Collect$$$$00000000)
    _main_stk                                0x08000189   Thumb Code     0  entry2.o(.ARM.Collect$$$$00000001)
    _main_scatterload                        0x0800018d   Thumb Code     0  entry5.o(.ARM.Collect$$$$00000004)
    __main_after_scatterload                 0x08000191   Thumb Code     0  entry5.o(.ARM.Collect$$$$00000004)
    _main_clock                              0x08000191   Thumb Code     0  entry7b.o(.ARM.Collect$$$$00000008)
    _main_cpp_init                           0x08000191   Thumb Code     0  entry8b.o(.ARM.Collect$$$$0000000A)
    _main_init                               0x08000191   Thumb Code     0  entry9a.o(.ARM.Collect$$$$0000000B)
    __rt_lib_shutdown_fini                   0x08000199   Thumb Code     0  entry12b.o(.ARM.Collect$$$$0000000E)
    __rt_final_cpp                           0x0800019d   Thumb Code     0  entry10a.o(.ARM.Collect$$$$0000000F)
    __rt_final_exit                          0x0800019d   Thumb Code     0  entry11a.o(.ARM.Collect$$$$00000011)
    Reset_Handler                            0x080001a1   Thumb Code     8  startup_stm32f407xx.o(.text)
    ADC_IRQHandler                           0x080001bb   Thumb Code     0  startup_stm32f407xx.o(.text)
    CAN1_RX0_IRQHandler                      0x080001bb   Thumb Code     0  startup_stm32f407xx.o(.text)
    CAN1_RX1_IRQHandler                      0x080001bb   Thumb Code     0  startup_stm32f407xx.o(.text)
    CAN1_SCE_IRQHandler                      0x080001bb   Thumb Code     0  startup_stm32f407xx.o(.text)
    CAN1_TX_IRQHandler                       0x080001bb   Thumb Code     0  startup_stm32f407xx.o(.text)
    CAN2_RX0_IRQHandler                      0x080001bb   Thumb Code     0  startup_stm32f407xx.o(.text)
    CAN2_RX1_IRQHandler                      0x080001bb   Thumb Code     0  startup_stm32f407xx.o(.text)
    CAN2_SCE_IRQHandler                      0x080001bb   Thumb Code     0  startup_stm32f407xx.o(.text)
    CAN2_TX_IRQHandler                       0x080001bb   Thumb Code     0  startup_stm32f407xx.o(.text)
    DCMI_IRQHandler                          0x080001bb   Thumb Code     0  startup_stm32f407xx.o(.text)
    DMA1_Stream0_IRQHandler                  0x080001bb   Thumb Code     0  startup_stm32f407xx.o(.text)
    DMA1_Stream1_IRQHandler                  0x080001bb   Thumb Code     0  startup_stm32f407xx.o(.text)
    DMA1_Stream2_IRQHandler                  0x080001bb   Thumb Code     0  startup_stm32f407xx.o(.text)
    DMA1_Stream3_IRQHandler                  0x080001bb   Thumb Code     0  startup_stm32f407xx.o(.text)
    DMA1_Stream4_IRQHandler                  0x080001bb   Thumb Code     0  startup_stm32f407xx.o(.text)
    DMA1_Stream5_IRQHandler                  0x080001bb   Thumb Code     0  startup_stm32f407xx.o(.text)
    DMA1_Stream6_IRQHandler                  0x080001bb   Thumb Code     0  startup_stm32f407xx.o(.text)
    DMA1_Stream7_IRQHandler                  0x080001bb   Thumb Code     0  startup_stm32f407xx.o(.text)
    DMA2_Stream0_IRQHandler                  0x080001bb   Thumb Code     0  startup_stm32f407xx.o(.text)
    DMA2_Stream1_IRQHandler                  0x080001bb   Thumb Code     0  startup_stm32f407xx.o(.text)
    DMA2_Stream2_IRQHandler                  0x080001bb   Thumb Code     0  startup_stm32f407xx.o(.text)
    DMA2_Stream3_IRQHandler                  0x080001bb   Thumb Code     0  startup_stm32f407xx.o(.text)
    DMA2_Stream4_IRQHandler                  0x080001bb   Thumb Code     0  startup_stm32f407xx.o(.text)
    DMA2_Stream5_IRQHandler                  0x080001bb   Thumb Code     0  startup_stm32f407xx.o(.text)
    DMA2_Stream6_IRQHandler                  0x080001bb   Thumb Code     0  startup_stm32f407xx.o(.text)
    DMA2_Stream7_IRQHandler                  0x080001bb   Thumb Code     0  startup_stm32f407xx.o(.text)
    ETH_IRQHandler                           0x080001bb   Thumb Code     0  startup_stm32f407xx.o(.text)
    ETH_WKUP_IRQHandler                      0x080001bb   Thumb Code     0  startup_stm32f407xx.o(.text)
    EXTI0_IRQHandler                         0x080001bb   Thumb Code     0  startup_stm32f407xx.o(.text)
    EXTI15_10_IRQHandler                     0x080001bb   Thumb Code     0  startup_stm32f407xx.o(.text)
    EXTI1_IRQHandler                         0x080001bb   Thumb Code     0  startup_stm32f407xx.o(.text)
    EXTI2_IRQHandler                         0x080001bb   Thumb Code     0  startup_stm32f407xx.o(.text)
    EXTI3_IRQHandler                         0x080001bb   Thumb Code     0  startup_stm32f407xx.o(.text)
    EXTI4_IRQHandler                         0x080001bb   Thumb Code     0  startup_stm32f407xx.o(.text)
    EXTI9_5_IRQHandler                       0x080001bb   Thumb Code     0  startup_stm32f407xx.o(.text)
    FLASH_IRQHandler                         0x080001bb   Thumb Code     0  startup_stm32f407xx.o(.text)
    FMC_IRQHandler                           0x080001bb   Thumb Code     0  startup_stm32f407xx.o(.text)
    FPU_IRQHandler                           0x080001bb   Thumb Code     0  startup_stm32f407xx.o(.text)
    HASH_RNG_IRQHandler                      0x080001bb   Thumb Code     0  startup_stm32f407xx.o(.text)
    I2C1_ER_IRQHandler                       0x080001bb   Thumb Code     0  startup_stm32f407xx.o(.text)
    I2C1_EV_IRQHandler                       0x080001bb   Thumb Code     0  startup_stm32f407xx.o(.text)
    I2C2_ER_IRQHandler                       0x080001bb   Thumb Code     0  startup_stm32f407xx.o(.text)
    I2C2_EV_IRQHandler                       0x080001bb   Thumb Code     0  startup_stm32f407xx.o(.text)
    I2C3_ER_IRQHandler                       0x080001bb   Thumb Code     0  startup_stm32f407xx.o(.text)
    I2C3_EV_IRQHandler                       0x080001bb   Thumb Code     0  startup_stm32f407xx.o(.text)
    OTG_FS_IRQHandler                        0x080001bb   Thumb Code     0  startup_stm32f407xx.o(.text)
    OTG_FS_WKUP_IRQHandler                   0x080001bb   Thumb Code     0  startup_stm32f407xx.o(.text)
    OTG_HS_EP1_IN_IRQHandler                 0x080001bb   Thumb Code     0  startup_stm32f407xx.o(.text)
    OTG_HS_EP1_OUT_IRQHandler                0x080001bb   Thumb Code     0  startup_stm32f407xx.o(.text)
    OTG_HS_IRQHandler                        0x080001bb   Thumb Code     0  startup_stm32f407xx.o(.text)
    OTG_HS_WKUP_IRQHandler                   0x080001bb   Thumb Code     0  startup_stm32f407xx.o(.text)
    PVD_IRQHandler                           0x080001bb   Thumb Code     0  startup_stm32f407xx.o(.text)
    RCC_IRQHandler                           0x080001bb   Thumb Code     0  startup_stm32f407xx.o(.text)
    RTC_Alarm_IRQHandler                     0x080001bb   Thumb Code     0  startup_stm32f407xx.o(.text)
    RTC_WKUP_IRQHandler                      0x080001bb   Thumb Code     0  startup_stm32f407xx.o(.text)
    SDIO_IRQHandler                          0x080001bb   Thumb Code     0  startup_stm32f407xx.o(.text)
    SPI1_IRQHandler                          0x080001bb   Thumb Code     0  startup_stm32f407xx.o(.text)
    SPI2_IRQHandler                          0x080001bb   Thumb Code     0  startup_stm32f407xx.o(.text)
    SPI3_IRQHandler                          0x080001bb   Thumb Code     0  startup_stm32f407xx.o(.text)
    TAMP_STAMP_IRQHandler                    0x080001bb   Thumb Code     0  startup_stm32f407xx.o(.text)
    TIM1_BRK_TIM9_IRQHandler                 0x080001bb   Thumb Code     0  startup_stm32f407xx.o(.text)
    TIM1_CC_IRQHandler                       0x080001bb   Thumb Code     0  startup_stm32f407xx.o(.text)
    TIM1_TRG_COM_TIM11_IRQHandler            0x080001bb   Thumb Code     0  startup_stm32f407xx.o(.text)
    TIM1_UP_TIM10_IRQHandler                 0x080001bb   Thumb Code     0  startup_stm32f407xx.o(.text)
    TIM3_IRQHandler                          0x080001bb   Thumb Code     0  startup_stm32f407xx.o(.text)
    TIM4_IRQHandler                          0x080001bb   Thumb Code     0  startup_stm32f407xx.o(.text)
    TIM5_IRQHandler                          0x080001bb   Thumb Code     0  startup_stm32f407xx.o(.text)
    TIM6_DAC_IRQHandler                      0x080001bb   Thumb Code     0  startup_stm32f407xx.o(.text)
    TIM7_IRQHandler                          0x080001bb   Thumb Code     0  startup_stm32f407xx.o(.text)
    TIM8_BRK_TIM12_IRQHandler                0x080001bb   Thumb Code     0  startup_stm32f407xx.o(.text)
    TIM8_CC_IRQHandler                       0x080001bb   Thumb Code     0  startup_stm32f407xx.o(.text)
    TIM8_TRG_COM_TIM14_IRQHandler            0x080001bb   Thumb Code     0  startup_stm32f407xx.o(.text)
    TIM8_UP_TIM13_IRQHandler                 0x080001bb   Thumb Code     0  startup_stm32f407xx.o(.text)
    UART4_IRQHandler                         0x080001bb   Thumb Code     0  startup_stm32f407xx.o(.text)
    UART5_IRQHandler                         0x080001bb   Thumb Code     0  startup_stm32f407xx.o(.text)
    USART6_IRQHandler                        0x080001bb   Thumb Code     0  startup_stm32f407xx.o(.text)
    WWDG_IRQHandler                          0x080001bb   Thumb Code     0  startup_stm32f407xx.o(.text)
    __aeabi_uldivmod                         0x080001c5   Thumb Code    98  uldiv.o(.text)
    __aeabi_memset                           0x08000227   Thumb Code    14  memseta.o(.text)
    __aeabi_memset4                          0x08000227   Thumb Code     0  memseta.o(.text)
    __aeabi_memset8                          0x08000227   Thumb Code     0  memseta.o(.text)
    __aeabi_memclr                           0x08000235   Thumb Code     4  memseta.o(.text)
    __aeabi_memclr4                          0x08000235   Thumb Code     0  memseta.o(.text)
    __aeabi_memclr8                          0x08000235   Thumb Code     0  memseta.o(.text)
    _memset$wrapper                          0x08000239   Thumb Code    18  memseta.o(.text)
    __aeabi_dadd                             0x0800024b   Thumb Code   322  dadd.o(.text)
    __aeabi_dsub                             0x0800038d   Thumb Code     6  dadd.o(.text)
    __aeabi_drsub                            0x08000393   Thumb Code     6  dadd.o(.text)
    __aeabi_ddiv                             0x08000399   Thumb Code   222  ddiv.o(.text)
    __aeabi_i2d                              0x08000477   Thumb Code    34  dflti.o(.text)
    __aeabi_d2f                              0x08000499   Thumb Code    56  d2f.o(.text)
    __aeabi_llsl                             0x080004d1   Thumb Code    30  llshl.o(.text)
    _ll_shift_l                              0x080004d1   Thumb Code     0  llshl.o(.text)
    __aeabi_llsr                             0x080004ef   Thumb Code    32  llushr.o(.text)
    _ll_ushift_r                             0x080004ef   Thumb Code     0  llushr.o(.text)
    __aeabi_lasr                             0x0800050f   Thumb Code    36  llsshr.o(.text)
    _ll_sshift_r                             0x0800050f   Thumb Code     0  llsshr.o(.text)
    __I$use$fp                               0x08000533   Thumb Code     0  iusefp.o(.text)
    _float_round                             0x08000533   Thumb Code    18  fepilogue.o(.text)
    _float_epilogue                          0x08000545   Thumb Code    92  fepilogue.o(.text)
    _double_round                            0x080005a1   Thumb Code    30  depilogue.o(.text)
    _double_epilogue                         0x080005bf   Thumb Code   156  depilogue.o(.text)
    __scatterload                            0x0800065d   Thumb Code    28  init.o(.text)
    __scatterload_rt2                        0x0800065d   Thumb Code     0  init.o(.text)
    Back                                     0x080007a9   Thumb Code    20  l294n.o(i.Back)
    BusFault_Handler                         0x080007c1   Thumb Code     2  stm32f4xx_it.o(i.BusFault_Handler)
    DebugMon_Handler                         0x080007c3   Thumb Code     2  stm32f4xx_it.o(i.DebugMon_Handler)
    Error_Handler                            0x080007c5   Thumb Code     4  main.o(i.Error_Handler)
    Float_to_Byte                            0x080007c9   Thumb Code    20  vofa.o(i.Float_to_Byte)
    Forward                                  0x080007dd   Thumb Code    20  l294n.o(i.Forward)
    HAL_ADC_ConfigChannel                    0x080007f5   Thumb Code   316  stm32f4xx_hal_adc.o(i.HAL_ADC_ConfigChannel)
    HAL_ADC_Init                             0x08000941   Thumb Code    84  stm32f4xx_hal_adc.o(i.HAL_ADC_Init)
    HAL_ADC_MspInit                          0x08000995   Thumb Code    84  adc.o(i.HAL_ADC_MspInit)
    HAL_DMA_Abort                            0x080009f5   Thumb Code   146  stm32f4xx_hal_dma.o(i.HAL_DMA_Abort)
    HAL_DMA_Abort_IT                         0x08000a87   Thumb Code    36  stm32f4xx_hal_dma.o(i.HAL_DMA_Abort_IT)
    HAL_Delay                                0x08000aad   Thumb Code    32  stm32f4xx_hal.o(i.HAL_Delay)
    HAL_GPIO_Init                            0x08000ad1   Thumb Code   450  stm32f4xx_hal_gpio.o(i.HAL_GPIO_Init)
    HAL_GPIO_ReadPin                         0x08000cc1   Thumb Code    10  stm32f4xx_hal_gpio.o(i.HAL_GPIO_ReadPin)
    HAL_GPIO_TogglePin                       0x08000ccb   Thumb Code    16  stm32f4xx_hal_gpio.o(i.HAL_GPIO_TogglePin)
    HAL_GPIO_WritePin                        0x08000cdb   Thumb Code    10  stm32f4xx_hal_gpio.o(i.HAL_GPIO_WritePin)
    HAL_GetTick                              0x08000ce5   Thumb Code     6  stm32f4xx_hal.o(i.HAL_GetTick)
    HAL_I2C_Init                             0x08000cf1   Thumb Code   376  stm32f4xx_hal_i2c.o(i.HAL_I2C_Init)
    HAL_I2C_Mem_Write                        0x08000e79   Thumb Code   294  stm32f4xx_hal_i2c.o(i.HAL_I2C_Mem_Write)
    HAL_I2C_MspInit                          0x08000fa9   Thumb Code   208  i2c.o(i.HAL_I2C_MspInit)
    HAL_IncTick                              0x08001091   Thumb Code    12  stm32f4xx_hal.o(i.HAL_IncTick)
    HAL_Init                                 0x080010a1   Thumb Code    48  stm32f4xx_hal.o(i.HAL_Init)
    HAL_InitTick                             0x080010d5   Thumb Code    54  stm32f4xx_hal.o(i.HAL_InitTick)
    HAL_MspInit                              0x08001115   Thumb Code    42  stm32f4xx_hal_msp.o(i.HAL_MspInit)
    HAL_NVIC_EnableIRQ                       0x08001145   Thumb Code    26  stm32f4xx_hal_cortex.o(i.HAL_NVIC_EnableIRQ)
    HAL_NVIC_SetPriority                     0x08001161   Thumb Code    60  stm32f4xx_hal_cortex.o(i.HAL_NVIC_SetPriority)
    HAL_NVIC_SetPriorityGrouping             0x080011a1   Thumb Code    26  stm32f4xx_hal_cortex.o(i.HAL_NVIC_SetPriorityGrouping)
    HAL_RCC_ClockConfig                      0x080011c5   Thumb Code   288  stm32f4xx_hal_rcc.o(i.HAL_RCC_ClockConfig)
    HAL_RCC_GetPCLK1Freq                     0x080012f9   Thumb Code    20  stm32f4xx_hal_rcc.o(i.HAL_RCC_GetPCLK1Freq)
    HAL_RCC_GetPCLK2Freq                     0x08001319   Thumb Code    20  stm32f4xx_hal_rcc.o(i.HAL_RCC_GetPCLK2Freq)
    HAL_RCC_GetSysClockFreq                  0x08001339   Thumb Code    88  stm32f4xx_hal_rcc.o(i.HAL_RCC_GetSysClockFreq)
    HAL_RCC_OscConfig                        0x08001399   Thumb Code   856  stm32f4xx_hal_rcc.o(i.HAL_RCC_OscConfig)
    HAL_SYSTICK_Config                       0x08001705   Thumb Code    40  stm32f4xx_hal_cortex.o(i.HAL_SYSTICK_Config)
    HAL_TIMEx_BreakCallback                  0x0800172d   Thumb Code     2  stm32f4xx_hal_tim_ex.o(i.HAL_TIMEx_BreakCallback)
    HAL_TIMEx_CommutCallback                 0x0800172f   Thumb Code     2  stm32f4xx_hal_tim_ex.o(i.HAL_TIMEx_CommutCallback)
    HAL_TIMEx_MasterConfigSynchronization    0x08001731   Thumb Code   116  stm32f4xx_hal_tim_ex.o(i.HAL_TIMEx_MasterConfigSynchronization)
    HAL_TIM_Base_Init                        0x080017c1   Thumb Code    90  stm32f4xx_hal_tim.o(i.HAL_TIM_Base_Init)
    HAL_TIM_Base_MspInit                     0x0800181d   Thumb Code    72  tim.o(i.HAL_TIM_Base_MspInit)
    HAL_TIM_Base_Start                       0x0800186d   Thumb Code    90  stm32f4xx_hal_tim.o(i.HAL_TIM_Base_Start)
    HAL_TIM_Base_Start_IT                    0x080018e5   Thumb Code   100  stm32f4xx_hal_tim.o(i.HAL_TIM_Base_Start_IT)
    HAL_TIM_Base_Stop                        0x08001965   Thumb Code    38  stm32f4xx_hal_tim.o(i.HAL_TIM_Base_Stop)
    HAL_TIM_ConfigClockSource                0x0800198b   Thumb Code   220  stm32f4xx_hal_tim.o(i.HAL_TIM_ConfigClockSource)
    HAL_TIM_Encoder_Init                     0x08001a67   Thumb Code   164  stm32f4xx_hal_tim.o(i.HAL_TIM_Encoder_Init)
    HAL_TIM_Encoder_MspInit                  0x08001b0d   Thumb Code   140  tim.o(i.HAL_TIM_Encoder_MspInit)
    HAL_TIM_IC_CaptureCallback               0x08001bad   Thumb Code     2  stm32f4xx_hal_tim.o(i.HAL_TIM_IC_CaptureCallback)
    HAL_TIM_IRQHandler                       0x08001baf   Thumb Code   358  stm32f4xx_hal_tim.o(i.HAL_TIM_IRQHandler)
    HAL_TIM_MspPostInit                      0x08001d15   Thumb Code    68  tim.o(i.HAL_TIM_MspPostInit)
    HAL_TIM_OC_DelayElapsedCallback          0x08001d65   Thumb Code     2  stm32f4xx_hal_tim.o(i.HAL_TIM_OC_DelayElapsedCallback)
    HAL_TIM_PWM_ConfigChannel                0x08001d67   Thumb Code   204  stm32f4xx_hal_tim.o(i.HAL_TIM_PWM_ConfigChannel)
    HAL_TIM_PWM_Init                         0x08001e33   Thumb Code    90  stm32f4xx_hal_tim.o(i.HAL_TIM_PWM_Init)
    HAL_TIM_PWM_MspInit                      0x08001e8d   Thumb Code     2  stm32f4xx_hal_tim.o(i.HAL_TIM_PWM_MspInit)
    HAL_TIM_PWM_PulseFinishedCallback        0x08001e8f   Thumb Code     2  stm32f4xx_hal_tim.o(i.HAL_TIM_PWM_PulseFinishedCallback)
    HAL_TIM_PWM_Start                        0x08001e91   Thumb Code   172  stm32f4xx_hal_tim.o(i.HAL_TIM_PWM_Start)
    HAL_TIM_PeriodElapsedCallback            0x08001f59   Thumb Code    18  main.o(i.HAL_TIM_PeriodElapsedCallback)
    HAL_TIM_TriggerCallback                  0x08001f75   Thumb Code     2  stm32f4xx_hal_tim.o(i.HAL_TIM_TriggerCallback)
    HAL_UARTEx_RxEventCallback               0x08001f77   Thumb Code     2  stm32f4xx_hal_uart.o(i.HAL_UARTEx_RxEventCallback)
    HAL_UART_ErrorCallback                   0x08001f79   Thumb Code     2  stm32f4xx_hal_uart.o(i.HAL_UART_ErrorCallback)
    HAL_UART_GetState                        0x08001f7b   Thumb Code    10  stm32f4xx_hal_uart.o(i.HAL_UART_GetState)
    HAL_UART_IRQHandler                      0x08001f85   Thumb Code   610  stm32f4xx_hal_uart.o(i.HAL_UART_IRQHandler)
    HAL_UART_Init                            0x080021ed   Thumb Code    98  stm32f4xx_hal_uart.o(i.HAL_UART_Init)
    HAL_UART_MspInit                         0x08002251   Thumb Code   322  usart.o(i.HAL_UART_MspInit)
    HAL_UART_Receive_IT                      0x080023b5   Thumb Code    42  stm32f4xx_hal_uart.o(i.HAL_UART_Receive_IT)
    HAL_UART_RxCpltCallback                  0x080023e1   Thumb Code   488  vofa.o(i.HAL_UART_RxCpltCallback)
    HAL_UART_Transmit                        0x08002609   Thumb Code   178  stm32f4xx_hal_uart.o(i.HAL_UART_Transmit)
    HAL_UART_TxCpltCallback                  0x080026bb   Thumb Code     2  stm32f4xx_hal_uart.o(i.HAL_UART_TxCpltCallback)
    HardFault_Handler                        0x080026bd   Thumb Code     2  stm32f4xx_it.o(i.HardFault_Handler)
    Left                                     0x0800292d   Thumb Code    18  l294n.o(i.Left)
    MPU_Get_Temperature                      0x08002945   Thumb Code    78  mpu6050.o(i.MPU_Get_Temperature)
    MPU_IIC_Ack                              0x080029a9   Thumb Code    78  mpuiic.o(i.MPU_IIC_Ack)
    MPU_IIC_Init                             0x080029fd   Thumb Code    96  mpuiic.o(i.MPU_IIC_Init)
    MPU_IIC_NAck                             0x08002a65   Thumb Code    58  mpuiic.o(i.MPU_IIC_NAck)
    MPU_IIC_Read_Byte                        0x08002aa5   Thumb Code   100  mpuiic.o(i.MPU_IIC_Read_Byte)
    MPU_IIC_Send_Byte                        0x08002b0d   Thumb Code    92  mpuiic.o(i.MPU_IIC_Send_Byte)
    MPU_IIC_Start                            0x08002b6d   Thumb Code    70  mpuiic.o(i.MPU_IIC_Start)
    MPU_IIC_Stop                             0x08002bb9   Thumb Code    60  mpuiic.o(i.MPU_IIC_Stop)
    MPU_IIC_Wait_Ack                         0x08002bf9   Thumb Code   100  mpuiic.o(i.MPU_IIC_Wait_Ack)
    MPU_Init                                 0x08002c61   Thumb Code   128  mpu6050.o(i.MPU_Init)
    MPU_Read_Byte                            0x08002ce5   Thumb Code    58  mpu6050.o(i.MPU_Read_Byte)
    MPU_Read_Len                             0x08002d21   Thumb Code   108  mpu6050.o(i.MPU_Read_Len)
    MPU_Set_Accel_Fsr                        0x08002d8d   Thumb Code    10  mpu6050.o(i.MPU_Set_Accel_Fsr)
    MPU_Set_Gyro_Fsr                         0x08002d97   Thumb Code    10  mpu6050.o(i.MPU_Set_Gyro_Fsr)
    MPU_Set_LPF                              0x08002da1   Thumb Code    48  mpu6050.o(i.MPU_Set_LPF)
    MPU_Set_Rate                             0x08002dd1   Thumb Code    46  mpu6050.o(i.MPU_Set_Rate)
    MPU_Write_Byte                           0x08002dff   Thumb Code    60  mpu6050.o(i.MPU_Write_Byte)
    MX_ADC1_Init                             0x08002e3d   Thumb Code    88  adc.o(i.MX_ADC1_Init)
    MX_GPIO_Init                             0x08002ea1   Thumb Code   272  gpio.o(i.MX_GPIO_Init)
    MX_I2C1_Init                             0x08002fc5   Thumb Code    50  i2c.o(i.MX_I2C1_Init)
    MX_I2C3_Init                             0x08003005   Thumb Code    50  i2c.o(i.MX_I2C3_Init)
    MX_TIM2_Init                             0x08003045   Thumb Code    96  tim.o(i.MX_TIM2_Init)
    MX_TIM3_Init                             0x080030a9   Thumb Code   160  tim.o(i.MX_TIM3_Init)
    MX_TIM4_Init                             0x08003151   Thumb Code    98  tim.o(i.MX_TIM4_Init)
    MX_TIM5_Init                             0x080031bd   Thumb Code    98  tim.o(i.MX_TIM5_Init)
    MX_USART1_UART_Init                      0x08003229   Thumb Code    48  usart.o(i.MX_USART1_UART_Init)
    MX_USART2_UART_Init                      0x08003261   Thumb Code    48  usart.o(i.MX_USART2_UART_Init)
    MX_USART3_UART_Init                      0x08003299   Thumb Code    48  usart.o(i.MX_USART3_UART_Init)
    MX_USART6_UART_Init                      0x080032d1   Thumb Code    48  usart.o(i.MX_USART6_UART_Init)
    MemManage_Handler                        0x08003309   Thumb Code     2  stm32f4xx_it.o(i.MemManage_Handler)
    NMI_Handler                              0x0800330b   Thumb Code     2  stm32f4xx_it.o(i.NMI_Handler)
    OLED_Clear                               0x0800330d   Thumb Code    52  oled.o(i.OLED_Clear)
    OLED_Init                                0x08003341   Thumb Code    16  oled.o(i.OLED_Init)
    OLED_Set_Pos                             0x08003351   Thumb Code    34  oled.o(i.OLED_Set_Pos)
    OLED_ShowChar                            0x08003375   Thumb Code   126  oled.o(i.OLED_ShowChar)
    OLED_ShowNum                             0x080033fd   Thumb Code   106  oled.o(i.OLED_ShowNum)
    OLED_Showdecimal                         0x08003467   Thumb Code   248  oled.o(i.OLED_Showdecimal)
    OLED_WR_CMD                              0x08003561   Thumb Code    32  oled.o(i.OLED_WR_CMD)
    OLED_WR_DATA                             0x08003585   Thumb Code    32  oled.o(i.OLED_WR_DATA)
    PID_init                                 0x080035a9   Thumb Code    64  pid.o(i.PID_init)
    PendSV_Handler                           0x080035fd   Thumb Code     2  stm32f4xx_it.o(i.PendSV_Handler)
    Reset                                    0x08003601   Thumb Code    22  l294n.o(i.Reset)
    Right                                    0x0800361d   Thumb Code    18  l294n.o(i.Right)
    SVC_Handler                              0x08003635   Thumb Code     2  stm32f4xx_it.o(i.SVC_Handler)
    Send_Data                                0x08003637   Thumb Code   110  vofa.o(i.Send_Data)
    Send_Tail                                0x080036a5   Thumb Code   106  vofa.o(i.Send_Tail)
    SysTick_Handler                          0x08003715   Thumb Code     4  stm32f4xx_it.o(i.SysTick_Handler)
    SystemClock_Config                       0x08003719   Thumb Code   142  main.o(i.SystemClock_Config)
    SystemInit                               0x080037b1   Thumb Code    12  system_stm32f4xx.o(i.SystemInit)
    TIM2_IRQHandler                          0x080037c1   Thumb Code     6  stm32f4xx_it.o(i.TIM2_IRQHandler)
    TIM_Base_SetConfig                       0x080037cd   Thumb Code   156  stm32f4xx_hal_tim.o(i.TIM_Base_SetConfig)
    TIM_CCxChannelCmd                        0x08003895   Thumb Code    26  stm32f4xx_hal_tim.o(i.TIM_CCxChannelCmd)
    TIM_ETR_SetConfig                        0x080038af   Thumb Code    20  stm32f4xx_hal_tim.o(i.TIM_ETR_SetConfig)
    TIM_OC2_SetConfig                        0x08003935   Thumb Code    98  stm32f4xx_hal_tim.o(i.TIM_OC2_SetConfig)
    UART_Start_Receive_IT                    0x08003cc9   Thumb Code    58  stm32f4xx_hal_uart.o(i.UART_Start_Receive_IT)
    USART1_IRQHandler                        0x08003d7d   Thumb Code     6  stm32f4xx_it.o(i.USART1_IRQHandler)
    USART2_IRQHandler                        0x08003d89   Thumb Code     6  stm32f4xx_it.o(i.USART2_IRQHandler)
    USART3_IRQHandler                        0x08003d95   Thumb Code     6  stm32f4xx_it.o(i.USART3_IRQHandler)
    UsageFault_Handler                       0x08003da1   Thumb Code     2  stm32f4xx_it.o(i.UsageFault_Handler)
    WriteCmd                                 0x08003da5   Thumb Code    42  oled.o(i.WriteCmd)
    __scatterload_copy                       0x08003df9   Thumb Code    14  handlers.o(i.__scatterload_copy)
    __scatterload_null                       0x08003e07   Thumb Code     2  handlers.o(i.__scatterload_null)
    __scatterload_zeroinit                   0x08003e09   Thumb Code    14  handlers.o(i.__scatterload_zeroinit)
    delaynus_tim                             0x08003e19   Thumb Code    44  delay.o(i.delaynus_tim)
    main                                     0x08003e49   Thumb Code   570  main.o(i.main)
    oled_pow                                 0x080040b9   Thumb Code    16  oled.o(i.oled_pow)
    vodka_JustFloat_send                     0x080040c9   Thumb Code    50  vofa.o(i.vodka_JustFloat_send)
    F6x8                                     0x08004108   Data         552  oled.o(.constdata)
    F8X16                                    0x08004330   Data        1504  oled.o(.constdata)
    Hzk                                      0x08004910   Data        5888  oled.o(.constdata)
    BMP                                      0x08006010   Data        2048  oled.o(.constdata)
    AHBPrescTable                            0x08006810   Data          16  system_stm32f4xx.o(.constdata)
    APBPrescTable                            0x08006820   Data           8  system_stm32f4xx.o(.constdata)
    Region$$Table$$Base                      0x08006828   Number         0  anon$$obj.o(Region$$Table)
    Region$$Table$$Limit                     0x08006848   Number         0  anon$$obj.o(Region$$Table)
    USART1_RX_STA                            0x20000000   Data           2  bluetooth.o(.data)
    USART1_NewData                           0x20000002   Data           1  bluetooth.o(.data)
    CMD_Data                                 0x20000003   Data          27  oled.o(.data)
    RxState                                  0x20000020   Data           1  vofa.o(.data)
    RxState3                                 0x20000021   Data           1  vofa.o(.data)
    rx_cnt                                   0x20000022   Data           1  vofa.o(.data)
    num                                      0x20000023   Data           1  vofa.o(.data)
    pinum                                    0x20000024   Data           1  vofa.o(.data)
    pinum2                                   0x20000025   Data           1  vofa.o(.data)
    pinum3                                   0x20000026   Data           1  vofa.o(.data)
    pinum4                                   0x20000027   Data           1  vofa.o(.data)
    pinum5                                   0x20000028   Data           1  vofa.o(.data)
    rx_buff                                  0x20000029   Data           1  vofa.o(.data)
    vofa_i                                   0x2000002c   Data           4  vofa.o(.data)
    vofa_I                                   0x20000030   Data           4  vofa.o(.data)
    vofa_float                               0x20000034   Data           4  vofa.o(.data)
    num2                                     0x20000038   Data           1  vofa.o(.data)
    num3                                     0x20000039   Data           1  vofa.o(.data)
    USART3_RX_STA                            0x2000003a   Data           2  raspi.o(.data)
    USART3_NewData                           0x2000003c   Data           1  raspi.o(.data)
    b                                        0x20000040   Data           4  main.o(.data)
    set_Speed                                0x20000044   Data           4  main.o(.data)
    t                                        0x20000048   Data           4  main.o(.data)
    temperature                              0x2000004c   Data           4  main.o(.data)
    uwTickFreq                               0x20000050   Data           1  stm32f4xx_hal.o(.data)
    uwTickPrio                               0x20000054   Data           4  stm32f4xx_hal.o(.data)
    uwTick                                   0x20000058   Data           4  stm32f4xx_hal.o(.data)
    SystemCoreClock                          0x2000005c   Data           4  system_stm32f4xx.o(.data)
    USART1_RX_BUF                            0x20000060   Data         200  bluetooth.o(.bss)
    pidMotor1Speed                           0x20000128   Data          32  pid.o(.bss)
    rx_string                                0x20000148   Data         256  vofa.o(.bss)
    shujv                                    0x20000248   Data          12  vofa.o(.bss)
    USART3_RX_BUF                            0x20000254   Data         200  raspi.o(.bss)
    hadc1                                    0x2000031c   Data          72  adc.o(.bss)
    hi2c1                                    0x20000364   Data          84  i2c.o(.bss)
    hi2c3                                    0x200003b8   Data          84  i2c.o(.bss)
    htim2                                    0x2000040c   Data          72  tim.o(.bss)
    htim3                                    0x20000454   Data          72  tim.o(.bss)
    htim4                                    0x2000049c   Data          72  tim.o(.bss)
    htim5                                    0x200004e4   Data          72  tim.o(.bss)
    huart1                                   0x2000052c   Data          68  usart.o(.bss)
    huart2                                   0x20000570   Data          68  usart.o(.bss)
    huart3                                   0x200005b4   Data          68  usart.o(.bss)
    huart6                                   0x200005f8   Data          68  usart.o(.bss)
    __initial_sp                             0x20000a40   Data           0  startup_stm32f407xx.o(STACK)



==============================================================================

Memory Map of the image

  Image Entry point : 0x08000189

  Load Region LR_IROM1 (Base: 0x08000000, Size: 0x000068a8, Max: 0x00080000, ABSOLUTE)

    Execution Region ER_IROM1 (Exec base: 0x08000000, Load base: 0x08000000, Size: 0x00006848, Max: 0x00080000, ABSOLUTE)

    Exec Addr    Load Addr    Size         Type   Attr      Idx    E Section Name        Object

    0x08000000   0x08000000   0x00000188   Data   RO            3    RESET               startup_stm32f407xx.o
    0x08000188   0x08000188   0x00000000   Code   RO         4524  * .ARM.Collect$$$$00000000  mc_w.l(entry.o)
    0x08000188   0x08000188   0x00000004   Code   RO         4594    .ARM.Collect$$$$00000001  mc_w.l(entry2.o)
    0x0800018c   0x0800018c   0x00000004   Code   RO         4597    .ARM.Collect$$$$00000004  mc_w.l(entry5.o)
    0x08000190   0x08000190   0x00000000   Code   RO         4599    .ARM.Collect$$$$00000008  mc_w.l(entry7b.o)
    0x08000190   0x08000190   0x00000000   Code   RO         4601    .ARM.Collect$$$$0000000A  mc_w.l(entry8b.o)
    0x08000190   0x08000190   0x00000008   Code   RO         4602    .ARM.Collect$$$$0000000B  mc_w.l(entry9a.o)
    0x08000198   0x08000198   0x00000004   Code   RO         4609    .ARM.Collect$$$$0000000E  mc_w.l(entry12b.o)
    0x0800019c   0x0800019c   0x00000000   Code   RO         4604    .ARM.Collect$$$$0000000F  mc_w.l(entry10a.o)
    0x0800019c   0x0800019c   0x00000000   Code   RO         4606    .ARM.Collect$$$$00000011  mc_w.l(entry11a.o)
    0x0800019c   0x0800019c   0x00000004   Code   RO         4595    .ARM.Collect$$$$00002712  mc_w.l(entry2.o)
    0x080001a0   0x080001a0   0x00000024   Code   RO            4    .text               startup_stm32f407xx.o
    0x080001c4   0x080001c4   0x00000062   Code   RO         4527    .text               mc_w.l(uldiv.o)
    0x08000226   0x08000226   0x00000024   Code   RO         4529    .text               mc_w.l(memseta.o)
    0x0800024a   0x0800024a   0x0000014e   Code   RO         4531    .text               mf_w.l(dadd.o)
    0x08000398   0x08000398   0x000000de   Code   RO         4535    .text               mf_w.l(ddiv.o)
    0x08000476   0x08000476   0x00000022   Code   RO         4537    .text               mf_w.l(dflti.o)
    0x08000498   0x08000498   0x00000038   Code   RO         4541    .text               mf_w.l(d2f.o)
    0x080004d0   0x080004d0   0x0000001e   Code   RO         4610    .text               mc_w.l(llshl.o)
    0x080004ee   0x080004ee   0x00000020   Code   RO         4612    .text               mc_w.l(llushr.o)
    0x0800050e   0x0800050e   0x00000024   Code   RO         4614    .text               mc_w.l(llsshr.o)
    0x08000532   0x08000532   0x00000000   Code   RO         4623    .text               mc_w.l(iusefp.o)
    0x08000532   0x08000532   0x0000006e   Code   RO         4624    .text               mf_w.l(fepilogue.o)
    0x080005a0   0x080005a0   0x000000ba   Code   RO         4626    .text               mf_w.l(depilogue.o)
    0x0800065a   0x0800065a   0x00000002   PAD
    0x0800065c   0x0800065c   0x00000024   Code   RO         4632    .text               mc_w.l(init.o)
    0x08000680   0x08000680   0x00000128   Code   RO         1269    i.ADC_Init          stm32f4xx_hal_adc.o
    0x080007a8   0x080007a8   0x00000018   Code   RO          210    i.Back              l294n.o
    0x080007c0   0x080007c0   0x00000002   Code   RO         1142    i.BusFault_Handler  stm32f4xx_it.o
    0x080007c2   0x080007c2   0x00000002   Code   RO         1143    i.DebugMon_Handler  stm32f4xx_it.o
    0x080007c4   0x080007c4   0x00000004   Code   RO          824    i.Error_Handler     main.o
    0x080007c8   0x080007c8   0x00000014   Code   RO          448    i.Float_to_Byte     vofa.o
    0x080007dc   0x080007dc   0x00000018   Code   RO          211    i.Forward           l294n.o
    0x080007f4   0x080007f4   0x0000014c   Code   RO         1271    i.HAL_ADC_ConfigChannel  stm32f4xx_hal_adc.o
    0x08000940   0x08000940   0x00000054   Code   RO         1280    i.HAL_ADC_Init      stm32f4xx_hal_adc.o
    0x08000994   0x08000994   0x00000060   Code   RO          915    i.HAL_ADC_MspInit   adc.o
    0x080009f4   0x080009f4   0x00000092   Code   RO         2013    i.HAL_DMA_Abort     stm32f4xx_hal_dma.o
    0x08000a86   0x08000a86   0x00000024   Code   RO         2014    i.HAL_DMA_Abort_IT  stm32f4xx_hal_dma.o
    0x08000aaa   0x08000aaa   0x00000002   PAD
    0x08000aac   0x08000aac   0x00000024   Code   RO         2432    i.HAL_Delay         stm32f4xx_hal.o
    0x08000ad0   0x08000ad0   0x000001f0   Code   RO         1906    i.HAL_GPIO_Init     stm32f4xx_hal_gpio.o
    0x08000cc0   0x08000cc0   0x0000000a   Code   RO         1908    i.HAL_GPIO_ReadPin  stm32f4xx_hal_gpio.o
    0x08000cca   0x08000cca   0x00000010   Code   RO         1909    i.HAL_GPIO_TogglePin  stm32f4xx_hal_gpio.o
    0x08000cda   0x08000cda   0x0000000a   Code   RO         1910    i.HAL_GPIO_WritePin  stm32f4xx_hal_gpio.o
    0x08000ce4   0x08000ce4   0x0000000c   Code   RO         2438    i.HAL_GetTick       stm32f4xx_hal.o
    0x08000cf0   0x08000cf0   0x00000188   Code   RO         2694    i.HAL_I2C_Init      stm32f4xx_hal_i2c.o
    0x08000e78   0x08000e78   0x00000130   Code   RO         2715    i.HAL_I2C_Mem_Write  stm32f4xx_hal_i2c.o
    0x08000fa8   0x08000fa8   0x000000e8   Code   RO          957    i.HAL_I2C_MspInit   i2c.o
    0x08001090   0x08001090   0x00000010   Code   RO         2444    i.HAL_IncTick       stm32f4xx_hal.o
    0x080010a0   0x080010a0   0x00000034   Code   RO         2445    i.HAL_Init          stm32f4xx_hal.o
    0x080010d4   0x080010d4   0x00000040   Code   RO         2446    i.HAL_InitTick      stm32f4xx_hal.o
    0x08001114   0x08001114   0x00000030   Code   RO         1242    i.HAL_MspInit       stm32f4xx_hal_msp.o
    0x08001144   0x08001144   0x0000001a   Code   RO         2295    i.HAL_NVIC_EnableIRQ  stm32f4xx_hal_cortex.o
    0x0800115e   0x0800115e   0x00000002   PAD
    0x08001160   0x08001160   0x00000040   Code   RO         2301    i.HAL_NVIC_SetPriority  stm32f4xx_hal_cortex.o
    0x080011a0   0x080011a0   0x00000024   Code   RO         2302    i.HAL_NVIC_SetPriorityGrouping  stm32f4xx_hal_cortex.o
    0x080011c4   0x080011c4   0x00000134   Code   RO         1552    i.HAL_RCC_ClockConfig  stm32f4xx_hal_rcc.o
    0x080012f8   0x080012f8   0x00000020   Code   RO         1559    i.HAL_RCC_GetPCLK1Freq  stm32f4xx_hal_rcc.o
    0x08001318   0x08001318   0x00000020   Code   RO         1560    i.HAL_RCC_GetPCLK2Freq  stm32f4xx_hal_rcc.o
    0x08001338   0x08001338   0x00000060   Code   RO         1561    i.HAL_RCC_GetSysClockFreq  stm32f4xx_hal_rcc.o
    0x08001398   0x08001398   0x0000036c   Code   RO         1564    i.HAL_RCC_OscConfig  stm32f4xx_hal_rcc.o
    0x08001704   0x08001704   0x00000028   Code   RO         2306    i.HAL_SYSTICK_Config  stm32f4xx_hal_cortex.o
    0x0800172c   0x0800172c   0x00000002   Code   RO         3839    i.HAL_TIMEx_BreakCallback  stm32f4xx_hal_tim_ex.o
    0x0800172e   0x0800172e   0x00000002   Code   RO         3840    i.HAL_TIMEx_CommutCallback  stm32f4xx_hal_tim_ex.o
    0x08001730   0x08001730   0x00000090   Code   RO         3858    i.HAL_TIMEx_MasterConfigSynchronization  stm32f4xx_hal_tim_ex.o
    0x080017c0   0x080017c0   0x0000005a   Code   RO         3135    i.HAL_TIM_Base_Init  stm32f4xx_hal_tim.o
    0x0800181a   0x0800181a   0x00000002   PAD
    0x0800181c   0x0800181c   0x00000050   Code   RO         1005    i.HAL_TIM_Base_MspInit  tim.o
    0x0800186c   0x0800186c   0x00000078   Code   RO         3138    i.HAL_TIM_Base_Start  stm32f4xx_hal_tim.o
    0x080018e4   0x080018e4   0x00000080   Code   RO         3140    i.HAL_TIM_Base_Start_IT  stm32f4xx_hal_tim.o
    0x08001964   0x08001964   0x00000026   Code   RO         3141    i.HAL_TIM_Base_Stop  stm32f4xx_hal_tim.o
    0x0800198a   0x0800198a   0x000000dc   Code   RO         3144    i.HAL_TIM_ConfigClockSource  stm32f4xx_hal_tim.o
    0x08001a66   0x08001a66   0x000000a4   Code   RO         3156    i.HAL_TIM_Encoder_Init  stm32f4xx_hal_tim.o
    0x08001b0a   0x08001b0a   0x00000002   PAD
    0x08001b0c   0x08001b0c   0x000000a0   Code   RO         1007    i.HAL_TIM_Encoder_MspInit  tim.o
    0x08001bac   0x08001bac   0x00000002   Code   RO         3169    i.HAL_TIM_IC_CaptureCallback  stm32f4xx_hal_tim.o
    0x08001bae   0x08001bae   0x00000166   Code   RO         3183    i.HAL_TIM_IRQHandler  stm32f4xx_hal_tim.o
    0x08001d14   0x08001d14   0x00000050   Code   RO         1008    i.HAL_TIM_MspPostInit  tim.o
    0x08001d64   0x08001d64   0x00000002   Code   RO         3186    i.HAL_TIM_OC_DelayElapsedCallback  stm32f4xx_hal_tim.o
    0x08001d66   0x08001d66   0x000000cc   Code   RO         3207    i.HAL_TIM_PWM_ConfigChannel  stm32f4xx_hal_tim.o
    0x08001e32   0x08001e32   0x0000005a   Code   RO         3210    i.HAL_TIM_PWM_Init  stm32f4xx_hal_tim.o
    0x08001e8c   0x08001e8c   0x00000002   Code   RO         3212    i.HAL_TIM_PWM_MspInit  stm32f4xx_hal_tim.o
    0x08001e8e   0x08001e8e   0x00000002   Code   RO         3213    i.HAL_TIM_PWM_PulseFinishedCallback  stm32f4xx_hal_tim.o
    0x08001e90   0x08001e90   0x000000c8   Code   RO         3215    i.HAL_TIM_PWM_Start  stm32f4xx_hal_tim.o
    0x08001f58   0x08001f58   0x0000001c   Code   RO          825    i.HAL_TIM_PeriodElapsedCallback  main.o
    0x08001f74   0x08001f74   0x00000002   Code   RO         3226    i.HAL_TIM_TriggerCallback  stm32f4xx_hal_tim.o
    0x08001f76   0x08001f76   0x00000002   Code   RO         4117    i.HAL_UARTEx_RxEventCallback  stm32f4xx_hal_uart.o
    0x08001f78   0x08001f78   0x00000002   Code   RO         4131    i.HAL_UART_ErrorCallback  stm32f4xx_hal_uart.o
    0x08001f7a   0x08001f7a   0x0000000a   Code   RO         4133    i.HAL_UART_GetState  stm32f4xx_hal_uart.o
    0x08001f84   0x08001f84   0x00000268   Code   RO         4134    i.HAL_UART_IRQHandler  stm32f4xx_hal_uart.o
    0x080021ec   0x080021ec   0x00000062   Code   RO         4135    i.HAL_UART_Init     stm32f4xx_hal_uart.o
    0x0800224e   0x0800224e   0x00000002   PAD
    0x08002250   0x08002250   0x00000164   Code   RO         1083    i.HAL_UART_MspInit  usart.o
    0x080023b4   0x080023b4   0x0000002a   Code   RO         4140    i.HAL_UART_Receive_IT  stm32f4xx_hal_uart.o
    0x080023de   0x080023de   0x00000002   PAD
    0x080023e0   0x080023e0   0x00000228   Code   RO          449    i.HAL_UART_RxCpltCallback  vofa.o
    0x08002608   0x08002608   0x000000b2   Code   RO         4143    i.HAL_UART_Transmit  stm32f4xx_hal_uart.o
    0x080026ba   0x080026ba   0x00000002   Code   RO         4146    i.HAL_UART_TxCpltCallback  stm32f4xx_hal_uart.o
    0x080026bc   0x080026bc   0x00000002   Code   RO         1144    i.HardFault_Handler  stm32f4xx_it.o
    0x080026be   0x080026be   0x0000002e   Code   RO         2736    i.I2C_IsAcknowledgeFailed  stm32f4xx_hal_i2c.o
    0x080026ec   0x080026ec   0x000000a8   Code   RO         2747    i.I2C_RequestMemoryWrite  stm32f4xx_hal_i2c.o
    0x08002794   0x08002794   0x0000004c   Code   RO         2751    i.I2C_WaitOnBTFFlagUntilTimeout  stm32f4xx_hal_i2c.o
    0x080027e0   0x080027e0   0x00000068   Code   RO         2752    i.I2C_WaitOnFlagUntilTimeout  stm32f4xx_hal_i2c.o
    0x08002848   0x08002848   0x00000096   Code   RO         2753    i.I2C_WaitOnMasterAddressFlagUntilTimeout  stm32f4xx_hal_i2c.o
    0x080028de   0x080028de   0x0000004c   Code   RO         2755    i.I2C_WaitOnTXEFlagUntilTimeout  stm32f4xx_hal_i2c.o
    0x0800292a   0x0800292a   0x00000002   PAD
    0x0800292c   0x0800292c   0x00000018   Code   RO          212    i.Left              l294n.o
    0x08002944   0x08002944   0x00000064   Code   RO          626    i.MPU_Get_Temperature  mpu6050.o
    0x080029a8   0x080029a8   0x00000054   Code   RO          713    i.MPU_IIC_Ack       mpuiic.o
    0x080029fc   0x080029fc   0x00000068   Code   RO          714    i.MPU_IIC_Init      mpuiic.o
    0x08002a64   0x08002a64   0x00000040   Code   RO          715    i.MPU_IIC_NAck      mpuiic.o
    0x08002aa4   0x08002aa4   0x00000068   Code   RO          716    i.MPU_IIC_Read_Byte  mpuiic.o
    0x08002b0c   0x08002b0c   0x00000060   Code   RO          717    i.MPU_IIC_Send_Byte  mpuiic.o
    0x08002b6c   0x08002b6c   0x0000004c   Code   RO          718    i.MPU_IIC_Start     mpuiic.o
    0x08002bb8   0x08002bb8   0x00000040   Code   RO          719    i.MPU_IIC_Stop      mpuiic.o
    0x08002bf8   0x08002bf8   0x00000068   Code   RO          720    i.MPU_IIC_Wait_Ack  mpuiic.o
    0x08002c60   0x08002c60   0x00000084   Code   RO          627    i.MPU_Init          mpu6050.o
    0x08002ce4   0x08002ce4   0x0000003a   Code   RO          628    i.MPU_Read_Byte     mpu6050.o
    0x08002d1e   0x08002d1e   0x00000002   PAD
    0x08002d20   0x08002d20   0x0000006c   Code   RO          629    i.MPU_Read_Len      mpu6050.o
    0x08002d8c   0x08002d8c   0x0000000a   Code   RO          630    i.MPU_Set_Accel_Fsr  mpu6050.o
    0x08002d96   0x08002d96   0x0000000a   Code   RO          631    i.MPU_Set_Gyro_Fsr  mpu6050.o
    0x08002da0   0x08002da0   0x00000030   Code   RO          632    i.MPU_Set_LPF       mpu6050.o
    0x08002dd0   0x08002dd0   0x0000002e   Code   RO          633    i.MPU_Set_Rate      mpu6050.o
    0x08002dfe   0x08002dfe   0x0000003c   Code   RO          634    i.MPU_Write_Byte    mpu6050.o
    0x08002e3a   0x08002e3a   0x00000002   PAD
    0x08002e3c   0x08002e3c   0x00000064   Code   RO          916    i.MX_ADC1_Init      adc.o
    0x08002ea0   0x08002ea0   0x00000124   Code   RO          890    i.MX_GPIO_Init      gpio.o
    0x08002fc4   0x08002fc4   0x00000040   Code   RO          958    i.MX_I2C1_Init      i2c.o
    0x08003004   0x08003004   0x00000040   Code   RO          959    i.MX_I2C3_Init      i2c.o
    0x08003044   0x08003044   0x00000064   Code   RO         1009    i.MX_TIM2_Init      tim.o
    0x080030a8   0x080030a8   0x000000a8   Code   RO         1010    i.MX_TIM3_Init      tim.o
    0x08003150   0x08003150   0x0000006c   Code   RO         1011    i.MX_TIM4_Init      tim.o
    0x080031bc   0x080031bc   0x0000006c   Code   RO         1012    i.MX_TIM5_Init      tim.o
    0x08003228   0x08003228   0x00000038   Code   RO         1084    i.MX_USART1_UART_Init  usart.o
    0x08003260   0x08003260   0x00000038   Code   RO         1085    i.MX_USART2_UART_Init  usart.o
    0x08003298   0x08003298   0x00000038   Code   RO         1086    i.MX_USART3_UART_Init  usart.o
    0x080032d0   0x080032d0   0x00000038   Code   RO         1087    i.MX_USART6_UART_Init  usart.o
    0x08003308   0x08003308   0x00000002   Code   RO         1145    i.MemManage_Handler  stm32f4xx_it.o
    0x0800330a   0x0800330a   0x00000002   Code   RO         1146    i.NMI_Handler       stm32f4xx_it.o
    0x0800330c   0x0800330c   0x00000034   Code   RO          264    i.OLED_Clear        oled.o
    0x08003340   0x08003340   0x00000010   Code   RO          268    i.OLED_Init         oled.o
    0x08003350   0x08003350   0x00000022   Code   RO          270    i.OLED_Set_Pos      oled.o
    0x08003372   0x08003372   0x00000002   PAD
    0x08003374   0x08003374   0x00000088   Code   RO          272    i.OLED_ShowChar     oled.o
    0x080033fc   0x080033fc   0x0000006a   Code   RO          273    i.OLED_ShowNum      oled.o
    0x08003466   0x08003466   0x000000f8   Code   RO          277    i.OLED_Showdecimal  oled.o
    0x0800355e   0x0800355e   0x00000002   PAD
    0x08003560   0x08003560   0x00000024   Code   RO          278    i.OLED_WR_CMD       oled.o
    0x08003584   0x08003584   0x00000024   Code   RO          279    i.OLED_WR_DATA      oled.o
    0x080035a8   0x080035a8   0x00000054   Code   RO          398    i.PID_init          pid.o
    0x080035fc   0x080035fc   0x00000002   Code   RO         1147    i.PendSV_Handler    stm32f4xx_it.o
    0x080035fe   0x080035fe   0x00000002   PAD
    0x08003600   0x08003600   0x0000001c   Code   RO          213    i.Reset             l294n.o
    0x0800361c   0x0800361c   0x00000018   Code   RO          214    i.Right             l294n.o
    0x08003634   0x08003634   0x00000002   Code   RO         1148    i.SVC_Handler       stm32f4xx_it.o
    0x08003636   0x08003636   0x0000006e   Code   RO          450    i.Send_Data         vofa.o
    0x080036a4   0x080036a4   0x00000070   Code   RO          451    i.Send_Tail         vofa.o
    0x08003714   0x08003714   0x00000004   Code   RO         1149    i.SysTick_Handler   stm32f4xx_it.o
    0x08003718   0x08003718   0x00000098   Code   RO          826    i.SystemClock_Config  main.o
    0x080037b0   0x080037b0   0x00000010   Code   RO         4464    i.SystemInit        system_stm32f4xx.o
    0x080037c0   0x080037c0   0x0000000c   Code   RO         1150    i.TIM2_IRQHandler   stm32f4xx_it.o
    0x080037cc   0x080037cc   0x000000c8   Code   RO         3228    i.TIM_Base_SetConfig  stm32f4xx_hal_tim.o
    0x08003894   0x08003894   0x0000001a   Code   RO         3229    i.TIM_CCxChannelCmd  stm32f4xx_hal_tim.o
    0x080038ae   0x080038ae   0x00000014   Code   RO         3239    i.TIM_ETR_SetConfig  stm32f4xx_hal_tim.o
    0x080038c2   0x080038c2   0x00000010   Code   RO         3240    i.TIM_ITRx_SetConfig  stm32f4xx_hal_tim.o
    0x080038d2   0x080038d2   0x00000002   PAD
    0x080038d4   0x080038d4   0x00000060   Code   RO         3241    i.TIM_OC1_SetConfig  stm32f4xx_hal_tim.o
    0x08003934   0x08003934   0x0000006c   Code   RO         3242    i.TIM_OC2_SetConfig  stm32f4xx_hal_tim.o
    0x080039a0   0x080039a0   0x00000068   Code   RO         3243    i.TIM_OC3_SetConfig  stm32f4xx_hal_tim.o
    0x08003a08   0x08003a08   0x00000050   Code   RO         3244    i.TIM_OC4_SetConfig  stm32f4xx_hal_tim.o
    0x08003a58   0x08003a58   0x00000022   Code   RO         3246    i.TIM_TI1_ConfigInputStage  stm32f4xx_hal_tim.o
    0x08003a7a   0x08003a7a   0x00000024   Code   RO         3248    i.TIM_TI2_ConfigInputStage  stm32f4xx_hal_tim.o
    0x08003a9e   0x08003a9e   0x00000010   Code   RO         4148    i.UART_DMAAbortOnError  stm32f4xx_hal_uart.o
    0x08003aae   0x08003aae   0x0000004e   Code   RO         4158    i.UART_EndRxTransfer  stm32f4xx_hal_uart.o
    0x08003afc   0x08003afc   0x000000c0   Code   RO         4160    i.UART_Receive_IT   stm32f4xx_hal_uart.o
    0x08003bbc   0x08003bbc   0x0000010c   Code   RO         4161    i.UART_SetConfig    stm32f4xx_hal_uart.o
    0x08003cc8   0x08003cc8   0x0000003a   Code   RO         4163    i.UART_Start_Receive_IT  stm32f4xx_hal_uart.o
    0x08003d02   0x08003d02   0x00000078   Code   RO         4164    i.UART_WaitOnFlagUntilTimeout  stm32f4xx_hal_uart.o
    0x08003d7a   0x08003d7a   0x00000002   PAD
    0x08003d7c   0x08003d7c   0x0000000c   Code   RO         1151    i.USART1_IRQHandler  stm32f4xx_it.o
    0x08003d88   0x08003d88   0x0000000c   Code   RO         1152    i.USART2_IRQHandler  stm32f4xx_it.o
    0x08003d94   0x08003d94   0x0000000c   Code   RO         1153    i.USART3_IRQHandler  stm32f4xx_it.o
    0x08003da0   0x08003da0   0x00000002   Code   RO         1154    i.UsageFault_Handler  stm32f4xx_it.o
    0x08003da2   0x08003da2   0x00000002   PAD
    0x08003da4   0x08003da4   0x00000034   Code   RO          280    i.WriteCmd          oled.o
    0x08003dd8   0x08003dd8   0x00000020   Code   RO         2308    i.__NVIC_SetPriority  stm32f4xx_hal_cortex.o
    0x08003df8   0x08003df8   0x0000000e   Code   RO         4638    i.__scatterload_copy  mc_w.l(handlers.o)
    0x08003e06   0x08003e06   0x00000002   Code   RO         4639    i.__scatterload_null  mc_w.l(handlers.o)
    0x08003e08   0x08003e08   0x0000000e   Code   RO         4640    i.__scatterload_zeroinit  mc_w.l(handlers.o)
    0x08003e16   0x08003e16   0x00000002   PAD
    0x08003e18   0x08003e18   0x00000030   Code   RO          785    i.delaynus_tim      delay.o
    0x08003e48   0x08003e48   0x00000270   Code   RO          827    i.main              main.o
    0x080040b8   0x080040b8   0x00000010   Code   RO          281    i.oled_pow          oled.o
    0x080040c8   0x080040c8   0x00000040   Code   RO          452    i.vodka_JustFloat_send  vofa.o
    0x08004108   0x08004108   0x00002708   Data   RO          282    .constdata          oled.o
    0x08006810   0x08006810   0x00000010   Data   RO         4465    .constdata          system_stm32f4xx.o
    0x08006820   0x08006820   0x00000008   Data   RO         4466    .constdata          system_stm32f4xx.o
    0x08006828   0x08006828   0x00000020   Data   RO         4636    Region$$Table       anon$$obj.o


    Execution Region RW_IRAM1 (Exec base: 0x20000000, Load base: 0x08006848, Size: 0x00000a40, Max: 0x0001c000, ABSOLUTE)

    Exec Addr    Load Addr    Size         Type   Attr      Idx    E Section Name        Object

    0x20000000   0x08006848   0x00000002   Data   RW           14    .data               bluetooth.o
    0x20000002   0x0800684a   0x00000001   Data   RW           15    .data               bluetooth.o
    0x20000003   0x0800684b   0x0000001b   Data   RW          283    .data               oled.o
    0x2000001e   0x08006866   0x00000002   PAD
    0x20000020   0x08006868   0x00000018   Data   RW          454    .data               vofa.o
    0x20000038   0x08006880   0x00000001   Data   RW          455    .data               vofa.o
    0x20000039   0x08006881   0x00000001   Data   RW          456    .data               vofa.o
    0x2000003a   0x08006882   0x00000002   Data   RW          533    .data               raspi.o
    0x2000003c   0x08006884   0x00000001   Data   RW          534    .data               raspi.o
    0x2000003d   0x08006885   0x00000003   PAD
    0x20000040   0x08006888   0x00000004   Data   RW          831    .data               main.o
    0x20000044   0x0800688c   0x00000004   Data   RW          832    .data               main.o
    0x20000048   0x08006890   0x00000004   Data   RW          834    .data               main.o
    0x2000004c   0x08006894   0x00000004   Data   RW          835    .data               main.o
    0x20000050   0x08006898   0x0000000c   Data   RW         2452    .data               stm32f4xx_hal.o
    0x2000005c   0x080068a4   0x00000004   Data   RW         4467    .data               system_stm32f4xx.o
    0x20000060        -       0x000000c8   Zero   RW           13    .bss                bluetooth.o
    0x20000128        -       0x00000020   Zero   RW          402    .bss                pid.o
    0x20000148        -       0x0000010c   Zero   RW          453    .bss                vofa.o
    0x20000254        -       0x000000c8   Zero   RW          532    .bss                raspi.o
    0x2000031c        -       0x00000048   Zero   RW          917    .bss                adc.o
    0x20000364        -       0x000000a8   Zero   RW          960    .bss                i2c.o
    0x2000040c        -       0x00000120   Zero   RW         1013    .bss                tim.o
    0x2000052c        -       0x00000110   Zero   RW         1088    .bss                usart.o
    0x2000063c   0x080068a8   0x00000004   PAD
    0x20000640        -       0x00000400   Zero   RW            1    STACK               startup_stm32f407xx.o


    Execution Region RW_IRAM2 (Exec base: 0x2001c000, Load base: 0x080068a8, Size: 0x00000000, Max: 0x00004000, ABSOLUTE)

    **** No section assigned to this execution region ****


==============================================================================

Image component sizes


      Code (inc. data)   RO Data    RW Data    ZI Data      Debug   Object Name

       196         24          0          0         72       1793   adc.o
         0          0          0          3        200     713441   bluetooth.o
         0          0          0          0          0        420   convert.o
        48          4          0          0          0        603   delay.o
       292         20          0          0          0       1131   gpio.o
       360         52          0          0        168       2526   i2c.o
       124         26          0          0          0       2296   l294n.o
       808         74          0         16          0       3753   main.o
       572         26          0          0          0       6051   mpu6050.o
       696         42          0          0          0       5734   mpuiic.o
       732         28       9992         27          0       8093   oled.o
        84         20          0          0         32       1369   pid.o
         0          0          0          3        200        621   raspi.o
        36          8        392          0       1024        856   startup_stm32f407xx.o
       180         28          0         12          0       9593   stm32f4xx_hal.o
       712         28          0          0          0       2975   stm32f4xx_hal_adc.o
       198         14          0          0          0      34083   stm32f4xx_hal_cortex.o
       182          0          0          0          0       2171   stm32f4xx_hal_dma.o
       532         46          0          0          0       3616   stm32f4xx_hal_gpio.o
      1316         32          0          0          0       9639   stm32f4xx_hal_i2c.o
        48          6          0          0          0        906   stm32f4xx_hal_msp.o
      1344         72          0          0          0       5376   stm32f4xx_hal_rcc.o
      2342        166          0          0          0      19674   stm32f4xx_hal_tim.o
       148         28          0          0          0       2545   stm32f4xx_hal_tim_ex.o
      1682         16          0          0          0      12368   stm32f4xx_hal_uart.o
        68         24          0          0          0       6332   stm32f4xx_it.o
        16          4         24          4          0       1199   system_stm32f4xx.o
       804         72          0          0        288       5441   tim.o
       580         66          0          0        272       3997   usart.o
       858         84          0         26        268       4789   vofa.o

    ----------------------------------------------------------------------
     14988       1010      10440         96       2528     873391   Object Totals
         0          0         32          0          0          0   (incl. Generated)
        30          0          0          5          4          0   (incl. Padding)

    ----------------------------------------------------------------------

      Code (inc. data)   RO Data    RW Data    ZI Data      Debug   Library Member Name

         0          0          0          0          0          0   entry.o
         0          0          0          0          0          0   entry10a.o
         0          0          0          0          0          0   entry11a.o
         4          0          0          0          0          0   entry12b.o
         8          4          0          0          0          0   entry2.o
         4          0          0          0          0          0   entry5.o
         0          0          0          0          0          0   entry7b.o
         0          0          0          0          0          0   entry8b.o
         8          4          0          0          0          0   entry9a.o
        30          0          0          0          0          0   handlers.o
        36          8          0          0          0         68   init.o
         0          0          0          0          0          0   iusefp.o
        30          0          0          0          0         68   llshl.o
        36          0          0          0          0         68   llsshr.o
        32          0          0          0          0         68   llushr.o
        36          0          0          0          0        108   memseta.o
        98          0          0          0          0         92   uldiv.o
        56          0          0          0          0         88   d2f.o
       334          0          0          0          0        148   dadd.o
       222          0          0          0          0        100   ddiv.o
       186          0          0          0          0        176   depilogue.o
        34          0          0          0          0         76   dflti.o
       110          0          0          0          0        168   fepilogue.o

    ----------------------------------------------------------------------
      1268         16          0          0          0       1228   Library Totals
         4          0          0          0          0          0   (incl. Padding)

    ----------------------------------------------------------------------

      Code (inc. data)   RO Data    RW Data    ZI Data      Debug   Library Name

       322         16          0          0          0        472   mc_w.l
       942          0          0          0          0        756   mf_w.l

    ----------------------------------------------------------------------
      1268         16          0          0          0       1228   Library Totals

    ----------------------------------------------------------------------

==============================================================================


      Code (inc. data)   RO Data    RW Data    ZI Data      Debug   

     16256       1026      10440         96       2528     860203   Grand Totals
     16256       1026      10440         96       2528     860203   ELF Image Totals
     16256       1026      10440         96          0          0   ROM Totals

==============================================================================

    Total RO  Size (Code + RO Data)                26696 (  26.07kB)
    Total RW  Size (RW Data + ZI Data)              2624 (   2.56kB)
    Total ROM Size (Code + RO Data + RW Data)      26792 (  26.16kB)

==============================================================================

